2025-12-28 11:07:38.369 [info] [main] Log level: Info
2025-12-28 11:07:38.369 [info] [main] Validating found git in: "git"
2025-12-28 11:07:38.369 [info] [main] Using git "2.52.0" from "git"
2025-12-28 11:07:38.369 [info] [Model][doInitialScan] Initial repository scan started
2025-12-28 11:07:38.369 [info] > git rev-parse --show-toplevel [7ms]
2025-12-28 11:07:38.369 [info] fatal: not a git repository (or any parent up to mount point /)
Stopping at filesystem boundary (GIT_DISCOVERY_ACROSS_FILESYSTEM not set).
2025-12-28 11:07:38.369 [info] > git rev-parse --show-toplevel [4ms]
2025-12-28 11:07:38.369 [info] fatal: not a git repository (or any parent up to mount point /)
Stopping at filesystem boundary (GIT_DISCOVERY_ACROSS_FILESYSTEM not set).
2025-12-28 11:07:38.369 [info] > git rev-parse --show-toplevel [1ms]
2025-12-28 11:07:38.369 [info] fatal: not a git repository (or any parent up to mount point /)
Stopping at filesystem boundary (GIT_DISCOVERY_ACROSS_FILESYSTEM not set).
2025-12-28 11:07:38.369 [info] > git rev-parse --show-toplevel [1ms]
2025-12-28 11:07:38.369 [info] fatal: not a git repository (or any parent up to mount point /)
Stopping at filesystem boundary (GIT_DISCOVERY_ACROSS_FILESYSTEM not set).
2025-12-28 11:07:38.369 [info] > git rev-parse --show-toplevel [1ms]
2025-12-28 11:07:38.369 [info] fatal: not a git repository (or any parent up to mount point /)
Stopping at filesystem boundary (GIT_DISCOVERY_ACROSS_FILESYSTEM not set).
2025-12-28 11:07:38.369 [info] [Model][doInitialScan] Initial repository scan completed - repositories (0), closed repositories (0), parent repositories (0), unsafe repositories (0)
2025-12-28 11:07:38.512 [info] > git rev-parse --show-toplevel [1ms]
2025-12-28 11:07:38.512 [info] fatal: not a git repository (or any parent up to mount point /)
Stopping at filesystem boundary (GIT_DISCOVERY_ACROSS_FILESYSTEM not set).
2025-12-28 11:07:39.584 [info] > git rev-parse --show-toplevel [1ms]
2025-12-28 11:07:39.584 [info] fatal: not a git repository (or any parent up to mount point /)
Stopping at filesystem boundary (GIT_DISCOVERY_ACROSS_FILESYSTEM not set).
2025-12-28 11:07:56.589 [info] > git rev-parse --show-toplevel [2ms]
2025-12-28 11:07:56.589 [info] fatal: not a git repository (or any parent up to mount point /)
Stopping at filesystem boundary (GIT_DISCOVERY_ACROSS_FILESYSTEM not set).
2025-12-28 11:08:03.573 [info] > git rev-parse --show-toplevel [1ms]
2025-12-28 11:08:03.573 [info] fatal: not a git repository (or any parent up to mount point /)
Stopping at filesystem boundary (GIT_DISCOVERY_ACROSS_FILESYSTEM not set).
2025-12-28 11:09:26.291 [info] > git rev-parse --show-toplevel [1ms]
2025-12-28 11:09:26.291 [info] fatal: not a git repository (or any parent up to mount point /)
Stopping at filesystem boundary (GIT_DISCOVERY_ACROSS_FILESYSTEM not set).
2025-12-28 11:11:38.617 [info] > git rev-parse --show-toplevel [1ms]
2025-12-28 11:11:38.617 [info] fatal: not a git repository (or any parent up to mount point /)
Stopping at filesystem boundary (GIT_DISCOVERY_ACROSS_FILESYSTEM not set).
2025-12-28 11:11:43.677 [info] > git rev-parse --show-toplevel [2ms]
2025-12-28 11:11:43.677 [info] fatal: not a git repository (or any parent up to mount point /)
Stopping at filesystem boundary (GIT_DISCOVERY_ACROSS_FILESYSTEM not set).
2025-12-28 11:11:50.611 [info] > git rev-parse --show-toplevel [1ms]
2025-12-28 11:11:50.611 [info] fatal: not a git repository (or any parent up to mount point /)
Stopping at filesystem boundary (GIT_DISCOVERY_ACROSS_FILESYSTEM not set).
2025-12-28 11:18:30.487 [info] > git rev-parse --show-toplevel [1ms]
2025-12-28 11:18:30.487 [info] fatal: not a git repository (or any parent up to mount point /)
Stopping at filesystem boundary (GIT_DISCOVERY_ACROSS_FILESYSTEM not set).
2025-12-28 11:23:21.439 [info] > git rev-parse --show-toplevel [1ms]
2025-12-28 11:23:21.439 [info] fatal: not a git repository (or any parent up to mount point /)
Stopping at filesystem boundary (GIT_DISCOVERY_ACROSS_FILESYSTEM not set).
2025-12-28 11:23:29.620 [info] > git rev-parse --show-toplevel [1ms]
2025-12-28 11:23:29.620 [info] fatal: not a git repository (or any parent up to mount point /)
Stopping at filesystem boundary (GIT_DISCOVERY_ACROSS_FILESYSTEM not set).
2025-12-28 11:25:21.352 [info] > git rev-parse --show-toplevel [0ms]
2025-12-28 11:25:21.353 [info] fatal: not a git repository (or any parent up to mount point /)
Stopping at filesystem boundary (GIT_DISCOVERY_ACROSS_FILESYSTEM not set).
2025-12-28 11:25:25.784 [info] > git rev-parse --show-toplevel [1ms]
2025-12-28 11:25:25.784 [info] fatal: not a git repository (or any parent up to mount point /)
Stopping at filesystem boundary (GIT_DISCOVERY_ACROSS_FILESYSTEM not set).
2025-12-28 11:25:27.091 [info] > git rev-parse --show-toplevel [1ms]
2025-12-28 11:25:27.091 [info] fatal: not a git repository (or any parent up to mount point /)
Stopping at filesystem boundary (GIT_DISCOVERY_ACROSS_FILESYSTEM not set).
2025-12-28 11:25:27.530 [info] > git rev-parse --show-toplevel [0ms]
2025-12-28 11:25:27.530 [info] fatal: not a git repository (or any parent up to mount point /)
Stopping at filesystem boundary (GIT_DISCOVERY_ACROSS_FILESYSTEM not set).
2025-12-28 11:25:28.372 [info] > git rev-parse --show-toplevel [1ms]
2025-12-28 11:25:28.372 [info] fatal: not a git repository (or any parent up to mount point /)
Stopping at filesystem boundary (GIT_DISCOVERY_ACROSS_FILESYSTEM not set).
2025-12-28 11:25:30.539 [info] > git rev-parse --show-toplevel [0ms]
2025-12-28 11:25:30.540 [info] fatal: not a git repository (or any parent up to mount point /)
Stopping at filesystem boundary (GIT_DISCOVERY_ACROSS_FILESYSTEM not set).
2025-12-28 11:28:45.907 [info] > git rev-parse --show-toplevel [1ms]
2025-12-28 11:28:45.907 [info] fatal: not a git repository (or any parent up to mount point /)
Stopping at filesystem boundary (GIT_DISCOVERY_ACROSS_FILESYSTEM not set).
2025-12-28 11:28:58.381 [info] > git rev-parse --show-toplevel [1ms]
2025-12-28 11:28:58.381 [info] fatal: not a git repository (or any parent up to mount point /)
Stopping at filesystem boundary (GIT_DISCOVERY_ACROSS_FILESYSTEM not set).
2025-12-28 11:34:59.693 [info] > git rev-parse --show-toplevel [1ms]
2025-12-28 11:34:59.693 [info] fatal: not a git repository (or any parent up to mount point /)
Stopping at filesystem boundary (GIT_DISCOVERY_ACROSS_FILESYSTEM not set).
2025-12-28 11:35:05.144 [info] > git rev-parse --show-toplevel [1ms]
2025-12-28 11:35:05.144 [info] fatal: not a git repository (or any parent up to mount point /)
Stopping at filesystem boundary (GIT_DISCOVERY_ACROSS_FILESYSTEM not set).
2025-12-28 11:35:07.799 [info] > git rev-parse --show-toplevel [0ms]
2025-12-28 11:35:07.799 [info] fatal: not a git repository (or any parent up to mount point /)
Stopping at filesystem boundary (GIT_DISCOVERY_ACROSS_FILESYSTEM not set).
2025-12-28 11:35:10.284 [info] > git rev-parse --show-toplevel [1ms]
2025-12-28 11:35:10.284 [info] fatal: not a git repository (or any parent up to mount point /)
Stopping at filesystem boundary (GIT_DISCOVERY_ACROSS_FILESYSTEM not set).
2025-12-28 11:35:11.588 [info] > git rev-parse --show-toplevel [1ms]
2025-12-28 11:35:11.588 [info] fatal: not a git repository (or any parent up to mount point /)
Stopping at filesystem boundary (GIT_DISCOVERY_ACROSS_FILESYSTEM not set).
2025-12-28 11:36:33.917 [info] > git rev-parse --show-toplevel [1ms]
2025-12-28 11:36:33.917 [info] fatal: not a git repository (or any parent up to mount point /)
Stopping at filesystem boundary (GIT_DISCOVERY_ACROSS_FILESYSTEM not set).
2025-12-28 11:36:41.161 [info] > git rev-parse --show-toplevel [1ms]
2025-12-28 11:36:41.161 [info] fatal: not a git repository (or any parent up to mount point /)
Stopping at filesystem boundary (GIT_DISCOVERY_ACROSS_FILESYSTEM not set).
2025-12-28 11:36:46.360 [info] > git rev-parse --show-toplevel [1ms]
2025-12-28 11:36:46.360 [info] fatal: not a git repository (or any parent up to mount point /)
Stopping at filesystem boundary (GIT_DISCOVERY_ACROSS_FILESYSTEM not set).
2025-12-28 11:36:56.352 [info] > git rev-parse --show-toplevel [1ms]
2025-12-28 11:36:56.352 [info] fatal: not a git repository (or any parent up to mount point /)
Stopping at filesystem boundary (GIT_DISCOVERY_ACROSS_FILESYSTEM not set).
2025-12-28 11:37:13.373 [info] > git rev-parse --show-toplevel [1ms]
2025-12-28 11:37:13.373 [info] fatal: not a git repository (or any parent up to mount point /)
Stopping at filesystem boundary (GIT_DISCOVERY_ACROSS_FILESYSTEM not set).
2025-12-28 11:37:18.753 [info] > git rev-parse --show-toplevel [1ms]
2025-12-28 11:37:18.753 [info] fatal: not a git repository (or any parent up to mount point /)
Stopping at filesystem boundary (GIT_DISCOVERY_ACROSS_FILESYSTEM not set).
2025-12-28 11:37:28.027 [info] > git rev-parse --show-toplevel [1ms]
2025-12-28 11:37:28.027 [info] fatal: not a git repository (or any parent up to mount point /)
Stopping at filesystem boundary (GIT_DISCOVERY_ACROSS_FILESYSTEM not set).
2025-12-28 11:37:33.144 [info] > git rev-parse --show-toplevel [0ms]
2025-12-28 11:37:33.145 [info] fatal: not a git repository (or any parent up to mount point /)
Stopping at filesystem boundary (GIT_DISCOVERY_ACROSS_FILESYSTEM not set).
2025-12-28 11:37:35.812 [info] > git rev-parse --show-toplevel [1ms]
2025-12-28 11:37:35.812 [info] fatal: not a git repository (or any parent up to mount point /)
Stopping at filesystem boundary (GIT_DISCOVERY_ACROSS_FILESYSTEM not set).
2025-12-28 11:37:46.416 [info] > git rev-parse --show-toplevel [1ms]
2025-12-28 11:37:46.416 [info] fatal: not a git repository (or any parent up to mount point /)
Stopping at filesystem boundary (GIT_DISCOVERY_ACROSS_FILESYSTEM not set).
2025-12-28 11:37:51.496 [info] > git rev-parse --show-toplevel [1ms]
2025-12-28 11:37:51.496 [info] fatal: not a git repository (or any parent up to mount point /)
Stopping at filesystem boundary (GIT_DISCOVERY_ACROSS_FILESYSTEM not set).
2025-12-28 11:37:59.895 [info] > git rev-parse --show-toplevel [1ms]
2025-12-28 11:37:59.895 [info] fatal: not a git repository (or any parent up to mount point /)
Stopping at filesystem boundary (GIT_DISCOVERY_ACROSS_FILESYSTEM not set).
2025-12-28 11:38:02.032 [info] > git rev-parse --show-toplevel [0ms]
2025-12-28 11:38:02.032 [info] fatal: not a git repository (or any parent up to mount point /)
Stopping at filesystem boundary (GIT_DISCOVERY_ACROSS_FILESYSTEM not set).
2025-12-28 11:38:04.189 [info] > git rev-parse --show-toplevel [1ms]
2025-12-28 11:38:04.189 [info] fatal: not a git repository (or any parent up to mount point /)
Stopping at filesystem boundary (GIT_DISCOVERY_ACROSS_FILESYSTEM not set).
