2025-12-24 09:11:15.822 [info] [main] Log level: Info
2025-12-24 09:11:15.822 [info] [main] Validating found git in: "git"
2025-12-24 09:11:15.822 [info] [main] Using git "2.52.0" from "git"
2025-12-24 09:11:15.822 [info] [Model][doInitialScan] Initial repository scan started
2025-12-24 09:11:15.822 [info] > git rev-parse --show-toplevel [22ms]
2025-12-24 09:11:15.822 [info] fatal: not a git repository (or any parent up to mount point /)
Stopping at filesystem boundary (GIT_DISCOVERY_ACROSS_FILESYSTEM not set).
2025-12-24 09:11:15.822 [info] > git rev-parse --show-toplevel [8ms]
2025-12-24 09:11:15.822 [info] fatal: not a git repository (or any parent up to mount point /)
Stopping at filesystem boundary (GIT_DISCOVERY_ACROSS_FILESYSTEM not set).
2025-12-24 09:11:15.822 [info] > git rev-parse --show-toplevel [7ms]
2025-12-24 09:11:15.822 [info] fatal: not a git repository (or any parent up to mount point /)
Stopping at filesystem boundary (GIT_DISCOVERY_ACROSS_FILESYSTEM not set).
2025-12-24 09:11:15.822 [info] > git rev-parse --show-toplevel [4ms]
2025-12-24 09:11:15.822 [info] fatal: not a git repository (or any parent up to mount point /)
Stopping at filesystem boundary (GIT_DISCOVERY_ACROSS_FILESYSTEM not set).
2025-12-24 09:11:15.822 [info] [Model][doInitialScan] Initial repository scan completed - repositories (0), closed repositories (0), parent repositories (0), unsafe repositories (0)
2025-12-24 09:11:15.822 [info] > git rev-parse --show-toplevel [3ms]
2025-12-24 09:11:15.822 [info] fatal: not a git repository (or any parent up to mount point /)
Stopping at filesystem boundary (GIT_DISCOVERY_ACROSS_FILESYSTEM not set).
2025-12-24 09:11:15.825 [info] > git rev-parse --show-toplevel [3ms]
2025-12-24 09:11:15.825 [info] fatal: not a git repository (or any parent up to mount point /)
Stopping at filesystem boundary (GIT_DISCOVERY_ACROSS_FILESYSTEM not set).
2025-12-24 09:11:16.874 [info] > git rev-parse --show-toplevel [5ms]
2025-12-24 09:11:16.874 [info] fatal: not a git repository (or any parent up to mount point /)
Stopping at filesystem boundary (GIT_DISCOVERY_ACROSS_FILESYSTEM not set).
2025-12-24 09:11:17.349 [info] > git rev-parse --show-toplevel [26ms]
2025-12-24 09:11:17.349 [info] fatal: not a git repository (or any parent up to mount point /)
Stopping at filesystem boundary (GIT_DISCOVERY_ACROSS_FILESYSTEM not set).
2025-12-24 09:11:17.545 [info] > git rev-parse --show-toplevel [2ms]
2025-12-24 09:11:17.545 [info] fatal: not a git repository (or any parent up to mount point /)
Stopping at filesystem boundary (GIT_DISCOVERY_ACROSS_FILESYSTEM not set).
2025-12-24 09:11:29.881 [info] [main] Log level: Info
2025-12-24 09:11:29.881 [info] [main] Validating found git in: "git"
2025-12-24 09:11:29.881 [info] [main] Using git "2.52.0" from "git"
2025-12-24 09:11:29.881 [info] [Model][doInitialScan] Initial repository scan started
2025-12-24 09:11:29.881 [info] > git rev-parse --show-toplevel [5ms]
2025-12-24 09:11:29.881 [info] fatal: not a git repository (or any parent up to mount point /)
Stopping at filesystem boundary (GIT_DISCOVERY_ACROSS_FILESYSTEM not set).
2025-12-24 09:11:29.881 [info] > git rev-parse --show-toplevel [3ms]
2025-12-24 09:11:29.881 [info] fatal: not a git repository (or any parent up to mount point /)
Stopping at filesystem boundary (GIT_DISCOVERY_ACROSS_FILESYSTEM not set).
2025-12-24 09:11:29.881 [info] > git rev-parse --show-toplevel [52ms]
2025-12-24 09:11:29.881 [info] fatal: not a git repository (or any parent up to mount point /)
Stopping at filesystem boundary (GIT_DISCOVERY_ACROSS_FILESYSTEM not set).
2025-12-24 09:11:29.881 [info] [Model][doInitialScan] Initial repository scan completed - repositories (0), closed repositories (0), parent repositories (0), unsafe repositories (0)
2025-12-24 09:11:29.916 [info] > git rev-parse --show-toplevel [2ms]
2025-12-24 09:11:29.916 [info] fatal: not a git repository (or any parent up to mount point /)
Stopping at filesystem boundary (GIT_DISCOVERY_ACROSS_FILESYSTEM not set).
2025-12-24 09:11:30.466 [info] > git rev-parse --show-toplevel [2ms]
2025-12-24 09:11:30.466 [info] fatal: not a git repository (or any parent up to mount point /)
Stopping at filesystem boundary (GIT_DISCOVERY_ACROSS_FILESYSTEM not set).
2025-12-24 09:11:36.292 [info] > git rev-parse --show-toplevel [2ms]
2025-12-24 09:11:36.292 [info] fatal: not a git repository (or any parent up to mount point /)
Stopping at filesystem boundary (GIT_DISCOVERY_ACROSS_FILESYSTEM not set).
2025-12-24 09:12:07.857 [info] > git rev-parse --show-toplevel [3ms]
2025-12-24 09:12:07.857 [info] fatal: not a git repository (or any parent up to mount point /)
Stopping at filesystem boundary (GIT_DISCOVERY_ACROSS_FILESYSTEM not set).
2025-12-24 10:00:48.778 [info] > git rev-parse --show-toplevel [0ms]
2025-12-24 10:00:48.778 [info] fatal: not a git repository (or any parent up to mount point /)
Stopping at filesystem boundary (GIT_DISCOVERY_ACROSS_FILESYSTEM not set).
2025-12-24 10:26:29.092 [info] > git rev-parse --show-toplevel [1ms]
2025-12-24 10:26:29.092 [info] fatal: not a git repository (or any parent up to mount point /)
Stopping at filesystem boundary (GIT_DISCOVERY_ACROSS_FILESYSTEM not set).
2025-12-24 10:26:32.263 [info] > git rev-parse --show-toplevel [1ms]
2025-12-24 10:26:32.263 [info] fatal: not a git repository (or any parent up to mount point /)
Stopping at filesystem boundary (GIT_DISCOVERY_ACROSS_FILESYSTEM not set).
2025-12-24 10:27:35.005 [info] > git rev-parse --show-toplevel [1ms]
2025-12-24 10:27:35.005 [info] fatal: not a git repository (or any parent up to mount point /)
Stopping at filesystem boundary (GIT_DISCOVERY_ACROSS_FILESYSTEM not set).
2025-12-24 10:30:16.685 [info] > git rev-parse --show-toplevel [1ms]
2025-12-24 10:30:16.685 [info] fatal: not a git repository (or any parent up to mount point /)
Stopping at filesystem boundary (GIT_DISCOVERY_ACROSS_FILESYSTEM not set).
2025-12-24 10:34:07.655 [info] > git rev-parse --show-toplevel [1ms]
2025-12-24 10:34:07.655 [info] fatal: not a git repository (or any parent up to mount point /)
Stopping at filesystem boundary (GIT_DISCOVERY_ACROSS_FILESYSTEM not set).
2025-12-24 10:34:09.135 [info] > git rev-parse --show-toplevel [0ms]
2025-12-24 10:34:09.136 [info] fatal: not a git repository (or any parent up to mount point /)
Stopping at filesystem boundary (GIT_DISCOVERY_ACROSS_FILESYSTEM not set).
2025-12-24 10:34:10.293 [info] > git rev-parse --show-toplevel [1ms]
2025-12-24 10:34:10.293 [info] fatal: not a git repository (or any parent up to mount point /)
Stopping at filesystem boundary (GIT_DISCOVERY_ACROSS_FILESYSTEM not set).
2025-12-24 10:34:14.921 [info] > git rev-parse --show-toplevel [0ms]
2025-12-24 10:34:14.921 [info] fatal: not a git repository (or any parent up to mount point /)
Stopping at filesystem boundary (GIT_DISCOVERY_ACROSS_FILESYSTEM not set).
2025-12-24 10:34:17.947 [info] > git rev-parse --show-toplevel [1ms]
2025-12-24 10:34:17.947 [info] fatal: not a git repository (or any parent up to mount point /)
Stopping at filesystem boundary (GIT_DISCOVERY_ACROSS_FILESYSTEM not set).
2025-12-24 10:34:38.518 [info] > git rev-parse --show-toplevel [1ms]
2025-12-24 10:34:38.518 [info] fatal: not a git repository (or any parent up to mount point /)
Stopping at filesystem boundary (GIT_DISCOVERY_ACROSS_FILESYSTEM not set).
2025-12-24 10:34:41.990 [info] > git rev-parse --show-toplevel [1ms]
2025-12-24 10:34:41.990 [info] fatal: not a git repository (or any parent up to mount point /)
Stopping at filesystem boundary (GIT_DISCOVERY_ACROSS_FILESYSTEM not set).
2025-12-24 11:19:43.640 [info] > git rev-parse --show-toplevel [2ms]
2025-12-24 11:19:43.640 [info] fatal: not a git repository (or any parent up to mount point /)
Stopping at filesystem boundary (GIT_DISCOVERY_ACROSS_FILESYSTEM not set).
2025-12-24 11:19:46.486 [info] > git rev-parse --show-toplevel [1ms]
2025-12-24 11:19:46.486 [info] fatal: not a git repository (or any parent up to mount point /)
Stopping at filesystem boundary (GIT_DISCOVERY_ACROSS_FILESYSTEM not set).
2025-12-24 11:19:53.024 [info] > git rev-parse --show-toplevel [1ms]
2025-12-24 11:19:53.024 [info] fatal: not a git repository (or any parent up to mount point /)
Stopping at filesystem boundary (GIT_DISCOVERY_ACROSS_FILESYSTEM not set).
2025-12-24 11:25:26.684 [info] > git rev-parse --show-toplevel [1ms]
2025-12-24 11:25:26.684 [info] fatal: not a git repository (or any of the parent directories): .git
2025-12-24 11:25:37.516 [info] > git rev-parse --show-toplevel [1ms]
2025-12-24 11:25:37.516 [info] fatal: not a git repository (or any parent up to mount point /)
Stopping at filesystem boundary (GIT_DISCOVERY_ACROSS_FILESYSTEM not set).
2025-12-24 11:34:08.429 [info] > git rev-parse --show-toplevel [1ms]
2025-12-24 11:34:08.429 [info] fatal: not a git repository (or any parent up to mount point /)
Stopping at filesystem boundary (GIT_DISCOVERY_ACROSS_FILESYSTEM not set).
2025-12-24 11:34:44.089 [info] > git rev-parse --show-toplevel [1ms]
2025-12-24 11:34:44.089 [info] fatal: not a git repository (or any parent up to mount point /)
Stopping at filesystem boundary (GIT_DISCOVERY_ACROSS_FILESYSTEM not set).
2025-12-24 11:37:33.780 [info] > git rev-parse --show-toplevel [1ms]
2025-12-24 11:37:33.780 [info] fatal: not a git repository (or any parent up to mount point /)
Stopping at filesystem boundary (GIT_DISCOVERY_ACROSS_FILESYSTEM not set).
2025-12-24 11:37:44.561 [info] > git rev-parse --show-toplevel [1ms]
2025-12-24 11:37:44.561 [info] fatal: not a git repository (or any parent up to mount point /)
Stopping at filesystem boundary (GIT_DISCOVERY_ACROSS_FILESYSTEM not set).
2025-12-24 11:40:55.962 [info] > git rev-parse --show-toplevel [0ms]
2025-12-24 11:40:55.962 [info] fatal: not a git repository (or any parent up to mount point /)
Stopping at filesystem boundary (GIT_DISCOVERY_ACROSS_FILESYSTEM not set).
2025-12-24 11:43:58.528 [info] > git rev-parse --show-toplevel [1ms]
2025-12-24 11:43:58.528 [info] fatal: not a git repository (or any parent up to mount point /)
Stopping at filesystem boundary (GIT_DISCOVERY_ACROSS_FILESYSTEM not set).
2025-12-24 11:46:20.688 [info] > git rev-parse --show-toplevel [1ms]
2025-12-24 11:46:20.688 [info] fatal: not a git repository (or any parent up to mount point /)
Stopping at filesystem boundary (GIT_DISCOVERY_ACROSS_FILESYSTEM not set).
2025-12-24 11:47:31.276 [info] > git rev-parse --show-toplevel [1ms]
2025-12-24 11:47:31.276 [info] fatal: not a git repository (or any parent up to mount point /)
Stopping at filesystem boundary (GIT_DISCOVERY_ACROSS_FILESYSTEM not set).
2025-12-24 11:54:14.744 [info] > git rev-parse --show-toplevel [1ms]
2025-12-24 11:54:14.744 [info] fatal: not a git repository (or any parent up to mount point /)
Stopping at filesystem boundary (GIT_DISCOVERY_ACROSS_FILESYSTEM not set).
2025-12-24 11:54:21.125 [info] > git rev-parse --show-toplevel [1ms]
2025-12-24 11:54:21.125 [info] fatal: not a git repository (or any parent up to mount point /)
Stopping at filesystem boundary (GIT_DISCOVERY_ACROSS_FILESYSTEM not set).
2025-12-24 11:54:56.883 [info] > git rev-parse --show-toplevel [1ms]
2025-12-24 11:54:56.883 [info] fatal: not a git repository (or any parent up to mount point /)
Stopping at filesystem boundary (GIT_DISCOVERY_ACROSS_FILESYSTEM not set).
2025-12-24 11:55:00.112 [info] > git rev-parse --show-toplevel [1ms]
2025-12-24 11:55:00.112 [info] fatal: not a git repository (or any parent up to mount point /)
Stopping at filesystem boundary (GIT_DISCOVERY_ACROSS_FILESYSTEM not set).
