2025-12-26 09:16:17.319 [info] Started local extension host with pid 7948.
2025-12-26 09:16:17.507 [info] [ms-vscode.cmake-tools]: Command `cmake.openCMakePresets` already registered by CMake Tools (Fork) (KylinIdeTeam.kylin-cmake-tools)
2025-12-26 09:16:17.507 [info] [ms-vscode.cmake-tools]: Command `cmake.addConfigurePreset` already registered by CMake Tools (Fork) (KylinIdeTeam.kylin-cmake-tools)
2025-12-26 09:16:17.508 [info] [ms-vscode.cmake-tools]: Command `cmake.addBuildPreset` already registered by CMake Tools (Fork) (KylinIdeTeam.kylin-cmake-tools)
2025-12-26 09:16:17.508 [info] [ms-vscode.cmake-tools]: Command `cmake.addTestPreset` already registered by CMake Tools (Fork) (KylinIdeTeam.kylin-cmake-tools)
2025-12-26 09:16:17.508 [info] [ms-vscode.cmake-tools]: Command `cmake.addPackagePreset` already registered by CMake Tools (Fork) (KylinIdeTeam.kylin-cmake-tools)
2025-12-26 09:16:17.509 [info] [ms-vscode.cmake-tools]: Command `cmake.addWorkflowPreset` already registered by CMake Tools (Fork) (KylinIdeTeam.kylin-cmake-tools)
2025-12-26 09:16:17.509 [info] [ms-vscode.cmake-tools]: Command `cmake.selectConfigurePreset` already registered by CMake Tools (Fork) (KylinIdeTeam.kylin-cmake-tools)
2025-12-26 09:16:17.509 [info] [ms-vscode.cmake-tools]: Command `cmake.projectStatus.viewConfigureSettings` already registered by CMake Tools (Fork) (KylinIdeTeam.kylin-cmake-tools)
2025-12-26 09:16:17.510 [info] [ms-vscode.cmake-tools]: Command `cmake.projectStatus.selectConfigurePreset` already registered by CMake Tools (Fork) (KylinIdeTeam.kylin-cmake-tools)
2025-12-26 09:16:17.510 [info] [ms-vscode.cmake-tools]: Command `cmake.selectBuildPreset` already registered by CMake Tools (Fork) (KylinIdeTeam.kylin-cmake-tools)
2025-12-26 09:16:17.510 [info] [ms-vscode.cmake-tools]: Command `cmake.projectStatus.viewBuildSettings` already registered by CMake Tools (Fork) (KylinIdeTeam.kylin-cmake-tools)
2025-12-26 09:16:17.510 [info] [ms-vscode.cmake-tools]: Command `cmake.projectStatus.selectBuildPreset` already registered by CMake Tools (Fork) (KylinIdeTeam.kylin-cmake-tools)
2025-12-26 09:16:17.511 [info] [ms-vscode.cmake-tools]: Command `cmake.projectStatus.viewTestSettings` already registered by CMake Tools (Fork) (KylinIdeTeam.kylin-cmake-tools)
2025-12-26 09:16:17.511 [info] [ms-vscode.cmake-tools]: Command `cmake.projectStatus.viewPackageSettings` already registered by CMake Tools (Fork) (KylinIdeTeam.kylin-cmake-tools)
2025-12-26 09:16:17.511 [info] [ms-vscode.cmake-tools]: Command `cmake.selectTestPreset` already registered by CMake Tools (Fork) (KylinIdeTeam.kylin-cmake-tools)
2025-12-26 09:16:17.512 [info] [ms-vscode.cmake-tools]: Command `cmake.projectStatus.selectTestPreset` already registered by CMake Tools (Fork) (KylinIdeTeam.kylin-cmake-tools)
2025-12-26 09:16:17.512 [info] [ms-vscode.cmake-tools]: Command `cmake.projectStatus.setTestTarget` already registered by CMake Tools (Fork) (KylinIdeTeam.kylin-cmake-tools)
2025-12-26 09:16:17.512 [info] [ms-vscode.cmake-tools]: Command `cmake.selectPackagePreset` already registered by CMake Tools (Fork) (KylinIdeTeam.kylin-cmake-tools)
2025-12-26 09:16:17.512 [info] [ms-vscode.cmake-tools]: Command `cmake.projectStatus.selectPackagePreset` already registered by CMake Tools (Fork) (KylinIdeTeam.kylin-cmake-tools)
2025-12-26 09:16:17.513 [info] [ms-vscode.cmake-tools]: Command `cmake.selectWorkflowPreset` already registered by CMake Tools (Fork) (KylinIdeTeam.kylin-cmake-tools)
2025-12-26 09:16:17.513 [info] [ms-vscode.cmake-tools]: Command `cmake.projectStatus.selectWorkflowPreset` already registered by CMake Tools (Fork) (KylinIdeTeam.kylin-cmake-tools)
2025-12-26 09:16:17.513 [info] [ms-vscode.cmake-tools]: Command `cmake.viewLog` already registered by CMake Tools (Fork) (KylinIdeTeam.kylin-cmake-tools)
2025-12-26 09:16:17.514 [info] [ms-vscode.cmake-tools]: Command `cmake.logDiagnostics` already registered by CMake Tools (Fork) (KylinIdeTeam.kylin-cmake-tools)
2025-12-26 09:16:17.514 [info] [ms-vscode.cmake-tools]: Command `cmake.selectActiveFolder` already registered by CMake Tools (Fork) (KylinIdeTeam.kylin-cmake-tools)
2025-12-26 09:16:17.514 [info] [ms-vscode.cmake-tools]: Command `cmake.projectStatus.selectActiveProject` already registered by CMake Tools (Fork) (KylinIdeTeam.kylin-cmake-tools)
2025-12-26 09:16:17.514 [info] [ms-vscode.cmake-tools]: Command `cmake.outline.selectWorkspace` already registered by CMake Tools (Fork) (KylinIdeTeam.kylin-cmake-tools)
2025-12-26 09:16:17.515 [info] [ms-vscode.cmake-tools]: Command `cmake.editKits` already registered by CMake Tools (Fork) (KylinIdeTeam.kylin-cmake-tools)
2025-12-26 09:16:17.515 [info] [ms-vscode.cmake-tools]: Command `cmake.scanForKits` already registered by CMake Tools (Fork) (KylinIdeTeam.kylin-cmake-tools)
2025-12-26 09:16:17.515 [info] [ms-vscode.cmake-tools]: Command `cmake.scanForCompilers` already registered by CMake Tools (Fork) (KylinIdeTeam.kylin-cmake-tools)
2025-12-26 09:16:17.515 [info] [ms-vscode.cmake-tools]: Command `cmake.selectKit` already registered by CMake Tools (Fork) (KylinIdeTeam.kylin-cmake-tools)
2025-12-26 09:16:17.516 [info] [ms-vscode.cmake-tools]: Command `cmake.projectStatus.selectKit` already registered by CMake Tools (Fork) (KylinIdeTeam.kylin-cmake-tools)
2025-12-26 09:16:17.516 [info] [ms-vscode.cmake-tools]: Command `cmake.setVariant` already registered by CMake Tools (Fork) (KylinIdeTeam.kylin-cmake-tools)
2025-12-26 09:16:17.516 [info] [ms-vscode.cmake-tools]: Command `cmake.projectStatus.setVariant` already registered by CMake Tools (Fork) (KylinIdeTeam.kylin-cmake-tools)
2025-12-26 09:16:17.516 [info] [ms-vscode.cmake-tools]: Command `cmake.setVariantAll` already registered by CMake Tools (Fork) (KylinIdeTeam.kylin-cmake-tools)
2025-12-26 09:16:17.517 [info] [ms-vscode.cmake-tools]: Command `cmake.configure` already registered by CMake Tools (Fork) (KylinIdeTeam.kylin-cmake-tools)
2025-12-26 09:16:17.517 [info] [ms-vscode.cmake-tools]: Command `cmake.configureWithDebugger` already registered by CMake Tools (Fork) (KylinIdeTeam.kylin-cmake-tools)
2025-12-26 09:16:17.517 [info] [ms-vscode.cmake-tools]: Command `cmake.outline.configure` already registered by CMake Tools (Fork) (KylinIdeTeam.kylin-cmake-tools)
2025-12-26 09:16:17.518 [info] [ms-vscode.cmake-tools]: Command `cmake.projectStatus.configure` already registered by CMake Tools (Fork) (KylinIdeTeam.kylin-cmake-tools)
2025-12-26 09:16:17.518 [info] [ms-vscode.cmake-tools]: Command `cmake.outline.configureWithDebugger` already registered by CMake Tools (Fork) (KylinIdeTeam.kylin-cmake-tools)
2025-12-26 09:16:17.518 [info] [ms-vscode.cmake-tools]: Command `cmake.showConfigureCommand` already registered by CMake Tools (Fork) (KylinIdeTeam.kylin-cmake-tools)
2025-12-26 09:16:17.518 [info] [ms-vscode.cmake-tools]: Command `cmake.configureAll` already registered by CMake Tools (Fork) (KylinIdeTeam.kylin-cmake-tools)
2025-12-26 09:16:17.519 [info] [ms-vscode.cmake-tools]: Command `cmake.configureAllWithDebugger` already registered by CMake Tools (Fork) (KylinIdeTeam.kylin-cmake-tools)
2025-12-26 09:16:17.519 [info] [ms-vscode.cmake-tools]: Command `cmake.outline.configureAll` already registered by CMake Tools (Fork) (KylinIdeTeam.kylin-cmake-tools)
2025-12-26 09:16:17.519 [info] [ms-vscode.cmake-tools]: Command `cmake.outline.configureAllWithDebugger` already registered by CMake Tools (Fork) (KylinIdeTeam.kylin-cmake-tools)
2025-12-26 09:16:17.519 [info] [ms-vscode.cmake-tools]: Command `cmake.build` already registered by CMake Tools (Fork) (KylinIdeTeam.kylin-cmake-tools)
2025-12-26 09:16:17.520 [info] [ms-vscode.cmake-tools]: Command `cmake.outline.build` already registered by CMake Tools (Fork) (KylinIdeTeam.kylin-cmake-tools)
2025-12-26 09:16:17.520 [info] [ms-vscode.cmake-tools]: Command `cmake.projectStatus.build` already registered by CMake Tools (Fork) (KylinIdeTeam.kylin-cmake-tools)
2025-12-26 09:16:17.520 [info] [ms-vscode.cmake-tools]: Command `cmake.outline.buildTarget` already registered by CMake Tools (Fork) (KylinIdeTeam.kylin-cmake-tools)
2025-12-26 09:16:17.520 [info] [ms-vscode.cmake-tools]: Command `cmake.showBuildCommand` already registered by CMake Tools (Fork) (KylinIdeTeam.kylin-cmake-tools)
2025-12-26 09:16:17.521 [info] [ms-vscode.cmake-tools]: Command `cmake.buildAll` already registered by CMake Tools (Fork) (KylinIdeTeam.kylin-cmake-tools)
2025-12-26 09:16:17.521 [info] [ms-vscode.cmake-tools]: Command `cmake.outline.buildAll` already registered by CMake Tools (Fork) (KylinIdeTeam.kylin-cmake-tools)
2025-12-26 09:16:17.521 [info] [ms-vscode.cmake-tools]: Command `cmake.compileFile` already registered by CMake Tools (Fork) (KylinIdeTeam.kylin-cmake-tools)
2025-12-26 09:16:17.521 [info] [ms-vscode.cmake-tools]: Command `cmake.outline.compileFile` already registered by CMake Tools (Fork) (KylinIdeTeam.kylin-cmake-tools)
2025-12-26 09:16:17.522 [info] [ms-vscode.cmake-tools]: Command `cmake.install` already registered by CMake Tools (Fork) (KylinIdeTeam.kylin-cmake-tools)
2025-12-26 09:16:17.522 [info] [ms-vscode.cmake-tools]: Command `cmake.installAll` already registered by CMake Tools (Fork) (KylinIdeTeam.kylin-cmake-tools)
2025-12-26 09:16:17.522 [info] [ms-vscode.cmake-tools]: Command `cmake.buildWithTarget` already registered by CMake Tools (Fork) (KylinIdeTeam.kylin-cmake-tools)
2025-12-26 09:16:17.522 [info] [ms-vscode.cmake-tools]: Command `cmake.setDefaultTarget` already registered by CMake Tools (Fork) (KylinIdeTeam.kylin-cmake-tools)
2025-12-26 09:16:17.523 [info] [ms-vscode.cmake-tools]: Command `cmake.outline.setDefaultTarget` already registered by CMake Tools (Fork) (KylinIdeTeam.kylin-cmake-tools)
2025-12-26 09:16:17.523 [info] [ms-vscode.cmake-tools]: Command `cmake.projectStatus.setDefaultTarget` already registered by CMake Tools (Fork) (KylinIdeTeam.kylin-cmake-tools)
2025-12-26 09:16:17.523 [info] [ms-vscode.cmake-tools]: Command `cmake.cleanConfigure` already registered by CMake Tools (Fork) (KylinIdeTeam.kylin-cmake-tools)
2025-12-26 09:16:17.524 [info] [ms-vscode.cmake-tools]: Command `cmake.outline.cleanConfigure` already registered by CMake Tools (Fork) (KylinIdeTeam.kylin-cmake-tools)
2025-12-26 09:16:17.524 [info] [ms-vscode.cmake-tools]: Command `cmake.projectStatus.cleanConfigure` already registered by CMake Tools (Fork) (KylinIdeTeam.kylin-cmake-tools)
2025-12-26 09:16:17.524 [info] [ms-vscode.cmake-tools]: Command `cmake.projectStatus.openSettings` already registered by CMake Tools (Fork) (KylinIdeTeam.kylin-cmake-tools)
2025-12-26 09:16:17.524 [info] [ms-vscode.cmake-tools]: Command `cmake.projectStatus.openVisibilitySettings` already registered by CMake Tools (Fork) (KylinIdeTeam.kylin-cmake-tools)
2025-12-26 09:16:17.525 [info] [ms-vscode.cmake-tools]: Command `cmake.cleanConfigureWithDebugger` already registered by CMake Tools (Fork) (KylinIdeTeam.kylin-cmake-tools)
2025-12-26 09:16:17.525 [info] [ms-vscode.cmake-tools]: Command `cmake.outline.cleanConfigureWithDebugger` already registered by CMake Tools (Fork) (KylinIdeTeam.kylin-cmake-tools)
2025-12-26 09:16:17.525 [info] [ms-vscode.cmake-tools]: Command `cmake.cleanConfigureAll` already registered by CMake Tools (Fork) (KylinIdeTeam.kylin-cmake-tools)
2025-12-26 09:16:17.525 [info] [ms-vscode.cmake-tools]: Command `cmake.outline.cleanConfigureAll` already registered by CMake Tools (Fork) (KylinIdeTeam.kylin-cmake-tools)
2025-12-26 09:16:17.526 [info] [ms-vscode.cmake-tools]: Command `cmake.cleanConfigureAllWithDebugger` already registered by CMake Tools (Fork) (KylinIdeTeam.kylin-cmake-tools)
2025-12-26 09:16:17.526 [info] [ms-vscode.cmake-tools]: Command `cmake.outline.cleanConfigureAllWithDebugger` already registered by CMake Tools (Fork) (KylinIdeTeam.kylin-cmake-tools)
2025-12-26 09:16:17.526 [info] [ms-vscode.cmake-tools]: Command `cmake.clean` already registered by CMake Tools (Fork) (KylinIdeTeam.kylin-cmake-tools)
2025-12-26 09:16:17.526 [info] [ms-vscode.cmake-tools]: Command `cmake.outline.clean` already registered by CMake Tools (Fork) (KylinIdeTeam.kylin-cmake-tools)
2025-12-26 09:16:17.527 [info] [ms-vscode.cmake-tools]: Command `cmake.cleanAll` already registered by CMake Tools (Fork) (KylinIdeTeam.kylin-cmake-tools)
2025-12-26 09:16:17.527 [info] [ms-vscode.cmake-tools]: Command `cmake.outline.cleanAll` already registered by CMake Tools (Fork) (KylinIdeTeam.kylin-cmake-tools)
2025-12-26 09:16:17.527 [info] [ms-vscode.cmake-tools]: Command `cmake.cleanRebuild` already registered by CMake Tools (Fork) (KylinIdeTeam.kylin-cmake-tools)
2025-12-26 09:16:17.528 [info] [ms-vscode.cmake-tools]: Command `cmake.outline.cleanRebuild` already registered by CMake Tools (Fork) (KylinIdeTeam.kylin-cmake-tools)
2025-12-26 09:16:17.528 [info] [ms-vscode.cmake-tools]: Command `cmake.cleanRebuildAll` already registered by CMake Tools (Fork) (KylinIdeTeam.kylin-cmake-tools)
2025-12-26 09:16:17.528 [info] [ms-vscode.cmake-tools]: Command `cmake.outline.cleanRebuildAll` already registered by CMake Tools (Fork) (KylinIdeTeam.kylin-cmake-tools)
2025-12-26 09:16:17.528 [info] [ms-vscode.cmake-tools]: Command `cmake.editCacheUI` already registered by CMake Tools (Fork) (KylinIdeTeam.kylin-cmake-tools)
2025-12-26 09:16:17.529 [info] [ms-vscode.cmake-tools]: Command `cmake.outline.editCacheUI` already registered by CMake Tools (Fork) (KylinIdeTeam.kylin-cmake-tools)
2025-12-26 09:16:17.529 [info] [ms-vscode.cmake-tools]: Command `cmake.ctest` already registered by CMake Tools (Fork) (KylinIdeTeam.kylin-cmake-tools)
2025-12-26 09:16:17.529 [info] [ms-vscode.cmake-tools]: Command `cmake.projectStatus.ctest` already registered by CMake Tools (Fork) (KylinIdeTeam.kylin-cmake-tools)
2025-12-26 09:16:17.530 [info] [ms-vscode.cmake-tools]: Command `cmake.ctestAll` already registered by CMake Tools (Fork) (KylinIdeTeam.kylin-cmake-tools)
2025-12-26 09:16:17.530 [info] [ms-vscode.cmake-tools]: Command `cmake.revealTestExplorer` already registered by CMake Tools (Fork) (KylinIdeTeam.kylin-cmake-tools)
2025-12-26 09:16:17.530 [info] [ms-vscode.cmake-tools]: Command `cmake.refreshTests` already registered by CMake Tools (Fork) (KylinIdeTeam.kylin-cmake-tools)
2025-12-26 09:16:17.530 [info] [ms-vscode.cmake-tools]: Command `cmake.refreshTestsAll` already registered by CMake Tools (Fork) (KylinIdeTeam.kylin-cmake-tools)
2025-12-26 09:16:17.531 [info] [ms-vscode.cmake-tools]: Command `cmake.cpack` already registered by CMake Tools (Fork) (KylinIdeTeam.kylin-cmake-tools)
2025-12-26 09:16:17.531 [info] [ms-vscode.cmake-tools]: Command `cmake.projectStatus.cpack` already registered by CMake Tools (Fork) (KylinIdeTeam.kylin-cmake-tools)
2025-12-26 09:16:17.531 [info] [ms-vscode.cmake-tools]: Command `cmake.workflow` already registered by CMake Tools (Fork) (KylinIdeTeam.kylin-cmake-tools)
2025-12-26 09:16:17.531 [info] [ms-vscode.cmake-tools]: Command `cmake.projectStatus.workflow` already registered by CMake Tools (Fork) (KylinIdeTeam.kylin-cmake-tools)
2025-12-26 09:16:17.531 [info] [ms-vscode.cmake-tools]: Command `cmake.cpackAll` already registered by CMake Tools (Fork) (KylinIdeTeam.kylin-cmake-tools)
2025-12-26 09:16:17.532 [info] [ms-vscode.cmake-tools]: Command `cmake.workflowAll` already registered by CMake Tools (Fork) (KylinIdeTeam.kylin-cmake-tools)
2025-12-26 09:16:17.532 [info] [ms-vscode.cmake-tools]: Command `cmake.editCache` already registered by CMake Tools (Fork) (KylinIdeTeam.kylin-cmake-tools)
2025-12-26 09:16:17.532 [info] [ms-vscode.cmake-tools]: Command `cmake.quickStart` already registered by CMake Tools (Fork) (KylinIdeTeam.kylin-cmake-tools)
2025-12-26 09:16:17.534 [info] [ms-vscode.cmake-tools]: Command `cmake.debugTarget` already registered by CMake Tools (Fork) (KylinIdeTeam.kylin-cmake-tools)
2025-12-26 09:16:17.534 [info] [ms-vscode.cmake-tools]: Command `cmake.outline.debugTarget` already registered by CMake Tools (Fork) (KylinIdeTeam.kylin-cmake-tools)
2025-12-26 09:16:17.535 [info] [ms-vscode.cmake-tools]: Command `cmake.projectStatus.debugTarget` already registered by CMake Tools (Fork) (KylinIdeTeam.kylin-cmake-tools)
2025-12-26 09:16:17.535 [info] [ms-vscode.cmake-tools]: Command `cmake.debugTargetAll` already registered by CMake Tools (Fork) (KylinIdeTeam.kylin-cmake-tools)
2025-12-26 09:16:17.535 [info] [ms-vscode.cmake-tools]: Command `cmake.projectStatus.setDebugTarget` already registered by CMake Tools (Fork) (KylinIdeTeam.kylin-cmake-tools)
2025-12-26 09:16:17.536 [info] [ms-vscode.cmake-tools]: Command `cmake.launchTarget` already registered by CMake Tools (Fork) (KylinIdeTeam.kylin-cmake-tools)
2025-12-26 09:16:17.536 [info] [ms-vscode.cmake-tools]: Command `cmake.outline.launchTarget` already registered by CMake Tools (Fork) (KylinIdeTeam.kylin-cmake-tools)
2025-12-26 09:16:17.536 [info] [ms-vscode.cmake-tools]: Command `cmake.projectStatus.launchTarget` already registered by CMake Tools (Fork) (KylinIdeTeam.kylin-cmake-tools)
2025-12-26 09:16:17.536 [info] [ms-vscode.cmake-tools]: Command `cmake.launchTargetAll` already registered by CMake Tools (Fork) (KylinIdeTeam.kylin-cmake-tools)
2025-12-26 09:16:17.536 [info] [ms-vscode.cmake-tools]: Command `cmake.selectLaunchTarget` already registered by CMake Tools (Fork) (KylinIdeTeam.kylin-cmake-tools)
2025-12-26 09:16:17.536 [info] [ms-vscode.cmake-tools]: Command `cmake.outline.setLaunchTarget` already registered by CMake Tools (Fork) (KylinIdeTeam.kylin-cmake-tools)
2025-12-26 09:16:17.536 [info] [ms-vscode.cmake-tools]: Command `cmake.projectStatus.setLaunchTarget` already registered by CMake Tools (Fork) (KylinIdeTeam.kylin-cmake-tools)
2025-12-26 09:16:17.536 [info] [ms-vscode.cmake-tools]: Command `cmake.stop` already registered by CMake Tools (Fork) (KylinIdeTeam.kylin-cmake-tools)
2025-12-26 09:16:17.537 [info] [ms-vscode.cmake-tools]: Command `cmake.projectStatus.stop` already registered by CMake Tools (Fork) (KylinIdeTeam.kylin-cmake-tools)
2025-12-26 09:16:17.537 [info] [ms-vscode.cmake-tools]: Command `cmake.outline.stop` already registered by CMake Tools (Fork) (KylinIdeTeam.kylin-cmake-tools)
2025-12-26 09:16:17.537 [info] [ms-vscode.cmake-tools]: Command `cmake.stopAll` already registered by CMake Tools (Fork) (KylinIdeTeam.kylin-cmake-tools)
2025-12-26 09:16:17.537 [info] [ms-vscode.cmake-tools]: Command `cmake.outline.stopAll` already registered by CMake Tools (Fork) (KylinIdeTeam.kylin-cmake-tools)
2025-12-26 09:16:17.537 [info] [ms-vscode.cmake-tools]: Command `cmake.resetState` already registered by CMake Tools (Fork) (KylinIdeTeam.kylin-cmake-tools)
2025-12-26 09:16:17.537 [info] [ms-vscode.cmake-tools]: Command `cmake.openSettings` already registered by CMake Tools (Fork) (KylinIdeTeam.kylin-cmake-tools)
2025-12-26 09:16:17.537 [info] [ms-vscode.cmake-tools]: Command `cmake.outline.runUtilityTarget` already registered by CMake Tools (Fork) (KylinIdeTeam.kylin-cmake-tools)
2025-12-26 09:16:17.537 [info] [ms-vscode.cmake-tools]: Command `cmake.outline.revealInCMakeLists` already registered by CMake Tools (Fork) (KylinIdeTeam.kylin-cmake-tools)
2025-12-26 09:16:17.537 [info] [ms-vscode.cmake-tools]: Command `cmake.projectStatus.update` already registered by CMake Tools (Fork) (KylinIdeTeam.kylin-cmake-tools)
2025-12-26 09:16:17.538 [info] [ms-vscode.cmake-tools]: Command `cmake.pinnedCommands.add` already registered by CMake Tools (Fork) (KylinIdeTeam.kylin-cmake-tools)
2025-12-26 09:16:17.538 [info] [ms-vscode.cmake-tools]: Command `cmake.pinnedCommands.remove` already registered by CMake Tools (Fork) (KylinIdeTeam.kylin-cmake-tools)
2025-12-26 09:16:17.538 [info] [ms-vscode.cmake-tools]: Command `cmake.pinnedCommands.run` already registered by CMake Tools (Fork) (KylinIdeTeam.kylin-cmake-tools)
2025-12-26 09:16:17.538 [info] [ms-vscode.cmake-tools]: Command `cmake.appendBuildDirectoryToWorkspace` already registered by CMake Tools (Fork) (KylinIdeTeam.kylin-cmake-tools)
2025-12-26 09:16:17.538 [warning] [ms-vscode.cmake-tools]: Cannot register 'cmake.autoSelectActiveFolder'. This property is already registered.
2025-12-26 09:16:17.538 [warning] [ms-vscode.cmake-tools]: Cannot register 'cmake.cmakePath'. This property is already registered.
2025-12-26 09:16:17.538 [warning] [ms-vscode.cmake-tools]: Cannot register 'cmake.buildDirectory'. This property is already registered.
2025-12-26 09:16:17.539 [warning] [ms-vscode.cmake-tools]: Cannot register 'cmake.installPrefix'. This property is already registered.
2025-12-26 09:16:17.539 [warning] [ms-vscode.cmake-tools]: Cannot register 'cmake.sourceDirectory'. This property is already registered.
2025-12-26 09:16:17.539 [warning] [ms-vscode.cmake-tools]: Cannot register 'cmake.saveBeforeBuild'. This property is already registered.
2025-12-26 09:16:17.539 [warning] [ms-vscode.cmake-tools]: Cannot register 'cmake.buildBeforeRun'. This property is already registered.
2025-12-26 09:16:17.539 [warning] [ms-vscode.cmake-tools]: Cannot register 'cmake.clearOutputBeforeBuild'. This property is already registered.
2025-12-26 09:16:17.539 [warning] [ms-vscode.cmake-tools]: Cannot register 'cmake.configureSettings'. This property is already registered.
2025-12-26 09:16:17.539 [warning] [ms-vscode.cmake-tools]: Cannot register 'cmake.cacheInit'. This property is already registered.
2025-12-26 09:16:17.539 [warning] [ms-vscode.cmake-tools]: Cannot register 'cmake.preferredGenerators'. This property is already registered.
2025-12-26 09:16:17.539 [warning] [ms-vscode.cmake-tools]: Cannot register 'cmake.generator'. This property is already registered.
2025-12-26 09:16:17.540 [warning] [ms-vscode.cmake-tools]: Cannot register 'cmake.toolset'. This property is already registered.
2025-12-26 09:16:17.540 [warning] [ms-vscode.cmake-tools]: Cannot register 'cmake.platform'. This property is already registered.
2025-12-26 09:16:17.540 [warning] [ms-vscode.cmake-tools]: Cannot register 'cmake.configureArgs'. This property is already registered.
2025-12-26 09:16:17.540 [warning] [ms-vscode.cmake-tools]: Cannot register 'cmake.buildArgs'. This property is already registered.
2025-12-26 09:16:17.540 [warning] [ms-vscode.cmake-tools]: Cannot register 'cmake.buildToolArgs'. This property is already registered.
2025-12-26 09:16:17.540 [warning] [ms-vscode.cmake-tools]: Cannot register 'cmake.parallelJobs'. This property is already registered.
2025-12-26 09:16:17.540 [warning] [ms-vscode.cmake-tools]: Cannot register 'cmake.ctestPath'. This property is already registered.
2025-12-26 09:16:17.541 [warning] [ms-vscode.cmake-tools]: Cannot register 'cmake.cpackPath'. This property is already registered.
2025-12-26 09:16:17.541 [warning] [ms-vscode.cmake-tools]: Cannot register 'cmake.ctest.parallelJobs'. This property is already registered.
2025-12-26 09:16:17.541 [warning] [ms-vscode.cmake-tools]: Cannot register 'cmake.ctest.allowParallelJobs'. This property is already registered.
2025-12-26 09:16:17.541 [warning] [ms-vscode.cmake-tools]: Cannot register 'cmake.ctest.testExplorerIntegrationEnabled'. This property is already registered.
2025-12-26 09:16:17.541 [warning] [ms-vscode.cmake-tools]: Cannot register 'cmake.ctest.testSuiteDelimiter'. This property is already registered.
2025-12-26 09:16:17.541 [warning] [ms-vscode.cmake-tools]: Cannot register 'cmake.parseBuildDiagnostics'. This property is already registered.
2025-12-26 09:16:17.541 [warning] [ms-vscode.cmake-tools]: Cannot register 'cmake.enabledOutputParsers'. This property is already registered.
2025-12-26 09:16:17.541 [warning] [ms-vscode.cmake-tools]: Cannot register 'cmake.debugConfig'. This property is already registered.
2025-12-26 09:16:17.541 [warning] [ms-vscode.cmake-tools]: Cannot register 'cmake.defaultVariants'. This property is already registered.
2025-12-26 09:16:17.541 [warning] [ms-vscode.cmake-tools]: Cannot register 'cmake.ctestArgs'. This property is already registered.
2025-12-26 09:16:17.542 [warning] [ms-vscode.cmake-tools]: Cannot register 'cmake.ctestDefaultArgs'. This property is already registered.
2025-12-26 09:16:17.542 [warning] [ms-vscode.cmake-tools]: Cannot register 'cmake.cpackArgs'. This property is already registered.
2025-12-26 09:16:17.542 [warning] [ms-vscode.cmake-tools]: Cannot register 'cmake.environment'. This property is already registered.
2025-12-26 09:16:17.542 [warning] [ms-vscode.cmake-tools]: Cannot register 'cmake.configureEnvironment'. This property is already registered.
2025-12-26 09:16:17.542 [warning] [ms-vscode.cmake-tools]: Cannot register 'cmake.buildEnvironment'. This property is already registered.
2025-12-26 09:16:17.542 [warning] [ms-vscode.cmake-tools]: Cannot register 'cmake.testEnvironment'. This property is already registered.
2025-12-26 09:16:17.542 [warning] [ms-vscode.cmake-tools]: Cannot register 'cmake.cpackEnvironment'. This property is already registered.
2025-12-26 09:16:17.542 [warning] [ms-vscode.cmake-tools]: Cannot register 'cmake.mingwSearchDirs'. This property is already registered.
2025-12-26 09:16:17.542 [warning] [ms-vscode.cmake-tools]: Cannot register 'cmake.additionalCompilerSearchDirs'. This property is already registered.
2025-12-26 09:16:17.543 [warning] [ms-vscode.cmake-tools]: Cannot register 'cmake.emscriptenSearchDirs'. This property is already registered.
2025-12-26 09:16:17.543 [warning] [ms-vscode.cmake-tools]: Cannot register 'cmake.mergedCompileCommands'. This property is already registered.
2025-12-26 09:16:17.543 [warning] [ms-vscode.cmake-tools]: Cannot register 'cmake.copyCompileCommands'. This property is already registered.
2025-12-26 09:16:17.543 [warning] [ms-vscode.cmake-tools]: Cannot register 'cmake.configureOnOpen'. This property is already registered.
2025-12-26 09:16:17.543 [warning] [ms-vscode.cmake-tools]: Cannot register 'cmake.configureOnEdit'. This property is already registered.
2025-12-26 09:16:17.543 [warning] [ms-vscode.cmake-tools]: Cannot register 'cmake.deleteBuildDirOnCleanConfigure'. This property is already registered.
2025-12-26 09:16:17.543 [warning] [ms-vscode.cmake-tools]: Cannot register 'cmake.setBuildTypeOnMultiConfig'. This property is already registered.
2025-12-26 09:16:17.543 [warning] [ms-vscode.cmake-tools]: Cannot register 'cmake.skipConfigureIfCachePresent'. This property is already registered.
2025-12-26 09:16:17.543 [warning] [ms-vscode.cmake-tools]: Cannot register 'cmake.cmakeCommunicationMode'. This property is already registered.
2025-12-26 09:16:17.544 [warning] [ms-vscode.cmake-tools]: Cannot register 'cmake.showSystemKits'. This property is already registered.
2025-12-26 09:16:17.544 [warning] [ms-vscode.cmake-tools]: Cannot register 'cmake.ignoreKitEnv'. This property is already registered.
2025-12-26 09:16:17.544 [warning] [ms-vscode.cmake-tools]: Cannot register 'cmake.buildTask'. This property is already registered.
2025-12-26 09:16:17.544 [warning] [ms-vscode.cmake-tools]: Cannot register 'cmake.outputLogEncoding'. This property is already registered.
2025-12-26 09:16:17.544 [warning] [ms-vscode.cmake-tools]: Cannot register 'cmake.enableTraceLogging'. This property is already registered.
2025-12-26 09:16:17.544 [warning] [ms-vscode.cmake-tools]: Cannot register 'cmake.loggingLevel'. This property is already registered.
2025-12-26 09:16:17.544 [warning] [ms-vscode.cmake-tools]: Cannot register 'cmake.touchbar.visibility'. This property is already registered.
2025-12-26 09:16:17.544 [warning] [ms-vscode.cmake-tools]: Cannot register 'cmake.touchbar.advanced'. This property is already registered.
2025-12-26 09:16:17.544 [warning] [ms-vscode.cmake-tools]: Cannot register 'cmake.showConfigureWithDebuggerNotification'. This property is already registered.
2025-12-26 09:16:17.545 [warning] [ms-vscode.cmake-tools]: Cannot register 'cmake.showNotAllDocumentsSavedQuestion'. This property is already registered.
2025-12-26 09:16:17.545 [warning] [ms-vscode.cmake-tools]: Cannot register 'cmake.options.statusBarVisibility'. This property is already registered.
2025-12-26 09:16:17.545 [warning] [ms-vscode.cmake-tools]: Cannot register 'cmake.options.advanced'. This property is already registered.
2025-12-26 09:16:17.545 [warning] [ms-vscode.cmake-tools]: Cannot register 'cmake.additionalKits'. This property is already registered.
2025-12-26 09:16:17.545 [warning] [ms-vscode.cmake-tools]: Cannot register 'cmake.revealLog'. This property is already registered.
2025-12-26 09:16:17.545 [warning] [ms-vscode.cmake-tools]: Cannot register 'cmake.exportCompileCommandsFile'. This property is already registered.
2025-12-26 09:16:17.545 [warning] [ms-vscode.cmake-tools]: Cannot register 'cmake.useCMakePresets'. This property is already registered.
2025-12-26 09:16:17.546 [warning] [ms-vscode.cmake-tools]: Cannot register 'cmake.useVsDeveloperEnvironment'. This property is already registered.
2025-12-26 09:16:17.546 [warning] [ms-vscode.cmake-tools]: Cannot register 'cmake.allowCommentsInPresetsFile'. This property is already registered.
2025-12-26 09:16:17.546 [warning] [ms-vscode.cmake-tools]: Cannot register 'cmake.allowUnsupportedPresetsVersions'. This property is already registered.
2025-12-26 09:16:17.546 [warning] [ms-vscode.cmake-tools]: Cannot register 'cmake.launchBehavior'. This property is already registered.
2025-12-26 09:16:17.546 [warning] [ms-vscode.cmake-tools]: Cannot register 'cmake.ignoreCMakeListsMissing'. This property is already registered.
2025-12-26 09:16:17.546 [warning] [ms-vscode.cmake-tools]: Cannot register 'cmake.loadCompileCommands'. This property is already registered.
2025-12-26 09:16:17.546 [warning] [ms-vscode.cmake-tools]: Cannot register 'cmake.automaticReconfigure'. This property is already registered.
2025-12-26 09:16:17.546 [warning] [ms-vscode.cmake-tools]: Cannot register 'cmake.pinnedCommands'. This property is already registered.
2025-12-26 09:16:17.546 [warning] [ms-vscode.cmake-tools]: Cannot register 'cmake.enableAutomaticKitScan'. This property is already registered.
2025-12-26 09:16:17.547 [warning] [twxs.cmake]: Cannot register 'cmake.cmakePath'. This property is already registered.
2025-12-26 09:16:17.553 [error] [ms-vscode.cmake-tools]: Cannot register multiple views with same id `cmake.projectStatus`
2025-12-26 09:16:17.553 [error] [ms-vscode.cmake-tools]: Cannot register multiple views with same id `cmake.outline`
2025-12-26 09:16:17.554 [error] [ms-vscode.cmake-tools]: Cannot register multiple views with same id `cmake.pinnedCommands`
2025-12-26 09:16:18.546 [error] [Extension Host] (node:7948) [DEP0040] DeprecationWarning: The `punycode` module is deprecated. Please use a userland alternative instead.
(Use `exe --trace-deprecation ...` to show where the warning was created)
2025-12-26 09:16:19.194 [error] Cannot read properties of undefined (reading 'extensionId'): TypeError: Cannot read properties of undefined (reading 'extensionId')
    at t (vscode-file://vscode-app/usr/share/codium/resources/app/out/vs/workbench/workbench.desktop.main.js:4125:2745)
    at _Dt.recommendRemoteExtensionIfNeeded (vscode-file://vscode-app/usr/share/codium/resources/app/out/vs/workbench/workbench.desktop.main.js:4125:3497)
2025-12-26 09:16:20.134 [info] [perf] Render performance baseline is 27ms
2025-12-26 09:16:20.964 [info] Auto updating outdated extensions. vadimcn.vscode-lldb
2025-12-26 10:34:07.365 [error] An unknown error occurred. Please consult the log for more details.
2025-12-26 10:44:06.038 [error] lock() request could not be registered.: InvalidStateError: lock() request could not be registered.
