2025-12-28 11:51:05.366 [info] [main] Log level: Info
2025-12-28 11:51:05.366 [info] [main] Validating found git in: "git"
2025-12-28 11:51:05.366 [info] [main] Using git "2.52.0" from "git"
2025-12-28 11:51:05.366 [info] [Model][doInitialScan] Initial repository scan started
2025-12-28 11:51:05.366 [info] > git rev-parse --show-toplevel [33ms]
2025-12-28 11:51:05.366 [info] fatal: not a git repository (or any parent up to mount point /)
Stopping at filesystem boundary (GIT_DISCOVERY_ACROSS_FILESYSTEM not set).
2025-12-28 11:51:05.366 [info] > git rev-parse --show-toplevel [23ms]
2025-12-28 11:51:05.366 [info] fatal: not a git repository (or any parent up to mount point /)
Stopping at filesystem boundary (GIT_DISCOVERY_ACROSS_FILESYSTEM not set).
2025-12-28 11:51:05.366 [info] > git rev-parse --show-toplevel [15ms]
2025-12-28 11:51:05.366 [info] fatal: not a git repository (or any parent up to mount point /)
Stopping at filesystem boundary (GIT_DISCOVERY_ACROSS_FILESYSTEM not set).
2025-12-28 11:51:05.367 [info] > git rev-parse --show-toplevel [6ms]
2025-12-28 11:51:05.368 [info] fatal: not a git repository (or any parent up to mount point /)
Stopping at filesystem boundary (GIT_DISCOVERY_ACROSS_FILESYSTEM not set).
2025-12-28 11:51:05.496 [info] > git rev-parse --show-toplevel [36ms]
2025-12-28 11:51:05.496 [info] fatal: not a git repository (or any parent up to mount point /)
Stopping at filesystem boundary (GIT_DISCOVERY_ACROSS_FILESYSTEM not set).
2025-12-28 11:51:05.497 [info] [Model][doInitialScan] Initial repository scan completed - repositories (0), closed repositories (0), parent repositories (0), unsafe repositories (0)
2025-12-28 11:51:05.516 [info] > git rev-parse --show-toplevel [7ms]
2025-12-28 11:51:05.516 [info] fatal: not a git repository (or any parent up to mount point /)
Stopping at filesystem boundary (GIT_DISCOVERY_ACROSS_FILESYSTEM not set).
2025-12-28 11:51:05.699 [info] > git rev-parse --show-toplevel [10ms]
2025-12-28 11:51:05.699 [info] fatal: not a git repository (or any parent up to mount point /)
Stopping at filesystem boundary (GIT_DISCOVERY_ACROSS_FILESYSTEM not set).
2025-12-28 11:51:05.874 [info] > git rev-parse --show-toplevel [2ms]
2025-12-28 11:51:05.874 [info] fatal: not a git repository (or any parent up to mount point /)
Stopping at filesystem boundary (GIT_DISCOVERY_ACROSS_FILESYSTEM not set).
2025-12-28 11:51:06.483 [info] > git rev-parse --show-toplevel [3ms]
2025-12-28 11:51:06.483 [info] fatal: not a git repository (or any parent up to mount point /)
Stopping at filesystem boundary (GIT_DISCOVERY_ACROSS_FILESYSTEM not set).
2025-12-28 11:51:06.705 [info] > git rev-parse --show-toplevel [3ms]
2025-12-28 11:51:06.705 [info] fatal: not a git repository (or any parent up to mount point /)
Stopping at filesystem boundary (GIT_DISCOVERY_ACROSS_FILESYSTEM not set).
