2025-12-28 20:54:19.330 [info] Extension host with pid 15583 started
2025-12-28 20:54:19.330 [info] Skipping acquiring lock for /home/david/.config/VSCodium/User/workspaceStorage/75a806f302414a85b4dc47e6fcc1244d.
2025-12-28 20:54:19.440 [info] ExtensionService#_doActivateExtension vscode.github-authentication, startup: false, activationEvent: 'onAuthenticationRequest:github'
2025-12-28 20:54:19.460 [info] ExtensionService#_doActivateExtension vscode.emmet, startup: false, activationEvent: 'onLanguage'
2025-12-28 20:54:19.492 [info] ExtensionService#_doActivateExtension vscode.git-base, startup: true, activationEvent: '*', root cause: vscode.git
2025-12-28 20:54:19.512 [info] ExtensionService#_doActivateExtension vscode.git, startup: true, activationEvent: '*'
2025-12-28 20:54:19.547 [info] ExtensionService#_doActivateExtension vscode.github, startup: true, activationEvent: '*'
2025-12-28 20:54:19.629 [info] Eager extensions activated
2025-12-28 20:54:19.641 [info] ExtensionService#_doActivateExtension vscode.debug-auto-launch, startup: false, activationEvent: 'onStartupFinished'
2025-12-28 20:54:19.643 [info] ExtensionService#_doActivateExtension vscode.merge-conflict, startup: false, activationEvent: 'onStartupFinished'
2025-12-28 20:54:19.655 [info] ExtensionService#_doActivateExtension vadimcn.vscode-lldb, startup: false, activationEvent: 'onStartupFinished', root cause: franneck94.vscode-c-cpp-config
2025-12-28 20:54:19.667 [info] ExtensionService#_doActivateExtension jayceeliu.gcc, startup: false, activationEvent: 'onStartupFinished'
2025-12-28 20:54:19.673 [error] Activating extension jayceeliu.gcc failed due to an error:
2025-12-28 20:54:19.673 [error] Error: Cannot find module 'minimatch'
Require stack:
- /home/david/.vscode-oss/extensions/jayceeliu.gcc-0.0.1-universal/out/utils/fileUtils.js
- /home/david/.vscode-oss/extensions/jayceeliu.gcc-0.0.1-universal/out/extension.js
- /usr/share/codium/resources/app/out/vs/workbench/api/node/extensionHostProcess.js
	at Module._resolveFilename (node:internal/modules/cjs/loader:1390:15)
	at n._resolveFilename (node:electron/js2c/utility_init:2:16249)
	at t._resolveFilename (file:///usr/share/codium/resources/app/out/vs/workbench/api/node/extensionHostProcess.js:220:29037)
	at defaultResolveImpl (node:internal/modules/cjs/loader:1032:19)
	at resolveForCJSWithHooks (node:internal/modules/cjs/loader:1037:22)
	at Module._load (node:internal/modules/cjs/loader:1199:37)
	at c._load (node:electron/js2c/node_init:2:17993)
	at e._load (file:///usr/share/codium/resources/app/out/vs/workbench/api/node/extensionHostProcess.js:402:6573)
	at t._load (file:///usr/share/codium/resources/app/out/vs/workbench/api/node/extensionHostProcess.js:220:28755)
	at r._load (file:///usr/share/codium/resources/app/out/vs/workbench/api/node/extensionHostProcess.js:212:24901)
	at TracingChannel.traceSync (node:diagnostics_channel:328:14)
	at wrapModuleLoad (node:internal/modules/cjs/loader:244:24)
	at Module.require (node:internal/modules/cjs/loader:1470:12)
	at require (node:internal/modules/helpers:147:16)
	at Object.<anonymous> (/home/david/.vscode-oss/extensions/jayceeliu.gcc-0.0.1-universal/out/utils/fileUtils.js:6:19)
	at Module._compile (node:internal/modules/cjs/loader:1714:14)
	at Module._extensions..js (node:internal/modules/cjs/loader:1848:10)
	at Module.load (node:internal/modules/cjs/loader:1448:32)
	at Module._load (node:internal/modules/cjs/loader:1270:12)
	at c._load (node:electron/js2c/node_init:2:17993)
	at e._load (file:///usr/share/codium/resources/app/out/vs/workbench/api/node/extensionHostProcess.js:402:6573)
	at t._load (file:///usr/share/codium/resources/app/out/vs/workbench/api/node/extensionHostProcess.js:220:28755)
	at r._load (file:///usr/share/codium/resources/app/out/vs/workbench/api/node/extensionHostProcess.js:212:24901)
	at TracingChannel.traceSync (node:diagnostics_channel:328:14)
	at wrapModuleLoad (node:internal/modules/cjs/loader:244:24)
	at Module.require (node:internal/modules/cjs/loader:1470:12)
	at require (node:internal/modules/helpers:147:16)
	at Object.<anonymous> (/home/david/.vscode-oss/extensions/jayceeliu.gcc-0.0.1-universal/out/extension.js:8:21)
	at Module._compile (node:internal/modules/cjs/loader:1714:14)
	at Module._extensions..js (node:internal/modules/cjs/loader:1848:10)
	at Module.load (node:internal/modules/cjs/loader:1448:32)
	at Module._load (node:internal/modules/cjs/loader:1270:12)
	at c._load (node:electron/js2c/node_init:2:17993)
	at e._load (file:///usr/share/codium/resources/app/out/vs/workbench/api/node/extensionHostProcess.js:402:6573)
	at t._load (file:///usr/share/codium/resources/app/out/vs/workbench/api/node/extensionHostProcess.js:220:28755)
	at r._load (file:///usr/share/codium/resources/app/out/vs/workbench/api/node/extensionHostProcess.js:212:24901)
	at TracingChannel.traceSync (node:diagnostics_channel:328:14)
	at wrapModuleLoad (node:internal/modules/cjs/loader:244:24)
	at Module.require (node:internal/modules/cjs/loader:1470:12)
	at require (node:internal/modules/helpers:147:16)
	at xX._doLoadModule (file:///usr/share/codium/resources/app/out/vs/workbench/api/node/extensionHostProcess.js:251:1632)
2025-12-28 20:54:19.680 [info] ExtensionService#_doActivateExtension franneck94.vscode-c-cpp-config, startup: false, activationEvent: 'onStartupFinished'
2025-12-28 20:54:52.172 [info] ExtensionService#_doActivateExtension ms-dotnettools.vscode-dotnet-runtime, startup: false, activationEvent: 'onStartupFinished'
2025-12-28 20:54:52.246 [info] ExtensionService#_doActivateExtension muhammad-sammy.csharp, startup: false, activationEvent: 'onLanguage:csharp'
2025-12-28 20:55:07.481 [info] ExtensionService#_doActivateExtension neikeq.godot-csharp-vscode, startup: false, activationEvent: 'workspaceContains:**/project.godot'
2025-12-28 20:55:11.863 [warning] DiagnosticCollection with name 'csharp' does already exist.
2025-12-28 21:29:36.673 [warning] muhammad-sammy.csharp - Code actions of kind 'quickfix' requested but returned code action is of kind 'refactor'. Code action will be dropped. Please check 'CodeActionContext.only' to only return requested code actions.
2025-12-28 21:29:36.673 [warning] muhammad-sammy.csharp - Code actions of kind 'quickfix' requested but returned code action is of kind 'refactor'. Code action will be dropped. Please check 'CodeActionContext.only' to only return requested code actions.
2025-12-28 21:29:36.673 [warning] muhammad-sammy.csharp - Code actions of kind 'quickfix' requested but returned code action is of kind 'refactor'. Code action will be dropped. Please check 'CodeActionContext.only' to only return requested code actions.
2025-12-28 21:29:36.673 [warning] muhammad-sammy.csharp - Code actions of kind 'quickfix' requested but returned code action is of kind 'refactor'. Code action will be dropped. Please check 'CodeActionContext.only' to only return requested code actions.
2025-12-28 21:30:44.258 [warning] muhammad-sammy.csharp - Code actions of kind 'quickfix' requested but returned code action is of kind 'refactor'. Code action will be dropped. Please check 'CodeActionContext.only' to only return requested code actions.
2025-12-28 21:30:44.258 [warning] muhammad-sammy.csharp - Code actions of kind 'quickfix' requested but returned code action is of kind 'refactor'. Code action will be dropped. Please check 'CodeActionContext.only' to only return requested code actions.
2025-12-28 21:30:44.258 [warning] muhammad-sammy.csharp - Code actions of kind 'quickfix' requested but returned code action is of kind 'refactor'. Code action will be dropped. Please check 'CodeActionContext.only' to only return requested code actions.
2025-12-28 21:30:44.258 [warning] muhammad-sammy.csharp - Code actions of kind 'quickfix' requested but returned code action is of kind 'refactor'. Code action will be dropped. Please check 'CodeActionContext.only' to only return requested code actions.
2025-12-28 21:30:48.900 [warning] muhammad-sammy.csharp - Code actions of kind 'quickfix' requested but returned code action is of kind 'refactor'. Code action will be dropped. Please check 'CodeActionContext.only' to only return requested code actions.
2025-12-28 21:30:48.900 [warning] muhammad-sammy.csharp - Code actions of kind 'quickfix' requested but returned code action is of kind 'refactor'. Code action will be dropped. Please check 'CodeActionContext.only' to only return requested code actions.
2025-12-28 21:30:48.900 [warning] muhammad-sammy.csharp - Code actions of kind 'quickfix' requested but returned code action is of kind 'refactor'. Code action will be dropped. Please check 'CodeActionContext.only' to only return requested code actions.
2025-12-28 21:30:48.900 [warning] muhammad-sammy.csharp - Code actions of kind 'quickfix' requested but returned code action is of kind 'refactor'. Code action will be dropped. Please check 'CodeActionContext.only' to only return requested code actions.
2025-12-28 21:30:49.954 [warning] muhammad-sammy.csharp - Code actions of kind 'quickfix' requested but returned code action is of kind 'refactor'. Code action will be dropped. Please check 'CodeActionContext.only' to only return requested code actions.
2025-12-28 21:30:49.954 [warning] muhammad-sammy.csharp - Code actions of kind 'quickfix' requested but returned code action is of kind 'refactor'. Code action will be dropped. Please check 'CodeActionContext.only' to only return requested code actions.
2025-12-28 21:30:49.954 [warning] muhammad-sammy.csharp - Code actions of kind 'quickfix' requested but returned code action is of kind 'refactor'. Code action will be dropped. Please check 'CodeActionContext.only' to only return requested code actions.
2025-12-28 21:30:49.954 [warning] muhammad-sammy.csharp - Code actions of kind 'quickfix' requested but returned code action is of kind 'refactor'. Code action will be dropped. Please check 'CodeActionContext.only' to only return requested code actions.
2025-12-28 21:30:50.267 [warning] muhammad-sammy.csharp - Code actions of kind 'quickfix' requested but returned code action is of kind 'refactor'. Code action will be dropped. Please check 'CodeActionContext.only' to only return requested code actions.
2025-12-28 21:30:50.267 [warning] muhammad-sammy.csharp - Code actions of kind 'quickfix' requested but returned code action is of kind 'refactor'. Code action will be dropped. Please check 'CodeActionContext.only' to only return requested code actions.
2025-12-28 21:30:50.267 [warning] muhammad-sammy.csharp - Code actions of kind 'quickfix' requested but returned code action is of kind 'refactor'. Code action will be dropped. Please check 'CodeActionContext.only' to only return requested code actions.
2025-12-28 21:30:50.267 [warning] muhammad-sammy.csharp - Code actions of kind 'quickfix' requested but returned code action is of kind 'refactor'. Code action will be dropped. Please check 'CodeActionContext.only' to only return requested code actions.
2025-12-28 21:38:57.222 [warning] muhammad-sammy.csharp - Code actions of kind 'quickfix' requested but returned code action is of kind 'refactor'. Code action will be dropped. Please check 'CodeActionContext.only' to only return requested code actions.
2025-12-28 21:38:57.222 [warning] muhammad-sammy.csharp - Code actions of kind 'quickfix' requested but returned code action is of kind 'refactor'. Code action will be dropped. Please check 'CodeActionContext.only' to only return requested code actions.
2025-12-28 21:38:57.222 [warning] muhammad-sammy.csharp - Code actions of kind 'quickfix' requested but returned code action is of kind 'refactor'. Code action will be dropped. Please check 'CodeActionContext.only' to only return requested code actions.
2025-12-28 21:38:57.222 [warning] muhammad-sammy.csharp - Code actions of kind 'quickfix' requested but returned code action is of kind 'refactor'. Code action will be dropped. Please check 'CodeActionContext.only' to only return requested code actions.
2025-12-28 21:38:57.222 [warning] muhammad-sammy.csharp - Code actions of kind 'quickfix' requested but returned code action is of kind 'refactor'. Code action will be dropped. Please check 'CodeActionContext.only' to only return requested code actions.
2025-12-28 21:38:57.222 [warning] muhammad-sammy.csharp - Code actions of kind 'quickfix' requested but returned code action is of kind 'refactor'. Code action will be dropped. Please check 'CodeActionContext.only' to only return requested code actions.
2025-12-28 21:38:57.222 [warning] muhammad-sammy.csharp - Code actions of kind 'quickfix' requested but returned code action is of kind 'refactor'. Code action will be dropped. Please check 'CodeActionContext.only' to only return requested code actions.
2025-12-28 21:38:57.222 [warning] muhammad-sammy.csharp - Code actions of kind 'quickfix' requested but returned code action is of kind 'refactor'. Code action will be dropped. Please check 'CodeActionContext.only' to only return requested code actions.
2025-12-28 21:38:57.222 [warning] muhammad-sammy.csharp - Code actions of kind 'quickfix' requested but returned code action is of kind 'refactor'. Code action will be dropped. Please check 'CodeActionContext.only' to only return requested code actions.
2025-12-28 21:38:57.222 [warning] muhammad-sammy.csharp - Code actions of kind 'quickfix' requested but returned code action is of kind 'refactor'. Code action will be dropped. Please check 'CodeActionContext.only' to only return requested code actions.
