2025-12-28 20:54:19.559 [info] Reading sessions from keychain...
2025-12-28 20:54:19.559 [info] Getting sessions for all scopes...
2025-12-28 20:54:19.559 [info] Got 0 sessions for ...
2025-12-28 20:54:19.559 [info] Getting sessions for all scopes...
2025-12-28 20:54:19.559 [info] Got 0 sessions for ...
2025-12-28 20:54:19.559 [info] Getting sessions for all scopes...
2025-12-28 20:54:19.559 [info] Got 0 sessions for ...
2025-12-28 20:54:19.559 [info] Getting sessions for all scopes...
2025-12-28 20:54:19.559 [info] Got 0 sessions for ...
2025-12-28 20:54:19.559 [info] Getting sessions for all scopes...
2025-12-28 20:54:19.559 [info] Got 0 sessions for ...
2025-12-28 20:54:19.559 [info] Getting sessions for all scopes...
2025-12-28 20:54:19.559 [info] Got 0 sessions for ...
2025-12-28 20:54:19.559 [info] Getting sessions for all scopes...
2025-12-28 20:54:19.559 [info] Got 0 sessions for ...
2025-12-28 20:54:19.559 [info] Getting sessions for all scopes...
2025-12-28 20:54:19.559 [info] Got 0 sessions for ...
2025-12-28 20:54:19.559 [info] Getting sessions for all scopes...
2025-12-28 20:54:19.559 [info] Got 0 sessions for ...
2025-12-28 20:54:19.559 [info] Getting sessions for all scopes...
2025-12-28 20:54:19.559 [info] Got 0 sessions for ...
2025-12-28 20:54:19.559 [info] Getting sessions for all scopes...
2025-12-28 20:54:19.559 [info] Got 0 sessions for ...
2025-12-28 20:54:19.559 [info] Getting sessions for all scopes...
2025-12-28 20:54:19.559 [info] Got 0 sessions for ...
2025-12-28 20:54:19.559 [info] Getting sessions for all scopes...
2025-12-28 20:54:19.559 [info] Got 0 sessions for ...
2025-12-28 20:54:19.559 [info] Getting sessions for all scopes...
2025-12-28 20:54:19.559 [info] Got 0 sessions for ...
2025-12-28 20:54:21.530 [info] Getting sessions for all scopes...
2025-12-28 20:54:21.530 [info] Got 0 sessions for ...
2025-12-28 20:54:25.028 [info] Getting sessions for read:user,repo,user:email,workflow...
2025-12-28 20:54:25.028 [info] Got 0 sessions for read:user,repo,user:email,workflow...
