2025-12-24 09:11:12.974 [info] Extension host with pid 9798 started
2025-12-24 09:11:12.974 [info] Skipping acquiring lock for /home/david/.config/VSCodium/User/workspaceStorage/8c233236dac4f032fe0009f15216766b.
2025-12-24 09:11:13.528 [info] ExtensionService#_doActivateExtension vscode.github-authentication, startup: false, activationEvent: 'onAuthenticationRequest:github'
2025-12-24 09:11:13.607 [info] ExtensionService#_doActivateExtension vscode.emmet, startup: false, activationEvent: 'onLanguage'
2025-12-24 09:11:13.645 [info] ExtensionService#_doActivateExtension cschlosser.doxdocgen, startup: false, activationEvent: 'onLanguage:cpp'
2025-12-24 09:11:13.755 [info] ExtensionService#_doActivateExtension vadimcn.vscode-lldb, startup: false, activationEvent: 'onLanguage:cpp', root cause: franneck94.c-cpp-runner
2025-12-24 09:11:13.797 [info] ExtensionService#_doActivateExtension KylinIdeTeam.cppdebug, startup: false, activationEvent: 'onLanguage:cpp'
2025-12-24 09:11:13.817 [info] ExtensionService#_doActivateExtension KylinIdeTeam.kylin-clangd, startup: false, activationEvent: 'onLanguage:cpp'
2025-12-24 09:11:14.383 [info] ExtensionService#_doActivateExtension vscode.git-base, startup: true, activationEvent: '*', root cause: vscode.git
2025-12-24 09:11:14.390 [info] ExtensionService#_doActivateExtension KylinIdeTeam.cmake-intellisence, startup: true, activationEvent: 'workspaceContains:CMakeLists.txt'
2025-12-24 09:11:14.453 [info] ExtensionService#_doActivateExtension KylinIdeTeam.kylin-cmake-tools, startup: true, activationEvent: 'workspaceContains:CMakeLists.txt'
2025-12-24 09:11:14.729 [info] ExtensionService#_doActivateExtension ms-vscode.cmake-tools, startup: true, activationEvent: 'workspaceContains:CMakeLists.txt'
2025-12-24 09:11:15.055 [info] ExtensionService#_doActivateExtension franneck94.c-cpp-runner, startup: false, activationEvent: 'onLanguage:cpp'
2025-12-24 09:11:15.131 [info] ExtensionService#_doActivateExtension vscode.git, startup: true, activationEvent: '*'
2025-12-24 09:11:15.232 [info] ExtensionService#_doActivateExtension vscode.github, startup: true, activationEvent: '*'
2025-12-24 09:11:15.235 [info] ExtensionService#_doActivateExtension vscode.terminal-suggest, startup: false, activationEvent: 'onTerminalShellIntegration:*'
2025-12-24 09:11:15.478 [error] Activating extension ms-vscode.cmake-tools failed due to an error:
2025-12-24 09:11:15.478 [error] Error: command 'cmake.projectStatus.stop' already exists
	at Qy.registerCommand (file:///usr/share/codium/resources/app/out/vs/workbench/api/node/extensionHostProcess.js:114:47809)
	at Object.registerCommand (file:///usr/share/codium/resources/app/out/vs/workbench/api/node/extensionHostProcess.js:210:121056)
	at new ProjectStatus (/home/david/.vscode-oss/extensions/ms-vscode.cmake-tools-1.21.36-universal/dist/main.js:112459:29)
	at new ExtensionManager (/home/david/.vscode-oss/extensions/ms-vscode.cmake-tools-1.21.36-universal/dist/main.js:98591:30)
	at ExtensionManager.create (/home/david/.vscode-oss/extensions/ms-vscode.cmake-tools-1.21.36-universal/dist/main.js:98954:22)
	at activate (/home/david/.vscode-oss/extensions/ms-vscode.cmake-tools-1.21.36-universal/dist/main.js:100748:55)
	at async Uy._activate (file:///usr/share/codium/resources/app/out/vs/workbench/api/node/extensionHostProcess.js:114:16269)
	at async Uy._waitForDepsThenActivate (file:///usr/share/codium/resources/app/out/vs/workbench/api/node/extensionHostProcess.js:114:16211)
	at async Uy._initialize (file:///usr/share/codium/resources/app/out/vs/workbench/api/node/extensionHostProcess.js:114:15574)
2025-12-24 09:11:16.368 [info] Eager extensions activated
2025-12-24 09:11:16.399 [info] ExtensionService#_doActivateExtension vscode.debug-auto-launch, startup: false, activationEvent: 'onStartupFinished'
2025-12-24 09:11:16.405 [info] ExtensionService#_doActivateExtension vscode.merge-conflict, startup: false, activationEvent: 'onStartupFinished'
2025-12-24 09:11:16.463 [info] ExtensionService#_doActivateExtension franneck94.vscode-c-cpp-config, startup: false, activationEvent: 'onStartupFinished'
2025-12-24 09:11:16.471 [info] ExtensionService#_doActivateExtension jayceeliu.gcc, startup: false, activationEvent: 'onStartupFinished'
2025-12-24 09:11:16.485 [error] Activating extension jayceeliu.gcc failed due to an error:
2025-12-24 09:11:16.485 [error] Error: Cannot find module 'minimatch'
Require stack:
- /home/david/.vscode-oss/extensions/jayceeliu.gcc-0.0.1-universal/out/utils/fileUtils.js
- /home/david/.vscode-oss/extensions/jayceeliu.gcc-0.0.1-universal/out/extension.js
- /usr/share/codium/resources/app/out/vs/workbench/api/node/extensionHostProcess.js
	at Module._resolveFilename (node:internal/modules/cjs/loader:1390:15)
	at n._resolveFilename (node:electron/js2c/utility_init:2:16249)
	at t._resolveFilename (file:///usr/share/codium/resources/app/out/vs/workbench/api/node/extensionHostProcess.js:220:29037)
	at defaultResolveImpl (node:internal/modules/cjs/loader:1032:19)
	at resolveForCJSWithHooks (node:internal/modules/cjs/loader:1037:22)
	at Module._load (node:internal/modules/cjs/loader:1199:37)
	at c._load (node:electron/js2c/node_init:2:17993)
	at e._load (file:///usr/share/codium/resources/app/out/vs/workbench/api/node/extensionHostProcess.js:402:6573)
	at t._load (file:///usr/share/codium/resources/app/out/vs/workbench/api/node/extensionHostProcess.js:220:28755)
	at r._load (file:///usr/share/codium/resources/app/out/vs/workbench/api/node/extensionHostProcess.js:212:24901)
	at TracingChannel.traceSync (node:diagnostics_channel:328:14)
	at wrapModuleLoad (node:internal/modules/cjs/loader:244:24)
	at Module.require (node:internal/modules/cjs/loader:1470:12)
	at require (node:internal/modules/helpers:147:16)
	at Object.<anonymous> (/home/david/.vscode-oss/extensions/jayceeliu.gcc-0.0.1-universal/out/utils/fileUtils.js:6:19)
	at Module._compile (node:internal/modules/cjs/loader:1714:14)
	at Module._extensions..js (node:internal/modules/cjs/loader:1848:10)
	at Module.load (node:internal/modules/cjs/loader:1448:32)
	at Module._load (node:internal/modules/cjs/loader:1270:12)
	at c._load (node:electron/js2c/node_init:2:17993)
	at e._load (file:///usr/share/codium/resources/app/out/vs/workbench/api/node/extensionHostProcess.js:402:6573)
	at t._load (file:///usr/share/codium/resources/app/out/vs/workbench/api/node/extensionHostProcess.js:220:28755)
	at r._load (file:///usr/share/codium/resources/app/out/vs/workbench/api/node/extensionHostProcess.js:212:24901)
	at TracingChannel.traceSync (node:diagnostics_channel:328:14)
	at wrapModuleLoad (node:internal/modules/cjs/loader:244:24)
	at Module.require (node:internal/modules/cjs/loader:1470:12)
	at require (node:internal/modules/helpers:147:16)
	at Object.<anonymous> (/home/david/.vscode-oss/extensions/jayceeliu.gcc-0.0.1-universal/out/extension.js:8:21)
	at Module._compile (node:internal/modules/cjs/loader:1714:14)
	at Module._extensions..js (node:internal/modules/cjs/loader:1848:10)
	at Module.load (node:internal/modules/cjs/loader:1448:32)
	at Module._load (node:internal/modules/cjs/loader:1270:12)
	at c._load (node:electron/js2c/node_init:2:17993)
	at e._load (file:///usr/share/codium/resources/app/out/vs/workbench/api/node/extensionHostProcess.js:402:6573)
	at t._load (file:///usr/share/codium/resources/app/out/vs/workbench/api/node/extensionHostProcess.js:220:28755)
	at r._load (file:///usr/share/codium/resources/app/out/vs/workbench/api/node/extensionHostProcess.js:212:24901)
	at TracingChannel.traceSync (node:diagnostics_channel:328:14)
	at wrapModuleLoad (node:internal/modules/cjs/loader:244:24)
	at Module.require (node:internal/modules/cjs/loader:1470:12)
	at require (node:internal/modules/helpers:147:16)
	at xX._doLoadModule (file:///usr/share/codium/resources/app/out/vs/workbench/api/node/extensionHostProcess.js:251:1632)
2025-12-24 09:11:18.454 [error] [KylinIdeTeam.kylin-clangd] provider FAILED
2025-12-24 09:11:18.454 [error] {"_isCancelled":true,"_emitter":null}
2025-12-24 09:11:18.455 [error] [KylinIdeTeam.kylin-clangd] provider FAILED
2025-12-24 09:11:18.455 [error] {"_isCancelled":true,"_emitter":null}
2025-12-24 09:11:18.455 [error] [KylinIdeTeam.kylin-clangd] provider FAILED
2025-12-24 09:11:18.455 [error] {"_isCancelled":true,"_emitter":null}
2025-12-24 09:11:27.122 [info] Extension host terminating: renderer closed the MessagePort
2025-12-24 09:11:27.144 [info] Extension host with pid 9798 exiting with code 0
2025-12-24 09:11:28.985 [info] Extension host with pid 10294 started
2025-12-24 09:11:28.985 [info] Skipping acquiring lock for /home/david/.config/VSCodium/User/workspaceStorage/49719b1249e86430ea5721b45d0cad83.
2025-12-24 09:11:29.143 [info] ExtensionService#_doActivateExtension vscode.github-authentication, startup: false, activationEvent: 'onAuthenticationRequest:github'
2025-12-24 09:11:29.202 [info] ExtensionService#_doActivateExtension vscode.terminal-suggest, startup: false, activationEvent: 'onTerminalShellIntegration:*'
2025-12-24 09:11:29.418 [info] ExtensionService#_doActivateExtension vscode.git-base, startup: true, activationEvent: '*', root cause: vscode.git
2025-12-24 09:11:29.547 [info] ExtensionService#_doActivateExtension vscode.git, startup: true, activationEvent: '*'
2025-12-24 09:11:29.646 [info] ExtensionService#_doActivateExtension vscode.github, startup: true, activationEvent: '*'
2025-12-24 09:11:29.648 [info] ExtensionService#_doActivateExtension vadimcn.vscode-lldb, startup: true, activationEvent: 'workspaceContains:*.h,*.c,*.hh,*.cc,*.hxx,*.cxx,*.hpp,*.cpp,*.cu', root cause: franneck94.c-cpp-runner
2025-12-24 09:11:29.777 [info] ExtensionService#_doActivateExtension franneck94.c-cpp-runner, startup: true, activationEvent: 'workspaceContains:*.h,*.c,*.hh,*.cc,*.hxx,*.cxx,*.hpp,*.cpp,*.cu'
2025-12-24 09:11:29.893 [info] Eager extensions activated
2025-12-24 09:11:29.918 [info] ExtensionService#_doActivateExtension vscode.debug-auto-launch, startup: false, activationEvent: 'onStartupFinished'
2025-12-24 09:11:29.921 [info] ExtensionService#_doActivateExtension vscode.merge-conflict, startup: false, activationEvent: 'onStartupFinished'
2025-12-24 09:11:29.956 [info] ExtensionService#_doActivateExtension franneck94.vscode-c-cpp-config, startup: false, activationEvent: 'onStartupFinished'
2025-12-24 09:11:29.961 [info] ExtensionService#_doActivateExtension jayceeliu.gcc, startup: false, activationEvent: 'onStartupFinished'
2025-12-24 09:11:29.973 [error] Activating extension jayceeliu.gcc failed due to an error:
2025-12-24 09:11:29.973 [error] Error: Cannot find module 'minimatch'
Require stack:
- /home/david/.vscode-oss/extensions/jayceeliu.gcc-0.0.1-universal/out/utils/fileUtils.js
- /home/david/.vscode-oss/extensions/jayceeliu.gcc-0.0.1-universal/out/extension.js
- /usr/share/codium/resources/app/out/vs/workbench/api/node/extensionHostProcess.js
	at Module._resolveFilename (node:internal/modules/cjs/loader:1390:15)
	at n._resolveFilename (node:electron/js2c/utility_init:2:16249)
	at t._resolveFilename (file:///usr/share/codium/resources/app/out/vs/workbench/api/node/extensionHostProcess.js:220:29037)
	at defaultResolveImpl (node:internal/modules/cjs/loader:1032:19)
	at resolveForCJSWithHooks (node:internal/modules/cjs/loader:1037:22)
	at Module._load (node:internal/modules/cjs/loader:1199:37)
	at c._load (node:electron/js2c/node_init:2:17993)
	at e._load (file:///usr/share/codium/resources/app/out/vs/workbench/api/node/extensionHostProcess.js:402:6573)
	at t._load (file:///usr/share/codium/resources/app/out/vs/workbench/api/node/extensionHostProcess.js:220:28755)
	at r._load (file:///usr/share/codium/resources/app/out/vs/workbench/api/node/extensionHostProcess.js:212:24901)
	at TracingChannel.traceSync (node:diagnostics_channel:328:14)
	at wrapModuleLoad (node:internal/modules/cjs/loader:244:24)
	at Module.require (node:internal/modules/cjs/loader:1470:12)
	at require (node:internal/modules/helpers:147:16)
	at Object.<anonymous> (/home/david/.vscode-oss/extensions/jayceeliu.gcc-0.0.1-universal/out/utils/fileUtils.js:6:19)
	at Module._compile (node:internal/modules/cjs/loader:1714:14)
	at Module._extensions..js (node:internal/modules/cjs/loader:1848:10)
	at Module.load (node:internal/modules/cjs/loader:1448:32)
	at Module._load (node:internal/modules/cjs/loader:1270:12)
	at c._load (node:electron/js2c/node_init:2:17993)
	at e._load (file:///usr/share/codium/resources/app/out/vs/workbench/api/node/extensionHostProcess.js:402:6573)
	at t._load (file:///usr/share/codium/resources/app/out/vs/workbench/api/node/extensionHostProcess.js:220:28755)
	at r._load (file:///usr/share/codium/resources/app/out/vs/workbench/api/node/extensionHostProcess.js:212:24901)
	at TracingChannel.traceSync (node:diagnostics_channel:328:14)
	at wrapModuleLoad (node:internal/modules/cjs/loader:244:24)
	at Module.require (node:internal/modules/cjs/loader:1470:12)
	at require (node:internal/modules/helpers:147:16)
	at Object.<anonymous> (/home/david/.vscode-oss/extensions/jayceeliu.gcc-0.0.1-universal/out/extension.js:8:21)
	at Module._compile (node:internal/modules/cjs/loader:1714:14)
	at Module._extensions..js (node:internal/modules/cjs/loader:1848:10)
	at Module.load (node:internal/modules/cjs/loader:1448:32)
	at Module._load (node:internal/modules/cjs/loader:1270:12)
	at c._load (node:electron/js2c/node_init:2:17993)
	at e._load (file:///usr/share/codium/resources/app/out/vs/workbench/api/node/extensionHostProcess.js:402:6573)
	at t._load (file:///usr/share/codium/resources/app/out/vs/workbench/api/node/extensionHostProcess.js:220:28755)
	at r._load (file:///usr/share/codium/resources/app/out/vs/workbench/api/node/extensionHostProcess.js:212:24901)
	at TracingChannel.traceSync (node:diagnostics_channel:328:14)
	at wrapModuleLoad (node:internal/modules/cjs/loader:244:24)
	at Module.require (node:internal/modules/cjs/loader:1470:12)
	at require (node:internal/modules/helpers:147:16)
	at xX._doLoadModule (file:///usr/share/codium/resources/app/out/vs/workbench/api/node/extensionHostProcess.js:251:1632)
2025-12-24 09:11:36.349 [info] ExtensionService#_doActivateExtension vscode.emmet, startup: false, activationEvent: 'onLanguage'
2025-12-24 09:17:58.097 [info] ExtensionService#_doActivateExtension vscode.npm, startup: false, activationEvent: 'onTerminalQuickFixRequest:ms-vscode.npm-command'
2025-12-24 10:26:32.302 [info] ExtensionService#_doActivateExtension cschlosser.doxdocgen, startup: false, activationEvent: 'onLanguage:c'
2025-12-24 10:26:32.332 [info] ExtensionService#_doActivateExtension KylinIdeTeam.cppdebug, startup: false, activationEvent: 'onLanguage:c'
2025-12-24 10:26:32.338 [info] ExtensionService#_doActivateExtension KylinIdeTeam.kylin-clangd, startup: false, activationEvent: 'onLanguage:c'
2025-12-24 10:26:32.398 [info] ExtensionService#_doActivateExtension KylinIdeTeam.kylin-cmake-tools, startup: false, activationEvent: 'api', root cause: KylinIdeTeam.kylin-clangd
2025-12-24 11:44:22.626 [error] [KylinIdeTeam.kylin-clangd] provider FAILED
2025-12-24 11:44:22.627 [error] {"_isCancelled":true,"_emitter":null}
2025-12-24 11:55:27.040 [info] ExtensionService#_doActivateExtension vscode.debug-server-ready, startup: false, activationEvent: 'onDebugResolve'
