2025-12-29 10:09:41.706 [info] [main] Log level: Info
2025-12-29 10:09:41.706 [info] [main] Validating found git in: "git"
2025-12-29 10:09:41.706 [info] [main] Using git "2.52.0" from "git"
2025-12-29 10:09:41.706 [info] [Model][doInitialScan] Initial repository scan started
2025-12-29 10:09:41.706 [info] > git rev-parse --show-toplevel [3ms]
2025-12-29 10:09:41.706 [info] > git rev-parse --git-dir --git-common-dir --show-superproject-working-tree [5ms]
2025-12-29 10:09:41.706 [info] [Model][openRepository] Opened repository (path): /home/david/Documentos/Git/EstoyLocoyotrascosas
2025-12-29 10:09:41.706 [info] [Model][openRepository] Opened repository (real path): /home/david/Documentos/Git/EstoyLocoyotrascosas
2025-12-29 10:09:41.706 [info] [Model][openRepository] Opened repository (kind): repository
2025-12-29 10:09:41.706 [info] > git rev-parse --show-toplevel [4ms]
2025-12-29 10:09:41.706 [info] > git config --get commit.template [7ms]
2025-12-29 10:09:41.706 [info] > git for-each-ref --format=%(refname)%00%(upstream:short)%00%(objectname)%00%(upstream:track)%00%(upstream:remotename)%00%(upstream:remoteref) refs/heads/main refs/remotes/main [7ms]
2025-12-29 10:09:41.707 [info] > git rev-parse --show-toplevel [2ms]
2025-12-29 10:09:41.720 [info] > git rev-parse --show-toplevel [10ms]
2025-12-29 10:09:41.723 [info] > git for-each-ref --sort -committerdate --format %(refname)%00%(objectname)%00%(*objectname) [4ms]
2025-12-29 10:09:41.751 [info] > git status -z -uall [35ms]
2025-12-29 10:09:41.751 [info] > git rev-parse --show-toplevel [29ms]
2025-12-29 10:09:41.769 [info] > git for-each-ref --format=%(refname)%00%(upstream:short)%00%(objectname)%00%(upstream:track)%00%(upstream:remotename)%00%(upstream:remoteref) refs/heads/main refs/remotes/main [11ms]
2025-12-29 10:09:41.773 [info] > git config --get --local branch.main.vscode-merge-base [2ms]
2025-12-29 10:09:41.776 [info] > git config --get commit.template [7ms]
2025-12-29 10:09:41.776 [info] > git rev-parse --show-toplevel [10ms]
2025-12-29 10:09:41.782 [info] > git for-each-ref --format=%(refname)%00%(upstream:short)%00%(objectname)%00%(upstream:track)%00%(upstream:remotename)%00%(upstream:remoteref) refs/heads/origin/main refs/remotes/origin/main [6ms]
2025-12-29 10:09:41.789 [info] > git rev-parse --show-toplevel [7ms]
2025-12-29 10:09:41.791 [info] > git merge-base refs/heads/main refs/remotes/origin/main [5ms]
2025-12-29 10:09:41.795 [info] > git rev-parse --show-toplevel [4ms]
2025-12-29 10:09:41.795 [info] > git for-each-ref --format=%(refname)%00%(upstream:short)%00%(objectname)%00%(upstream:track)%00%(upstream:remotename)%00%(upstream:remoteref) refs/heads/main refs/remotes/main [6ms]
2025-12-29 10:09:41.798 [info] > git diff --name-status -z --diff-filter=ADMR --find-renames=50% 01288e1804e59a09fa1d182a8a9e22faeae7b73f...refs/remotes/origin/main -- [4ms]
2025-12-29 10:09:41.799 [info] > git rev-parse --show-toplevel [1ms]
2025-12-29 10:09:41.799 [info] [Model][doInitialScan] Initial repository scan completed - repositories (1), closed repositories (0), parent repositories (0), unsafe repositories (0)
2025-12-29 10:09:41.805 [info] > git for-each-ref --sort -committerdate --format %(refname)%00%(objectname)%00%(*objectname) [1ms]
2025-12-29 10:09:41.808 [info] > git status -z -uall [6ms]
2025-12-29 10:09:41.987 [info] > git show --textconv :WhenTheSpringEnds/Scripts/DialogueManager/InGameScripts/DialogueManager.cs [3ms]
2025-12-29 10:09:41.987 [info] > git ls-files --stage -- WhenTheSpringEnds/Scripts/DialogueManager/InGameScripts/DialogueManager.cs [1ms]
2025-12-29 10:09:41.991 [info] > git cat-file -s 8ee204140083ab66a14b197e39118fec44664bd9 [1ms]
2025-12-29 10:09:42.010 [info] > git blame --root --incremental 01288e1804e59a09fa1d182a8a9e22faeae7b73f -- WhenTheSpringEnds/Scripts/DialogueManager/InGameScripts/DialogueManager.cs [1ms]
2025-12-29 10:09:42.185 [info] > git check-ignore -v -z --stdin [1ms]
2025-12-29 10:09:56.400 [info] [main] Log level: Info
2025-12-29 10:09:56.400 [info] [main] Validating found git in: "git"
2025-12-29 10:09:56.400 [info] [main] Using git "2.52.0" from "git"
2025-12-29 10:09:56.400 [info] [Model][doInitialScan] Initial repository scan started
2025-12-29 10:09:56.400 [info] > git rev-parse --show-toplevel [5ms]
2025-12-29 10:09:56.400 [info] fatal: not a git repository (or any parent up to mount point /)
Stopping at filesystem boundary (GIT_DISCOVERY_ACROSS_FILESYSTEM not set).
2025-12-29 10:09:56.400 [info] > git rev-parse --show-toplevel [3ms]
2025-12-29 10:09:56.400 [info] fatal: not a git repository (or any parent up to mount point /)
Stopping at filesystem boundary (GIT_DISCOVERY_ACROSS_FILESYSTEM not set).
2025-12-29 10:09:56.400 [info] > git rev-parse --show-toplevel [2ms]
2025-12-29 10:09:56.400 [info] fatal: not a git repository (or any parent up to mount point /)
Stopping at filesystem boundary (GIT_DISCOVERY_ACROSS_FILESYSTEM not set).
2025-12-29 10:09:56.401 [info] > git rev-parse --show-toplevel [2ms]
2025-12-29 10:09:56.401 [info] fatal: not a git repository (or any parent up to mount point /)
Stopping at filesystem boundary (GIT_DISCOVERY_ACROSS_FILESYSTEM not set).
2025-12-29 10:09:56.411 [info] > git rev-parse --show-toplevel [7ms]
2025-12-29 10:09:56.411 [info] fatal: not a git repository (or any parent up to mount point /)
Stopping at filesystem boundary (GIT_DISCOVERY_ACROSS_FILESYSTEM not set).
2025-12-29 10:09:56.411 [info] [Model][doInitialScan] Initial repository scan completed - repositories (0), closed repositories (0), parent repositories (0), unsafe repositories (0)
2025-12-29 10:09:56.995 [info] > git rev-parse --show-toplevel [1ms]
2025-12-29 10:09:56.995 [info] fatal: not a git repository (or any parent up to mount point /)
Stopping at filesystem boundary (GIT_DISCOVERY_ACROSS_FILESYSTEM not set).
2025-12-29 10:09:57.586 [info] > git rev-parse --show-toplevel [1ms]
2025-12-29 10:09:57.586 [info] fatal: not a git repository (or any parent up to mount point /)
Stopping at filesystem boundary (GIT_DISCOVERY_ACROSS_FILESYSTEM not set).
2025-12-29 10:12:36.972 [info] > git rev-parse --show-toplevel [1ms]
2025-12-29 10:12:36.972 [info] fatal: not a git repository (or any parent up to mount point /)
Stopping at filesystem boundary (GIT_DISCOVERY_ACROSS_FILESYSTEM not set).
2025-12-29 10:21:30.917 [info] > git rev-parse --show-toplevel [1ms]
2025-12-29 10:21:30.917 [info] fatal: not a git repository (or any parent up to mount point /)
Stopping at filesystem boundary (GIT_DISCOVERY_ACROSS_FILESYSTEM not set).
2025-12-29 10:36:00.512 [info] > git rev-parse --show-toplevel [1ms]
2025-12-29 10:36:00.512 [info] fatal: not a git repository (or any parent up to mount point /)
Stopping at filesystem boundary (GIT_DISCOVERY_ACROSS_FILESYSTEM not set).
2025-12-29 10:43:50.597 [info] > git rev-parse --show-toplevel [1ms]
2025-12-29 10:43:50.597 [info] fatal: not a git repository (or any parent up to mount point /)
Stopping at filesystem boundary (GIT_DISCOVERY_ACROSS_FILESYSTEM not set).
2025-12-29 10:44:26.310 [info] > git rev-parse --show-toplevel [1ms]
2025-12-29 10:44:26.310 [info] fatal: not a git repository (or any parent up to mount point /)
Stopping at filesystem boundary (GIT_DISCOVERY_ACROSS_FILESYSTEM not set).
2025-12-29 10:44:28.341 [info] > git rev-parse --show-toplevel [2ms]
2025-12-29 10:44:28.341 [info] fatal: not a git repository (or any parent up to mount point /)
Stopping at filesystem boundary (GIT_DISCOVERY_ACROSS_FILESYSTEM not set).
2025-12-29 10:44:44.853 [info] > git rev-parse --show-toplevel [1ms]
2025-12-29 10:44:44.853 [info] fatal: not a git repository (or any parent up to mount point /)
Stopping at filesystem boundary (GIT_DISCOVERY_ACROSS_FILESYSTEM not set).
2025-12-29 10:44:50.675 [info] > git rev-parse --show-toplevel [1ms]
2025-12-29 10:44:50.675 [info] fatal: not a git repository (or any parent up to mount point /)
Stopping at filesystem boundary (GIT_DISCOVERY_ACROSS_FILESYSTEM not set).
2025-12-29 10:44:54.957 [info] > git rev-parse --show-toplevel [1ms]
2025-12-29 10:44:54.957 [info] fatal: not a git repository (or any parent up to mount point /)
Stopping at filesystem boundary (GIT_DISCOVERY_ACROSS_FILESYSTEM not set).
2025-12-29 10:44:55.801 [info] > git rev-parse --show-toplevel [1ms]
2025-12-29 10:44:55.801 [info] fatal: not a git repository (or any parent up to mount point /)
Stopping at filesystem boundary (GIT_DISCOVERY_ACROSS_FILESYSTEM not set).
2025-12-29 10:45:02.556 [info] > git rev-parse --show-toplevel [1ms]
2025-12-29 10:45:02.556 [info] fatal: not a git repository (or any parent up to mount point /)
Stopping at filesystem boundary (GIT_DISCOVERY_ACROSS_FILESYSTEM not set).
2025-12-29 10:54:00.947 [info] > git rev-parse --show-toplevel [1ms]
2025-12-29 10:54:00.947 [info] fatal: not a git repository (or any parent up to mount point /)
Stopping at filesystem boundary (GIT_DISCOVERY_ACROSS_FILESYSTEM not set).
2025-12-29 10:54:08.006 [info] > git rev-parse --show-toplevel [0ms]
2025-12-29 10:54:08.006 [info] fatal: not a git repository (or any parent up to mount point /)
Stopping at filesystem boundary (GIT_DISCOVERY_ACROSS_FILESYSTEM not set).
2025-12-29 11:05:03.312 [info] > git rev-parse --show-toplevel [1ms]
2025-12-29 11:05:03.312 [info] fatal: not a git repository (or any parent up to mount point /)
Stopping at filesystem boundary (GIT_DISCOVERY_ACROSS_FILESYSTEM not set).
2025-12-29 11:07:48.060 [info] > git rev-parse --show-toplevel [1ms]
2025-12-29 11:07:48.060 [info] fatal: not a git repository (or any parent up to mount point /)
Stopping at filesystem boundary (GIT_DISCOVERY_ACROSS_FILESYSTEM not set).
2025-12-29 11:09:14.518 [info] > git rev-parse --show-toplevel [1ms]
2025-12-29 11:09:14.518 [info] fatal: not a git repository (or any parent up to mount point /)
Stopping at filesystem boundary (GIT_DISCOVERY_ACROSS_FILESYSTEM not set).
2025-12-29 11:12:02.659 [info] > git rev-parse --show-toplevel [1ms]
2025-12-29 11:12:02.659 [info] fatal: not a git repository (or any parent up to mount point /)
Stopping at filesystem boundary (GIT_DISCOVERY_ACROSS_FILESYSTEM not set).
2025-12-29 11:12:04.469 [info] > git rev-parse --show-toplevel [1ms]
2025-12-29 11:12:04.469 [info] fatal: not a git repository (or any parent up to mount point /)
Stopping at filesystem boundary (GIT_DISCOVERY_ACROSS_FILESYSTEM not set).
2025-12-29 11:13:18.380 [info] > git rev-parse --show-toplevel [1ms]
2025-12-29 11:13:18.380 [info] fatal: not a git repository (or any parent up to mount point /)
Stopping at filesystem boundary (GIT_DISCOVERY_ACROSS_FILESYSTEM not set).
2025-12-29 11:17:10.751 [info] > git rev-parse --show-toplevel [0ms]
2025-12-29 11:17:10.751 [info] fatal: not a git repository (or any parent up to mount point /)
Stopping at filesystem boundary (GIT_DISCOVERY_ACROSS_FILESYSTEM not set).
2025-12-29 11:17:21.862 [info] > git rev-parse --show-toplevel [2ms]
2025-12-29 11:17:21.862 [info] fatal: not a git repository (or any parent up to mount point /)
Stopping at filesystem boundary (GIT_DISCOVERY_ACROSS_FILESYSTEM not set).
2025-12-29 11:18:01.897 [info] > git rev-parse --show-toplevel [1ms]
2025-12-29 11:18:01.897 [info] fatal: not a git repository (or any parent up to mount point /)
Stopping at filesystem boundary (GIT_DISCOVERY_ACROSS_FILESYSTEM not set).
2025-12-29 11:18:31.213 [info] > git rev-parse --show-toplevel [2ms]
2025-12-29 11:18:31.213 [info] fatal: not a git repository (or any parent up to mount point /)
Stopping at filesystem boundary (GIT_DISCOVERY_ACROSS_FILESYSTEM not set).
2025-12-29 11:18:40.471 [info] > git rev-parse --show-toplevel [1ms]
2025-12-29 11:18:40.471 [info] fatal: not a git repository (or any parent up to mount point /)
Stopping at filesystem boundary (GIT_DISCOVERY_ACROSS_FILESYSTEM not set).
2025-12-29 11:24:02.265 [info] > git rev-parse --show-toplevel [1ms]
2025-12-29 11:24:02.265 [info] fatal: not a git repository (or any parent up to mount point /)
Stopping at filesystem boundary (GIT_DISCOVERY_ACROSS_FILESYSTEM not set).
2025-12-29 11:24:18.539 [info] > git rev-parse --show-toplevel [1ms]
2025-12-29 11:24:18.539 [info] fatal: not a git repository (or any parent up to mount point /)
Stopping at filesystem boundary (GIT_DISCOVERY_ACROSS_FILESYSTEM not set).
2025-12-29 11:46:00.837 [info] > git rev-parse --show-toplevel [1ms]
2025-12-29 11:46:00.837 [info] fatal: not a git repository (or any parent up to mount point /)
Stopping at filesystem boundary (GIT_DISCOVERY_ACROSS_FILESYSTEM not set).
2025-12-29 11:46:01.919 [info] > git rev-parse --show-toplevel [1ms]
2025-12-29 11:46:01.919 [info] fatal: not a git repository (or any parent up to mount point /)
Stopping at filesystem boundary (GIT_DISCOVERY_ACROSS_FILESYSTEM not set).
2025-12-29 11:46:02.866 [info] > git rev-parse --show-toplevel [2ms]
2025-12-29 11:46:02.866 [info] fatal: not a git repository (or any parent up to mount point /)
Stopping at filesystem boundary (GIT_DISCOVERY_ACROSS_FILESYSTEM not set).
2025-12-29 11:46:03.637 [info] > git rev-parse --show-toplevel [0ms]
2025-12-29 11:46:03.637 [info] fatal: not a git repository (or any parent up to mount point /)
Stopping at filesystem boundary (GIT_DISCOVERY_ACROSS_FILESYSTEM not set).
2025-12-29 11:46:04.291 [info] > git rev-parse --show-toplevel [1ms]
2025-12-29 11:46:04.291 [info] fatal: not a git repository (or any parent up to mount point /)
Stopping at filesystem boundary (GIT_DISCOVERY_ACROSS_FILESYSTEM not set).
2025-12-29 11:46:07.629 [info] > git rev-parse --show-toplevel [0ms]
2025-12-29 11:46:07.629 [info] fatal: not a git repository (or any parent up to mount point /)
Stopping at filesystem boundary (GIT_DISCOVERY_ACROSS_FILESYSTEM not set).
2025-12-29 11:46:08.574 [info] > git rev-parse --show-toplevel [1ms]
2025-12-29 11:46:08.574 [info] fatal: not a git repository (or any parent up to mount point /)
Stopping at filesystem boundary (GIT_DISCOVERY_ACROSS_FILESYSTEM not set).
2025-12-29 11:46:20.152 [info] > git rev-parse --show-toplevel [0ms]
2025-12-29 11:46:20.152 [info] fatal: not a git repository (or any parent up to mount point /)
Stopping at filesystem boundary (GIT_DISCOVERY_ACROSS_FILESYSTEM not set).
2025-12-29 11:46:24.737 [info] > git rev-parse --show-toplevel [1ms]
2025-12-29 11:46:24.737 [info] fatal: not a git repository (or any parent up to mount point /)
Stopping at filesystem boundary (GIT_DISCOVERY_ACROSS_FILESYSTEM not set).
