2025-12-28 11:04:17.999 [info] [main] Log level: Info
2025-12-28 11:04:17.999 [info] [main] Validating found git in: "git"
2025-12-28 11:04:17.999 [info] [main] Using git "2.52.0" from "git"
2025-12-28 11:04:17.999 [info] [Model][doInitialScan] Initial repository scan started
2025-12-28 11:04:17.999 [info] > git rev-parse --show-toplevel [3ms]
2025-12-28 11:04:17.999 [info] fatal: not a git repository (or any parent up to mount point /)
Stopping at filesystem boundary (GIT_DISCOVERY_ACROSS_FILESYSTEM not set).
2025-12-28 11:04:17.999 [info] > git rev-parse --show-toplevel [3ms]
2025-12-28 11:04:17.999 [info] fatal: not a git repository (or any parent up to mount point /)
Stopping at filesystem boundary (GIT_DISCOVERY_ACROSS_FILESYSTEM not set).
2025-12-28 11:04:17.999 [info] > git rev-parse --show-toplevel [1ms]
2025-12-28 11:04:17.999 [info] fatal: not a git repository (or any parent up to mount point /)
Stopping at filesystem boundary (GIT_DISCOVERY_ACROSS_FILESYSTEM not set).
2025-12-28 11:04:17.999 [info] > git rev-parse --show-toplevel [1ms]
2025-12-28 11:04:17.999 [info] fatal: not a git repository (or any parent up to mount point /)
Stopping at filesystem boundary (GIT_DISCOVERY_ACROSS_FILESYSTEM not set).
2025-12-28 11:04:17.999 [info] > git rev-parse --show-toplevel [2ms]
2025-12-28 11:04:17.999 [info] fatal: not a git repository (or any parent up to mount point /)
Stopping at filesystem boundary (GIT_DISCOVERY_ACROSS_FILESYSTEM not set).
2025-12-28 11:04:17.999 [info] [Model][doInitialScan] Initial repository scan completed - repositories (0), closed repositories (0), parent repositories (0), unsafe repositories (0)
2025-12-28 11:04:18.444 [info] > git rev-parse --show-toplevel [0ms]
2025-12-28 11:04:18.444 [info] fatal: not a git repository (or any parent up to mount point /)
Stopping at filesystem boundary (GIT_DISCOVERY_ACROSS_FILESYSTEM not set).
2025-12-28 11:04:19.304 [info] > git rev-parse --show-toplevel [1ms]
2025-12-28 11:04:19.304 [info] fatal: not a git repository (or any parent up to mount point /)
Stopping at filesystem boundary (GIT_DISCOVERY_ACROSS_FILESYSTEM not set).
