I[11:51:05.982] clangd version 21.0.0git (https://github.com/llvm/llvm-project c6cec7bd9cef993b377903b88375e00badcbf11b)
I[11:51:05.982] Features: linux
I[11:51:05.982] PID: 38671
I[11:51:05.982] Working directory: /home/david/Documentos/prueba_OS
I[11:51:05.982] argv[0]: /home/david/.vscode-oss/extensions/kylinideteam.kylin-clangd-0.4.0-linux-x64/res/clangd/bin/clangd
I[11:51:05.982] argv[1]: --clang-tidy=1
I[11:51:05.982] Starting LSP over stdin/stdout
I[11:51:05.988] <-- initialize(0)
I[11:51:05.990] --> reply:initialize(0) 2 ms
I[11:51:05.994] <-- initialized
I[11:51:06.009] <-- textDocument/didOpen
I[11:51:06.009] --> textDocument/publishDiagnostics
I[11:51:06.010] Failed to find compilation database for /home/david/Documentos/prueba_OS/RepasoExamen/311.c
I[11:51:06.010] ASTWorker building file /home/david/Documentos/prueba_OS/RepasoExamen/311.c version 1 with command clangd fallback
[/home/david/Documentos/prueba_OS/RepasoExamen]
/usr/bin/clang -resource-dir=/home/david/.vscode-oss/extensions/kylinideteam.kylin-clangd-0.4.0-linux-x64/res/clangd/lib/clang/21 -- /home/david/Documentos/prueba_OS/RepasoExamen/311.c
I[11:51:06.011] --> textDocument/clangd.fileStatus
I[11:51:06.055] <-- textDocument/codeAction(1)
I[11:51:06.073] Built preamble of size 756336 for file /home/david/Documentos/prueba_OS/RepasoExamen/311.c version 1 in 0.06 seconds
I[11:51:06.074] --> workspace/semanticTokens/refresh(0)
I[11:51:06.074] Indexing c17 standard library in the context of /home/david/Documentos/prueba_OS/RepasoExamen/311.c
I[11:51:06.077] <-- reply(0)
I[11:51:06.088] --> textDocument/publishDiagnostics
I[11:51:06.088] --> textDocument/inactiveRegions
I[11:51:06.088] --> reply:textDocument/codeAction(1) 33 ms
I[11:51:06.088] --> textDocument/clangd.fileStatus
I[11:51:06.141] <-- textDocument/documentLink(2)
I[11:51:06.141] <-- textDocument/inlayHint(3)
I[11:51:06.141] --> reply:textDocument/documentLink(2) 0 ms
I[11:51:06.142] --> reply:textDocument/inlayHint(3) 0 ms
I[11:51:06.142] --> textDocument/clangd.fileStatus
I[11:51:06.268] Indexed c17 standard library: 2884 symbols, 11 filtered
I[11:51:06.299] <-- textDocument/foldingRange(4)
I[11:51:06.300] --> reply:textDocument/foldingRange(4) 0 ms
I[11:51:06.335] <-- textDocument/codeAction(5)
I[11:51:06.335] <-- $/cancelRequest
I[11:51:06.335] --> reply:textDocument/codeAction(5) 0 ms, error: Task was cancelled.
I[11:51:06.335] <-- textDocument/codeAction(6)
I[11:51:06.335] --> textDocument/clangd.fileStatus
I[11:51:06.335] --> reply:textDocument/codeAction(6) 0 ms
[Error - 11:51:06] Request textDocument/codeAction failed.
[object Object]
I[11:51:06.335] --> textDocument/clangd.fileStatus
I[11:51:06.369] <-- textDocument/documentSymbol(7)
I[11:51:06.369] --> reply:textDocument/documentSymbol(7) 0 ms
I[11:51:06.369] --> textDocument/clangd.fileStatus
I[11:51:06.472] <-- $/setTrace
I[11:51:06.472] unhandled notification $/setTrace
I[11:51:06.696] <-- $/setTrace
I[11:51:06.696] unhandled notification $/setTrace
I[11:51:06.833] <-- textDocument/codeAction(8)
I[11:51:06.833] --> reply:textDocument/codeAction(8) 0 ms
I[11:51:06.833] --> textDocument/clangd.fileStatus
I[11:51:06.852] <-- textDocument/documentLink(9)
I[11:51:06.853] --> reply:textDocument/documentLink(9) 0 ms
I[11:51:06.853] --> textDocument/clangd.fileStatus
I[11:51:06.925] <-- textDocument/inlayHint(10)
I[11:51:06.926] --> reply:textDocument/inlayHint(10) 0 ms
I[11:51:06.926] --> textDocument/clangd.fileStatus
I[11:51:07.014] <-- textDocument/documentSymbol(11)
I[11:51:07.015] --> reply:textDocument/documentSymbol(11) 0 ms
I[11:51:07.015] --> textDocument/clangd.fileStatus
I[11:51:43.060] <-- textDocument/documentHighlight(12)
I[11:51:43.063] --> reply:textDocument/documentHighlight(12) 2 ms
I[11:51:43.063] --> textDocument/clangd.fileStatus
I[11:52:59.255] <-- textDocument/documentHighlight(13)
I[11:52:59.255] --> reply:textDocument/documentHighlight(13) 0 ms
I[11:52:59.255] --> textDocument/clangd.fileStatus
I[12:02:40.359] <-- textDocument/documentHighlight(14)
I[12:02:40.360] --> reply:textDocument/documentHighlight(14) 0 ms
I[12:02:40.360] --> textDocument/clangd.fileStatus
I[12:02:44.469] <-- textDocument/documentHighlight(15)
I[12:02:44.469] --> reply:textDocument/documentHighlight(15) 0 ms
I[12:02:44.469] --> textDocument/clangd.fileStatus
I[12:03:11.554] <-- textDocument/documentHighlight(16)
I[12:03:11.554] --> reply:textDocument/documentHighlight(16) 0 ms
I[12:03:11.554] --> textDocument/clangd.fileStatus
I[12:03:11.756] <-- textDocument/inlayHint(17)
I[12:03:11.756] --> reply:textDocument/inlayHint(17) 0 ms
I[12:03:11.756] --> textDocument/clangd.fileStatus
