2025-12-26 09:16:19.530 [info] [main] Log level: Info
2025-12-26 09:16:19.530 [info] [main] Validating found git in: "git"
2025-12-26 09:16:19.530 [info] [main] Using git "2.52.0" from "git"
2025-12-26 09:16:19.530 [info] [Model][doInitialScan] Initial repository scan started
2025-12-26 09:16:19.530 [info] > git rev-parse --show-toplevel [8ms]
2025-12-26 09:16:19.530 [info] fatal: not a git repository (or any parent up to mount point /)
Stopping at filesystem boundary (GIT_DISCOVERY_ACROSS_FILESYSTEM not set).
2025-12-26 09:16:19.530 [info] > git rev-parse --show-toplevel [5ms]
2025-12-26 09:16:19.530 [info] fatal: not a git repository (or any parent up to mount point /)
Stopping at filesystem boundary (GIT_DISCOVERY_ACROSS_FILESYSTEM not set).
2025-12-26 09:16:19.530 [info] > git rev-parse --show-toplevel [5ms]
2025-12-26 09:16:19.530 [info] fatal: not a git repository (or any parent up to mount point /)
Stopping at filesystem boundary (GIT_DISCOVERY_ACROSS_FILESYSTEM not set).
2025-12-26 09:16:19.530 [info] > git rev-parse --show-toplevel [8ms]
2025-12-26 09:16:19.530 [info] fatal: not a git repository (or any parent up to mount point /)
Stopping at filesystem boundary (GIT_DISCOVERY_ACROSS_FILESYSTEM not set).
2025-12-26 09:16:19.530 [info] > git rev-parse --show-toplevel [1ms]
2025-12-26 09:16:19.530 [info] fatal: not a git repository (or any parent up to mount point /)
Stopping at filesystem boundary (GIT_DISCOVERY_ACROSS_FILESYSTEM not set).
2025-12-26 09:16:19.530 [info] [Model][doInitialScan] Initial repository scan completed - repositories (0), closed repositories (0), parent repositories (0), unsafe repositories (0)
2025-12-26 09:16:19.933 [info] > git rev-parse --show-toplevel [1ms]
2025-12-26 09:16:19.933 [info] fatal: not a git repository (or any parent up to mount point /)
Stopping at filesystem boundary (GIT_DISCOVERY_ACROSS_FILESYSTEM not set).
2025-12-26 09:22:11.586 [info] > git rev-parse --show-toplevel [3ms]
2025-12-26 09:22:11.586 [info] fatal: not a git repository (or any parent up to mount point /)
Stopping at filesystem boundary (GIT_DISCOVERY_ACROSS_FILESYSTEM not set).
2025-12-26 09:22:14.871 [info] > git rev-parse --show-toplevel [2ms]
2025-12-26 09:22:14.871 [info] fatal: not a git repository (or any parent up to mount point /)
Stopping at filesystem boundary (GIT_DISCOVERY_ACROSS_FILESYSTEM not set).
2025-12-26 09:22:17.787 [info] > git rev-parse --show-toplevel [4ms]
2025-12-26 09:22:17.787 [info] fatal: not a git repository (or any parent up to mount point /)
Stopping at filesystem boundary (GIT_DISCOVERY_ACROSS_FILESYSTEM not set).
2025-12-26 09:22:23.060 [info] > git rev-parse --show-toplevel [2ms]
2025-12-26 09:22:23.060 [info] fatal: not a git repository (or any parent up to mount point /)
Stopping at filesystem boundary (GIT_DISCOVERY_ACROSS_FILESYSTEM not set).
2025-12-26 09:39:21.853 [info] > git rev-parse --show-toplevel [1ms]
2025-12-26 09:39:21.853 [info] fatal: not a git repository (or any parent up to mount point /)
Stopping at filesystem boundary (GIT_DISCOVERY_ACROSS_FILESYSTEM not set).
2025-12-26 09:40:27.541 [info] > git rev-parse --show-toplevel [2ms]
2025-12-26 09:40:27.541 [info] fatal: not a git repository (or any parent up to mount point /)
Stopping at filesystem boundary (GIT_DISCOVERY_ACROSS_FILESYSTEM not set).
2025-12-26 10:48:05.211 [info] > git rev-parse --show-toplevel [2ms]
2025-12-26 10:48:05.211 [info] fatal: not a git repository (or any parent up to mount point /)
Stopping at filesystem boundary (GIT_DISCOVERY_ACROSS_FILESYSTEM not set).
2025-12-26 10:49:15.189 [info] > git rev-parse --show-toplevel [0ms]
2025-12-26 10:49:15.189 [info] fatal: not a git repository (or any parent up to mount point /)
Stopping at filesystem boundary (GIT_DISCOVERY_ACROSS_FILESYSTEM not set).
2025-12-26 10:52:10.645 [info] > git rev-parse --show-toplevel [1ms]
2025-12-26 10:52:10.645 [info] fatal: not a git repository (or any parent up to mount point /)
Stopping at filesystem boundary (GIT_DISCOVERY_ACROSS_FILESYSTEM not set).
2025-12-26 10:55:46.357 [info] > git rev-parse --show-toplevel [0ms]
2025-12-26 10:55:46.357 [info] fatal: not a git repository (or any parent up to mount point /)
Stopping at filesystem boundary (GIT_DISCOVERY_ACROSS_FILESYSTEM not set).
2025-12-26 10:55:50.982 [info] > git rev-parse --show-toplevel [0ms]
2025-12-26 10:55:50.982 [info] fatal: not a git repository (or any parent up to mount point /)
Stopping at filesystem boundary (GIT_DISCOVERY_ACROSS_FILESYSTEM not set).
2025-12-26 10:55:51.632 [info] > git rev-parse --show-toplevel [0ms]
2025-12-26 10:55:51.632 [info] fatal: not a git repository (or any parent up to mount point /)
Stopping at filesystem boundary (GIT_DISCOVERY_ACROSS_FILESYSTEM not set).
2025-12-26 10:55:52.106 [info] > git rev-parse --show-toplevel [1ms]
2025-12-26 10:55:52.106 [info] fatal: not a git repository (or any parent up to mount point /)
Stopping at filesystem boundary (GIT_DISCOVERY_ACROSS_FILESYSTEM not set).
2025-12-26 10:57:20.613 [info] > git rev-parse --show-toplevel [0ms]
2025-12-26 10:57:20.613 [info] fatal: not a git repository (or any parent up to mount point /)
Stopping at filesystem boundary (GIT_DISCOVERY_ACROSS_FILESYSTEM not set).
2025-12-26 10:57:22.185 [info] > git rev-parse --show-toplevel [1ms]
2025-12-26 10:57:22.185 [info] fatal: not a git repository (or any parent up to mount point /)
Stopping at filesystem boundary (GIT_DISCOVERY_ACROSS_FILESYSTEM not set).
2025-12-26 10:57:26.638 [info] > git rev-parse --show-toplevel [1ms]
2025-12-26 10:57:26.638 [info] fatal: not a git repository (or any parent up to mount point /)
Stopping at filesystem boundary (GIT_DISCOVERY_ACROSS_FILESYSTEM not set).
2025-12-26 11:05:48.207 [info] > git rev-parse --show-toplevel [1ms]
2025-12-26 11:05:48.207 [info] fatal: not a git repository (or any parent up to mount point /)
Stopping at filesystem boundary (GIT_DISCOVERY_ACROSS_FILESYSTEM not set).
2025-12-26 11:23:12.141 [info] > git rev-parse --show-toplevel [1ms]
2025-12-26 11:23:12.141 [info] fatal: not a git repository (or any parent up to mount point /)
Stopping at filesystem boundary (GIT_DISCOVERY_ACROSS_FILESYSTEM not set).
2025-12-26 11:25:32.236 [info] > git rev-parse --show-toplevel [1ms]
2025-12-26 11:25:32.236 [info] fatal: not a git repository (or any parent up to mount point /)
Stopping at filesystem boundary (GIT_DISCOVERY_ACROSS_FILESYSTEM not set).
2025-12-26 11:25:36.720 [info] > git rev-parse --show-toplevel [1ms]
2025-12-26 11:25:36.720 [info] fatal: not a git repository (or any parent up to mount point /)
Stopping at filesystem boundary (GIT_DISCOVERY_ACROSS_FILESYSTEM not set).
2025-12-26 11:25:42.478 [info] > git rev-parse --show-toplevel [1ms]
2025-12-26 11:25:42.478 [info] fatal: not a git repository (or any parent up to mount point /)
Stopping at filesystem boundary (GIT_DISCOVERY_ACROSS_FILESYSTEM not set).
2025-12-26 11:26:42.198 [info] > git rev-parse --show-toplevel [1ms]
2025-12-26 11:26:42.198 [info] fatal: not a git repository (or any parent up to mount point /)
Stopping at filesystem boundary (GIT_DISCOVERY_ACROSS_FILESYSTEM not set).
2025-12-26 11:27:00.663 [info] > git rev-parse --show-toplevel [2ms]
2025-12-26 11:27:00.663 [info] fatal: not a git repository (or any parent up to mount point /)
Stopping at filesystem boundary (GIT_DISCOVERY_ACROSS_FILESYSTEM not set).
2025-12-26 11:27:02.325 [info] > git rev-parse --show-toplevel [1ms]
2025-12-26 11:27:02.325 [info] fatal: not a git repository (or any parent up to mount point /)
Stopping at filesystem boundary (GIT_DISCOVERY_ACROSS_FILESYSTEM not set).
2025-12-26 11:27:05.825 [info] > git rev-parse --show-toplevel [0ms]
2025-12-26 11:27:05.825 [info] fatal: not a git repository (or any parent up to mount point /)
Stopping at filesystem boundary (GIT_DISCOVERY_ACROSS_FILESYSTEM not set).
2025-12-26 11:27:06.640 [info] > git rev-parse --show-toplevel [1ms]
2025-12-26 11:27:06.640 [info] fatal: not a git repository (or any parent up to mount point /)
Stopping at filesystem boundary (GIT_DISCOVERY_ACROSS_FILESYSTEM not set).
2025-12-26 11:27:10.476 [info] > git rev-parse --show-toplevel [1ms]
2025-12-26 11:27:10.476 [info] fatal: not a git repository (or any parent up to mount point /)
Stopping at filesystem boundary (GIT_DISCOVERY_ACROSS_FILESYSTEM not set).
2025-12-26 11:27:16.003 [info] > git rev-parse --show-toplevel [1ms]
2025-12-26 11:27:16.003 [info] fatal: not a git repository (or any parent up to mount point /)
Stopping at filesystem boundary (GIT_DISCOVERY_ACROSS_FILESYSTEM not set).
2025-12-26 11:27:32.061 [info] > git rev-parse --show-toplevel [1ms]
2025-12-26 11:27:32.061 [info] fatal: not a git repository (or any parent up to mount point /)
Stopping at filesystem boundary (GIT_DISCOVERY_ACROSS_FILESYSTEM not set).
2025-12-26 11:27:39.791 [info] > git rev-parse --show-toplevel [1ms]
2025-12-26 11:27:39.791 [info] fatal: not a git repository (or any parent up to mount point /)
Stopping at filesystem boundary (GIT_DISCOVERY_ACROSS_FILESYSTEM not set).
2025-12-26 11:31:16.504 [info] > git rev-parse --show-toplevel [1ms]
2025-12-26 11:31:16.504 [info] fatal: not a git repository (or any of the parent directories): .git
2025-12-26 11:31:35.688 [info] > git rev-parse --show-toplevel [1ms]
2025-12-26 11:31:35.688 [info] fatal: not a git repository (or any parent up to mount point /)
Stopping at filesystem boundary (GIT_DISCOVERY_ACROSS_FILESYSTEM not set).
2025-12-26 11:32:45.276 [info] > git rev-parse --show-toplevel [1ms]
2025-12-26 11:32:45.276 [info] fatal: not a git repository (or any of the parent directories): .git
2025-12-26 11:32:50.326 [info] > git rev-parse --show-toplevel [1ms]
2025-12-26 11:32:50.326 [info] fatal: not a git repository (or any parent up to mount point /)
Stopping at filesystem boundary (GIT_DISCOVERY_ACROSS_FILESYSTEM not set).
2025-12-26 11:38:53.386 [info] > git rev-parse --show-toplevel [1ms]
2025-12-26 11:38:53.386 [info] fatal: not a git repository (or any of the parent directories): .git
2025-12-26 11:40:40.126 [info] > git rev-parse --show-toplevel [1ms]
2025-12-26 11:40:40.126 [info] fatal: not a git repository (or any parent up to mount point /)
Stopping at filesystem boundary (GIT_DISCOVERY_ACROSS_FILESYSTEM not set).
2025-12-26 12:14:24.667 [info] > git rev-parse --show-toplevel [1ms]
2025-12-26 12:14:24.667 [info] fatal: not a git repository (or any parent up to mount point /)
Stopping at filesystem boundary (GIT_DISCOVERY_ACROSS_FILESYSTEM not set).
2025-12-26 12:14:38.134 [info] > git rev-parse --show-toplevel [1ms]
2025-12-26 12:14:38.134 [info] fatal: not a git repository (or any parent up to mount point /)
Stopping at filesystem boundary (GIT_DISCOVERY_ACROSS_FILESYSTEM not set).
2025-12-26 12:14:41.264 [info] > git rev-parse --show-toplevel [0ms]
2025-12-26 12:14:41.265 [info] fatal: not a git repository (or any parent up to mount point /)
Stopping at filesystem boundary (GIT_DISCOVERY_ACROSS_FILESYSTEM not set).
2025-12-26 12:14:42.999 [info] > git rev-parse --show-toplevel [1ms]
2025-12-26 12:14:42.999 [info] fatal: not a git repository (or any parent up to mount point /)
Stopping at filesystem boundary (GIT_DISCOVERY_ACROSS_FILESYSTEM not set).
2025-12-26 12:14:46.720 [info] > git rev-parse --show-toplevel [0ms]
2025-12-26 12:14:46.720 [info] fatal: not a git repository (or any parent up to mount point /)
Stopping at filesystem boundary (GIT_DISCOVERY_ACROSS_FILESYSTEM not set).
2025-12-26 12:14:47.765 [info] > git rev-parse --show-toplevel [0ms]
2025-12-26 12:14:47.765 [info] fatal: not a git repository (or any parent up to mount point /)
Stopping at filesystem boundary (GIT_DISCOVERY_ACROSS_FILESYSTEM not set).
2025-12-26 12:14:55.182 [info] > git rev-parse --show-toplevel [0ms]
2025-12-26 12:14:55.182 [info] fatal: not a git repository (or any parent up to mount point /)
Stopping at filesystem boundary (GIT_DISCOVERY_ACROSS_FILESYSTEM not set).
2025-12-26 12:15:55.152 [info] > git rev-parse --show-toplevel [0ms]
2025-12-26 12:15:55.152 [info] fatal: not a git repository (or any parent up to mount point /)
Stopping at filesystem boundary (GIT_DISCOVERY_ACROSS_FILESYSTEM not set).
2025-12-26 12:15:57.210 [info] > git rev-parse --show-toplevel [1ms]
2025-12-26 12:15:57.210 [info] fatal: not a git repository (or any parent up to mount point /)
Stopping at filesystem boundary (GIT_DISCOVERY_ACROSS_FILESYSTEM not set).
2025-12-26 12:15:59.426 [info] > git rev-parse --show-toplevel [1ms]
2025-12-26 12:15:59.426 [info] fatal: not a git repository (or any parent up to mount point /)
Stopping at filesystem boundary (GIT_DISCOVERY_ACROSS_FILESYSTEM not set).
2025-12-26 12:16:59.948 [info] > git rev-parse --show-toplevel [1ms]
2025-12-26 12:16:59.948 [info] fatal: not a git repository (or any parent up to mount point /)
Stopping at filesystem boundary (GIT_DISCOVERY_ACROSS_FILESYSTEM not set).
2025-12-26 12:17:30.459 [info] > git rev-parse --show-toplevel [1ms]
2025-12-26 12:17:30.459 [info] fatal: not a git repository (or any parent up to mount point /)
Stopping at filesystem boundary (GIT_DISCOVERY_ACROSS_FILESYSTEM not set).
2025-12-26 12:22:29.757 [info] > git rev-parse --show-toplevel [1ms]
2025-12-26 12:22:29.757 [info] fatal: not a git repository (or any parent up to mount point /)
Stopping at filesystem boundary (GIT_DISCOVERY_ACROSS_FILESYSTEM not set).
2025-12-26 12:22:33.090 [info] > git rev-parse --show-toplevel [1ms]
2025-12-26 12:22:33.090 [info] fatal: not a git repository (or any parent up to mount point /)
Stopping at filesystem boundary (GIT_DISCOVERY_ACROSS_FILESYSTEM not set).
2025-12-26 12:22:35.128 [info] > git rev-parse --show-toplevel [1ms]
2025-12-26 12:22:35.128 [info] fatal: not a git repository (or any parent up to mount point /)
Stopping at filesystem boundary (GIT_DISCOVERY_ACROSS_FILESYSTEM not set).
2025-12-26 12:22:43.335 [info] > git rev-parse --show-toplevel [1ms]
2025-12-26 12:22:43.335 [info] fatal: not a git repository (or any parent up to mount point /)
Stopping at filesystem boundary (GIT_DISCOVERY_ACROSS_FILESYSTEM not set).
2025-12-26 12:22:44.462 [info] > git rev-parse --show-toplevel [1ms]
2025-12-26 12:22:44.462 [info] fatal: not a git repository (or any parent up to mount point /)
Stopping at filesystem boundary (GIT_DISCOVERY_ACROSS_FILESYSTEM not set).
