2025-12-28 11:04:28.214 [info] [main] Log level: Info
2025-12-28 11:04:28.214 [info] [main] Validating found git in: "git"
2025-12-28 11:04:28.214 [info] [main] Using git "2.52.0" from "git"
2025-12-28 11:04:28.214 [info] [Model][doInitialScan] Initial repository scan started
2025-12-28 11:04:28.214 [info] > git rev-parse --show-toplevel [8ms]
2025-12-28 11:04:28.214 [info] fatal: not a git repository (or any parent up to mount point /)
Stopping at filesystem boundary (GIT_DISCOVERY_ACROSS_FILESYSTEM not set).
2025-12-28 11:04:28.214 [info] > git rev-parse --show-toplevel [4ms]
2025-12-28 11:04:28.214 [info] fatal: not a git repository (or any parent up to mount point /)
Stopping at filesystem boundary (GIT_DISCOVERY_ACROSS_FILESYSTEM not set).
2025-12-28 11:04:28.214 [info] > git rev-parse --show-toplevel [1ms]
2025-12-28 11:04:28.214 [info] fatal: not a git repository (or any parent up to mount point /)
Stopping at filesystem boundary (GIT_DISCOVERY_ACROSS_FILESYSTEM not set).
2025-12-28 11:04:28.214 [info] > git rev-parse --show-toplevel [1ms]
2025-12-28 11:04:28.214 [info] fatal: not a git repository (or any parent up to mount point /)
Stopping at filesystem boundary (GIT_DISCOVERY_ACROSS_FILESYSTEM not set).
2025-12-28 11:04:28.214 [info] > git rev-parse --show-toplevel [1ms]
2025-12-28 11:04:28.214 [info] fatal: not a git repository (or any parent up to mount point /)
Stopping at filesystem boundary (GIT_DISCOVERY_ACROSS_FILESYSTEM not set).
2025-12-28 11:04:28.214 [info] [Model][doInitialScan] Initial repository scan completed - repositories (0), closed repositories (0), parent repositories (0), unsafe repositories (0)
2025-12-28 11:04:28.693 [info] > git rev-parse --show-toplevel [1ms]
2025-12-28 11:04:28.693 [info] fatal: not a git repository (or any parent up to mount point /)
Stopping at filesystem boundary (GIT_DISCOVERY_ACROSS_FILESYSTEM not set).
2025-12-28 11:04:29.572 [info] > git rev-parse --show-toplevel [1ms]
2025-12-28 11:04:29.572 [info] fatal: not a git repository (or any parent up to mount point /)
Stopping at filesystem boundary (GIT_DISCOVERY_ACROSS_FILESYSTEM not set).
2025-12-28 11:04:57.783 [info] > git rev-parse --show-toplevel [2ms]
2025-12-28 11:04:57.783 [info] fatal: not a git repository (or any parent up to mount point /)
Stopping at filesystem boundary (GIT_DISCOVERY_ACROSS_FILESYSTEM not set).
2025-12-28 11:05:12.163 [info] > git rev-parse --show-toplevel [1ms]
2025-12-28 11:05:12.163 [info] fatal: not a git repository (or any parent up to mount point /)
Stopping at filesystem boundary (GIT_DISCOVERY_ACROSS_FILESYSTEM not set).
2025-12-28 11:05:14.081 [info] > git rev-parse --show-toplevel [1ms]
2025-12-28 11:05:14.081 [info] fatal: not a git repository (or any parent up to mount point /)
Stopping at filesystem boundary (GIT_DISCOVERY_ACROSS_FILESYSTEM not set).
2025-12-28 11:05:16.076 [info] > git rev-parse --show-toplevel [1ms]
2025-12-28 11:05:16.076 [info] fatal: not a git repository (or any parent up to mount point /)
Stopping at filesystem boundary (GIT_DISCOVERY_ACROSS_FILESYSTEM not set).
2025-12-28 11:05:16.978 [info] > git rev-parse --show-toplevel [2ms]
2025-12-28 11:05:16.978 [info] fatal: not a git repository (or any parent up to mount point /)
Stopping at filesystem boundary (GIT_DISCOVERY_ACROSS_FILESYSTEM not set).
2025-12-28 11:05:26.645 [info] > git rev-parse --show-toplevel [1ms]
2025-12-28 11:05:26.645 [info] fatal: not a git repository (or any parent up to mount point /)
Stopping at filesystem boundary (GIT_DISCOVERY_ACROSS_FILESYSTEM not set).
2025-12-28 11:05:33.940 [info] > git rev-parse --show-toplevel [1ms]
2025-12-28 11:05:33.940 [info] fatal: not a git repository (or any parent up to mount point /)
Stopping at filesystem boundary (GIT_DISCOVERY_ACROSS_FILESYSTEM not set).
2025-12-28 11:05:40.712 [info] > git rev-parse --show-toplevel [1ms]
2025-12-28 11:05:40.712 [info] fatal: not a git repository (or any parent up to mount point /)
Stopping at filesystem boundary (GIT_DISCOVERY_ACROSS_FILESYSTEM not set).
2025-12-28 11:06:00.824 [info] > git rev-parse --show-toplevel [1ms]
2025-12-28 11:06:00.824 [info] fatal: not a git repository (or any parent up to mount point /)
Stopping at filesystem boundary (GIT_DISCOVERY_ACROSS_FILESYSTEM not set).
