2025-12-29 10:09:40.700 [info] Started local extension host with pid 10278.
2025-12-29 10:09:40.935 [info] [ms-vscode.cmake-tools]: Command `cmake.openCMakePresets` already registered by CMake Tools (Fork) (KylinIdeTeam.kylin-cmake-tools)
2025-12-29 10:09:40.936 [info] [ms-vscode.cmake-tools]: Command `cmake.addConfigurePreset` already registered by CMake Tools (Fork) (KylinIdeTeam.kylin-cmake-tools)
2025-12-29 10:09:40.936 [info] [ms-vscode.cmake-tools]: Command `cmake.addBuildPreset` already registered by CMake Tools (Fork) (KylinIdeTeam.kylin-cmake-tools)
2025-12-29 10:09:40.936 [info] [ms-vscode.cmake-tools]: Command `cmake.addTestPreset` already registered by CMake Tools (Fork) (KylinIdeTeam.kylin-cmake-tools)
2025-12-29 10:09:40.936 [info] [ms-vscode.cmake-tools]: Command `cmake.addPackagePreset` already registered by CMake Tools (Fork) (KylinIdeTeam.kylin-cmake-tools)
2025-12-29 10:09:40.937 [info] [ms-vscode.cmake-tools]: Command `cmake.addWorkflowPreset` already registered by CMake Tools (Fork) (KylinIdeTeam.kylin-cmake-tools)
2025-12-29 10:09:40.937 [info] [ms-vscode.cmake-tools]: Command `cmake.selectConfigurePreset` already registered by CMake Tools (Fork) (KylinIdeTeam.kylin-cmake-tools)
2025-12-29 10:09:40.937 [info] [ms-vscode.cmake-tools]: Command `cmake.projectStatus.viewConfigureSettings` already registered by CMake Tools (Fork) (KylinIdeTeam.kylin-cmake-tools)
2025-12-29 10:09:40.937 [info] [ms-vscode.cmake-tools]: Command `cmake.projectStatus.selectConfigurePreset` already registered by CMake Tools (Fork) (KylinIdeTeam.kylin-cmake-tools)
2025-12-29 10:09:40.937 [info] [ms-vscode.cmake-tools]: Command `cmake.selectBuildPreset` already registered by CMake Tools (Fork) (KylinIdeTeam.kylin-cmake-tools)
2025-12-29 10:09:40.937 [info] [ms-vscode.cmake-tools]: Command `cmake.projectStatus.viewBuildSettings` already registered by CMake Tools (Fork) (KylinIdeTeam.kylin-cmake-tools)
2025-12-29 10:09:40.937 [info] [ms-vscode.cmake-tools]: Command `cmake.projectStatus.selectBuildPreset` already registered by CMake Tools (Fork) (KylinIdeTeam.kylin-cmake-tools)
2025-12-29 10:09:40.937 [info] [ms-vscode.cmake-tools]: Command `cmake.projectStatus.viewTestSettings` already registered by CMake Tools (Fork) (KylinIdeTeam.kylin-cmake-tools)
2025-12-29 10:09:40.938 [info] [ms-vscode.cmake-tools]: Command `cmake.projectStatus.viewPackageSettings` already registered by CMake Tools (Fork) (KylinIdeTeam.kylin-cmake-tools)
2025-12-29 10:09:40.938 [info] [ms-vscode.cmake-tools]: Command `cmake.selectTestPreset` already registered by CMake Tools (Fork) (KylinIdeTeam.kylin-cmake-tools)
2025-12-29 10:09:40.938 [info] [ms-vscode.cmake-tools]: Command `cmake.projectStatus.selectTestPreset` already registered by CMake Tools (Fork) (KylinIdeTeam.kylin-cmake-tools)
2025-12-29 10:09:40.938 [info] [ms-vscode.cmake-tools]: Command `cmake.projectStatus.setTestTarget` already registered by CMake Tools (Fork) (KylinIdeTeam.kylin-cmake-tools)
2025-12-29 10:09:40.938 [info] [ms-vscode.cmake-tools]: Command `cmake.selectPackagePreset` already registered by CMake Tools (Fork) (KylinIdeTeam.kylin-cmake-tools)
2025-12-29 10:09:40.938 [info] [ms-vscode.cmake-tools]: Command `cmake.projectStatus.selectPackagePreset` already registered by CMake Tools (Fork) (KylinIdeTeam.kylin-cmake-tools)
2025-12-29 10:09:40.938 [info] [ms-vscode.cmake-tools]: Command `cmake.selectWorkflowPreset` already registered by CMake Tools (Fork) (KylinIdeTeam.kylin-cmake-tools)
2025-12-29 10:09:40.938 [info] [ms-vscode.cmake-tools]: Command `cmake.projectStatus.selectWorkflowPreset` already registered by CMake Tools (Fork) (KylinIdeTeam.kylin-cmake-tools)
2025-12-29 10:09:40.938 [info] [ms-vscode.cmake-tools]: Command `cmake.viewLog` already registered by CMake Tools (Fork) (KylinIdeTeam.kylin-cmake-tools)
2025-12-29 10:09:40.938 [info] [ms-vscode.cmake-tools]: Command `cmake.logDiagnostics` already registered by CMake Tools (Fork) (KylinIdeTeam.kylin-cmake-tools)
2025-12-29 10:09:40.938 [info] [ms-vscode.cmake-tools]: Command `cmake.selectActiveFolder` already registered by CMake Tools (Fork) (KylinIdeTeam.kylin-cmake-tools)
2025-12-29 10:09:40.939 [info] [ms-vscode.cmake-tools]: Command `cmake.projectStatus.selectActiveProject` already registered by CMake Tools (Fork) (KylinIdeTeam.kylin-cmake-tools)
2025-12-29 10:09:40.939 [info] [ms-vscode.cmake-tools]: Command `cmake.outline.selectWorkspace` already registered by CMake Tools (Fork) (KylinIdeTeam.kylin-cmake-tools)
2025-12-29 10:09:40.939 [info] [ms-vscode.cmake-tools]: Command `cmake.editKits` already registered by CMake Tools (Fork) (KylinIdeTeam.kylin-cmake-tools)
2025-12-29 10:09:40.939 [info] [ms-vscode.cmake-tools]: Command `cmake.scanForKits` already registered by CMake Tools (Fork) (KylinIdeTeam.kylin-cmake-tools)
2025-12-29 10:09:40.939 [info] [ms-vscode.cmake-tools]: Command `cmake.scanForCompilers` already registered by CMake Tools (Fork) (KylinIdeTeam.kylin-cmake-tools)
2025-12-29 10:09:40.939 [info] [ms-vscode.cmake-tools]: Command `cmake.selectKit` already registered by CMake Tools (Fork) (KylinIdeTeam.kylin-cmake-tools)
2025-12-29 10:09:40.939 [info] [ms-vscode.cmake-tools]: Command `cmake.projectStatus.selectKit` already registered by CMake Tools (Fork) (KylinIdeTeam.kylin-cmake-tools)
2025-12-29 10:09:40.939 [info] [ms-vscode.cmake-tools]: Command `cmake.setVariant` already registered by CMake Tools (Fork) (KylinIdeTeam.kylin-cmake-tools)
2025-12-29 10:09:40.939 [info] [ms-vscode.cmake-tools]: Command `cmake.projectStatus.setVariant` already registered by CMake Tools (Fork) (KylinIdeTeam.kylin-cmake-tools)
2025-12-29 10:09:40.939 [info] [ms-vscode.cmake-tools]: Command `cmake.setVariantAll` already registered by CMake Tools (Fork) (KylinIdeTeam.kylin-cmake-tools)
2025-12-29 10:09:40.939 [info] [ms-vscode.cmake-tools]: Command `cmake.configure` already registered by CMake Tools (Fork) (KylinIdeTeam.kylin-cmake-tools)
2025-12-29 10:09:40.939 [info] [ms-vscode.cmake-tools]: Command `cmake.configureWithDebugger` already registered by CMake Tools (Fork) (KylinIdeTeam.kylin-cmake-tools)
2025-12-29 10:09:40.939 [info] [ms-vscode.cmake-tools]: Command `cmake.outline.configure` already registered by CMake Tools (Fork) (KylinIdeTeam.kylin-cmake-tools)
2025-12-29 10:09:40.940 [info] [ms-vscode.cmake-tools]: Command `cmake.projectStatus.configure` already registered by CMake Tools (Fork) (KylinIdeTeam.kylin-cmake-tools)
2025-12-29 10:09:40.940 [info] [ms-vscode.cmake-tools]: Command `cmake.outline.configureWithDebugger` already registered by CMake Tools (Fork) (KylinIdeTeam.kylin-cmake-tools)
2025-12-29 10:09:40.940 [info] [ms-vscode.cmake-tools]: Command `cmake.showConfigureCommand` already registered by CMake Tools (Fork) (KylinIdeTeam.kylin-cmake-tools)
2025-12-29 10:09:40.940 [info] [ms-vscode.cmake-tools]: Command `cmake.configureAll` already registered by CMake Tools (Fork) (KylinIdeTeam.kylin-cmake-tools)
2025-12-29 10:09:40.940 [info] [ms-vscode.cmake-tools]: Command `cmake.configureAllWithDebugger` already registered by CMake Tools (Fork) (KylinIdeTeam.kylin-cmake-tools)
2025-12-29 10:09:40.940 [info] [ms-vscode.cmake-tools]: Command `cmake.outline.configureAll` already registered by CMake Tools (Fork) (KylinIdeTeam.kylin-cmake-tools)
2025-12-29 10:09:40.940 [info] [ms-vscode.cmake-tools]: Command `cmake.outline.configureAllWithDebugger` already registered by CMake Tools (Fork) (KylinIdeTeam.kylin-cmake-tools)
2025-12-29 10:09:40.940 [info] [ms-vscode.cmake-tools]: Command `cmake.build` already registered by CMake Tools (Fork) (KylinIdeTeam.kylin-cmake-tools)
2025-12-29 10:09:40.940 [info] [ms-vscode.cmake-tools]: Command `cmake.outline.build` already registered by CMake Tools (Fork) (KylinIdeTeam.kylin-cmake-tools)
2025-12-29 10:09:40.940 [info] [ms-vscode.cmake-tools]: Command `cmake.projectStatus.build` already registered by CMake Tools (Fork) (KylinIdeTeam.kylin-cmake-tools)
2025-12-29 10:09:40.940 [info] [ms-vscode.cmake-tools]: Command `cmake.outline.buildTarget` already registered by CMake Tools (Fork) (KylinIdeTeam.kylin-cmake-tools)
2025-12-29 10:09:40.940 [info] [ms-vscode.cmake-tools]: Command `cmake.showBuildCommand` already registered by CMake Tools (Fork) (KylinIdeTeam.kylin-cmake-tools)
2025-12-29 10:09:40.941 [info] [ms-vscode.cmake-tools]: Command `cmake.buildAll` already registered by CMake Tools (Fork) (KylinIdeTeam.kylin-cmake-tools)
2025-12-29 10:09:40.941 [info] [ms-vscode.cmake-tools]: Command `cmake.outline.buildAll` already registered by CMake Tools (Fork) (KylinIdeTeam.kylin-cmake-tools)
2025-12-29 10:09:40.941 [info] [ms-vscode.cmake-tools]: Command `cmake.compileFile` already registered by CMake Tools (Fork) (KylinIdeTeam.kylin-cmake-tools)
2025-12-29 10:09:40.941 [info] [ms-vscode.cmake-tools]: Command `cmake.outline.compileFile` already registered by CMake Tools (Fork) (KylinIdeTeam.kylin-cmake-tools)
2025-12-29 10:09:40.941 [info] [ms-vscode.cmake-tools]: Command `cmake.install` already registered by CMake Tools (Fork) (KylinIdeTeam.kylin-cmake-tools)
2025-12-29 10:09:40.941 [info] [ms-vscode.cmake-tools]: Command `cmake.installAll` already registered by CMake Tools (Fork) (KylinIdeTeam.kylin-cmake-tools)
2025-12-29 10:09:40.941 [info] [ms-vscode.cmake-tools]: Command `cmake.buildWithTarget` already registered by CMake Tools (Fork) (KylinIdeTeam.kylin-cmake-tools)
2025-12-29 10:09:40.941 [info] [ms-vscode.cmake-tools]: Command `cmake.setDefaultTarget` already registered by CMake Tools (Fork) (KylinIdeTeam.kylin-cmake-tools)
2025-12-29 10:09:40.941 [info] [ms-vscode.cmake-tools]: Command `cmake.outline.setDefaultTarget` already registered by CMake Tools (Fork) (KylinIdeTeam.kylin-cmake-tools)
2025-12-29 10:09:40.941 [info] [ms-vscode.cmake-tools]: Command `cmake.projectStatus.setDefaultTarget` already registered by CMake Tools (Fork) (KylinIdeTeam.kylin-cmake-tools)
2025-12-29 10:09:40.941 [info] [ms-vscode.cmake-tools]: Command `cmake.cleanConfigure` already registered by CMake Tools (Fork) (KylinIdeTeam.kylin-cmake-tools)
2025-12-29 10:09:40.941 [info] [ms-vscode.cmake-tools]: Command `cmake.outline.cleanConfigure` already registered by CMake Tools (Fork) (KylinIdeTeam.kylin-cmake-tools)
2025-12-29 10:09:40.941 [info] [ms-vscode.cmake-tools]: Command `cmake.projectStatus.cleanConfigure` already registered by CMake Tools (Fork) (KylinIdeTeam.kylin-cmake-tools)
2025-12-29 10:09:40.941 [info] [ms-vscode.cmake-tools]: Command `cmake.projectStatus.openSettings` already registered by CMake Tools (Fork) (KylinIdeTeam.kylin-cmake-tools)
2025-12-29 10:09:40.942 [info] [ms-vscode.cmake-tools]: Command `cmake.projectStatus.openVisibilitySettings` already registered by CMake Tools (Fork) (KylinIdeTeam.kylin-cmake-tools)
2025-12-29 10:09:40.942 [info] [ms-vscode.cmake-tools]: Command `cmake.cleanConfigureWithDebugger` already registered by CMake Tools (Fork) (KylinIdeTeam.kylin-cmake-tools)
2025-12-29 10:09:40.942 [info] [ms-vscode.cmake-tools]: Command `cmake.outline.cleanConfigureWithDebugger` already registered by CMake Tools (Fork) (KylinIdeTeam.kylin-cmake-tools)
2025-12-29 10:09:40.942 [info] [ms-vscode.cmake-tools]: Command `cmake.cleanConfigureAll` already registered by CMake Tools (Fork) (KylinIdeTeam.kylin-cmake-tools)
2025-12-29 10:09:40.942 [info] [ms-vscode.cmake-tools]: Command `cmake.outline.cleanConfigureAll` already registered by CMake Tools (Fork) (KylinIdeTeam.kylin-cmake-tools)
2025-12-29 10:09:40.942 [info] [ms-vscode.cmake-tools]: Command `cmake.cleanConfigureAllWithDebugger` already registered by CMake Tools (Fork) (KylinIdeTeam.kylin-cmake-tools)
2025-12-29 10:09:40.942 [info] [ms-vscode.cmake-tools]: Command `cmake.outline.cleanConfigureAllWithDebugger` already registered by CMake Tools (Fork) (KylinIdeTeam.kylin-cmake-tools)
2025-12-29 10:09:40.942 [info] [ms-vscode.cmake-tools]: Command `cmake.clean` already registered by CMake Tools (Fork) (KylinIdeTeam.kylin-cmake-tools)
2025-12-29 10:09:40.942 [info] [ms-vscode.cmake-tools]: Command `cmake.outline.clean` already registered by CMake Tools (Fork) (KylinIdeTeam.kylin-cmake-tools)
2025-12-29 10:09:40.943 [info] [ms-vscode.cmake-tools]: Command `cmake.cleanAll` already registered by CMake Tools (Fork) (KylinIdeTeam.kylin-cmake-tools)
2025-12-29 10:09:40.943 [info] [ms-vscode.cmake-tools]: Command `cmake.outline.cleanAll` already registered by CMake Tools (Fork) (KylinIdeTeam.kylin-cmake-tools)
2025-12-29 10:09:40.943 [info] [ms-vscode.cmake-tools]: Command `cmake.cleanRebuild` already registered by CMake Tools (Fork) (KylinIdeTeam.kylin-cmake-tools)
2025-12-29 10:09:40.943 [info] [ms-vscode.cmake-tools]: Command `cmake.outline.cleanRebuild` already registered by CMake Tools (Fork) (KylinIdeTeam.kylin-cmake-tools)
2025-12-29 10:09:40.943 [info] [ms-vscode.cmake-tools]: Command `cmake.cleanRebuildAll` already registered by CMake Tools (Fork) (KylinIdeTeam.kylin-cmake-tools)
2025-12-29 10:09:40.943 [info] [ms-vscode.cmake-tools]: Command `cmake.outline.cleanRebuildAll` already registered by CMake Tools (Fork) (KylinIdeTeam.kylin-cmake-tools)
2025-12-29 10:09:40.943 [info] [ms-vscode.cmake-tools]: Command `cmake.editCacheUI` already registered by CMake Tools (Fork) (KylinIdeTeam.kylin-cmake-tools)
2025-12-29 10:09:40.943 [info] [ms-vscode.cmake-tools]: Command `cmake.outline.editCacheUI` already registered by CMake Tools (Fork) (KylinIdeTeam.kylin-cmake-tools)
2025-12-29 10:09:40.944 [info] [ms-vscode.cmake-tools]: Command `cmake.ctest` already registered by CMake Tools (Fork) (KylinIdeTeam.kylin-cmake-tools)
2025-12-29 10:09:40.944 [info] [ms-vscode.cmake-tools]: Command `cmake.projectStatus.ctest` already registered by CMake Tools (Fork) (KylinIdeTeam.kylin-cmake-tools)
2025-12-29 10:09:40.944 [info] [ms-vscode.cmake-tools]: Command `cmake.ctestAll` already registered by CMake Tools (Fork) (KylinIdeTeam.kylin-cmake-tools)
2025-12-29 10:09:40.944 [info] [ms-vscode.cmake-tools]: Command `cmake.revealTestExplorer` already registered by CMake Tools (Fork) (KylinIdeTeam.kylin-cmake-tools)
2025-12-29 10:09:40.944 [info] [ms-vscode.cmake-tools]: Command `cmake.refreshTests` already registered by CMake Tools (Fork) (KylinIdeTeam.kylin-cmake-tools)
2025-12-29 10:09:40.944 [info] [ms-vscode.cmake-tools]: Command `cmake.refreshTestsAll` already registered by CMake Tools (Fork) (KylinIdeTeam.kylin-cmake-tools)
2025-12-29 10:09:40.944 [info] [ms-vscode.cmake-tools]: Command `cmake.cpack` already registered by CMake Tools (Fork) (KylinIdeTeam.kylin-cmake-tools)
2025-12-29 10:09:40.944 [info] [ms-vscode.cmake-tools]: Command `cmake.projectStatus.cpack` already registered by CMake Tools (Fork) (KylinIdeTeam.kylin-cmake-tools)
2025-12-29 10:09:40.944 [info] [ms-vscode.cmake-tools]: Command `cmake.workflow` already registered by CMake Tools (Fork) (KylinIdeTeam.kylin-cmake-tools)
2025-12-29 10:09:40.944 [info] [ms-vscode.cmake-tools]: Command `cmake.projectStatus.workflow` already registered by CMake Tools (Fork) (KylinIdeTeam.kylin-cmake-tools)
2025-12-29 10:09:40.945 [info] [ms-vscode.cmake-tools]: Command `cmake.cpackAll` already registered by CMake Tools (Fork) (KylinIdeTeam.kylin-cmake-tools)
2025-12-29 10:09:40.945 [info] [ms-vscode.cmake-tools]: Command `cmake.workflowAll` already registered by CMake Tools (Fork) (KylinIdeTeam.kylin-cmake-tools)
2025-12-29 10:09:40.945 [info] [ms-vscode.cmake-tools]: Command `cmake.editCache` already registered by CMake Tools (Fork) (KylinIdeTeam.kylin-cmake-tools)
2025-12-29 10:09:40.945 [info] [ms-vscode.cmake-tools]: Command `cmake.quickStart` already registered by CMake Tools (Fork) (KylinIdeTeam.kylin-cmake-tools)
2025-12-29 10:09:40.945 [info] [ms-vscode.cmake-tools]: Command `cmake.debugTarget` already registered by CMake Tools (Fork) (KylinIdeTeam.kylin-cmake-tools)
2025-12-29 10:09:40.945 [info] [ms-vscode.cmake-tools]: Command `cmake.outline.debugTarget` already registered by CMake Tools (Fork) (KylinIdeTeam.kylin-cmake-tools)
2025-12-29 10:09:40.945 [info] [ms-vscode.cmake-tools]: Command `cmake.projectStatus.debugTarget` already registered by CMake Tools (Fork) (KylinIdeTeam.kylin-cmake-tools)
2025-12-29 10:09:40.945 [info] [ms-vscode.cmake-tools]: Command `cmake.debugTargetAll` already registered by CMake Tools (Fork) (KylinIdeTeam.kylin-cmake-tools)
2025-12-29 10:09:40.946 [info] [ms-vscode.cmake-tools]: Command `cmake.projectStatus.setDebugTarget` already registered by CMake Tools (Fork) (KylinIdeTeam.kylin-cmake-tools)
2025-12-29 10:09:40.946 [info] [ms-vscode.cmake-tools]: Command `cmake.launchTarget` already registered by CMake Tools (Fork) (KylinIdeTeam.kylin-cmake-tools)
2025-12-29 10:09:40.946 [info] [ms-vscode.cmake-tools]: Command `cmake.outline.launchTarget` already registered by CMake Tools (Fork) (KylinIdeTeam.kylin-cmake-tools)
2025-12-29 10:09:40.946 [info] [ms-vscode.cmake-tools]: Command `cmake.projectStatus.launchTarget` already registered by CMake Tools (Fork) (KylinIdeTeam.kylin-cmake-tools)
2025-12-29 10:09:40.946 [info] [ms-vscode.cmake-tools]: Command `cmake.launchTargetAll` already registered by CMake Tools (Fork) (KylinIdeTeam.kylin-cmake-tools)
2025-12-29 10:09:40.946 [info] [ms-vscode.cmake-tools]: Command `cmake.selectLaunchTarget` already registered by CMake Tools (Fork) (KylinIdeTeam.kylin-cmake-tools)
2025-12-29 10:09:40.946 [info] [ms-vscode.cmake-tools]: Command `cmake.outline.setLaunchTarget` already registered by CMake Tools (Fork) (KylinIdeTeam.kylin-cmake-tools)
2025-12-29 10:09:40.946 [info] [ms-vscode.cmake-tools]: Command `cmake.projectStatus.setLaunchTarget` already registered by CMake Tools (Fork) (KylinIdeTeam.kylin-cmake-tools)
2025-12-29 10:09:40.946 [info] [ms-vscode.cmake-tools]: Command `cmake.stop` already registered by CMake Tools (Fork) (KylinIdeTeam.kylin-cmake-tools)
2025-12-29 10:09:40.946 [info] [ms-vscode.cmake-tools]: Command `cmake.projectStatus.stop` already registered by CMake Tools (Fork) (KylinIdeTeam.kylin-cmake-tools)
2025-12-29 10:09:40.946 [info] [ms-vscode.cmake-tools]: Command `cmake.outline.stop` already registered by CMake Tools (Fork) (KylinIdeTeam.kylin-cmake-tools)
2025-12-29 10:09:40.946 [info] [ms-vscode.cmake-tools]: Command `cmake.stopAll` already registered by CMake Tools (Fork) (KylinIdeTeam.kylin-cmake-tools)
2025-12-29 10:09:40.946 [info] [ms-vscode.cmake-tools]: Command `cmake.outline.stopAll` already registered by CMake Tools (Fork) (KylinIdeTeam.kylin-cmake-tools)
2025-12-29 10:09:40.946 [info] [ms-vscode.cmake-tools]: Command `cmake.resetState` already registered by CMake Tools (Fork) (KylinIdeTeam.kylin-cmake-tools)
2025-12-29 10:09:40.946 [info] [ms-vscode.cmake-tools]: Command `cmake.openSettings` already registered by CMake Tools (Fork) (KylinIdeTeam.kylin-cmake-tools)
2025-12-29 10:09:40.947 [info] [ms-vscode.cmake-tools]: Command `cmake.outline.runUtilityTarget` already registered by CMake Tools (Fork) (KylinIdeTeam.kylin-cmake-tools)
2025-12-29 10:09:40.947 [info] [ms-vscode.cmake-tools]: Command `cmake.outline.revealInCMakeLists` already registered by CMake Tools (Fork) (KylinIdeTeam.kylin-cmake-tools)
2025-12-29 10:09:40.947 [info] [ms-vscode.cmake-tools]: Command `cmake.projectStatus.update` already registered by CMake Tools (Fork) (KylinIdeTeam.kylin-cmake-tools)
2025-12-29 10:09:40.947 [info] [ms-vscode.cmake-tools]: Command `cmake.pinnedCommands.add` already registered by CMake Tools (Fork) (KylinIdeTeam.kylin-cmake-tools)
2025-12-29 10:09:40.947 [info] [ms-vscode.cmake-tools]: Command `cmake.pinnedCommands.remove` already registered by CMake Tools (Fork) (KylinIdeTeam.kylin-cmake-tools)
2025-12-29 10:09:40.947 [info] [ms-vscode.cmake-tools]: Command `cmake.pinnedCommands.run` already registered by CMake Tools (Fork) (KylinIdeTeam.kylin-cmake-tools)
2025-12-29 10:09:40.947 [info] [ms-vscode.cmake-tools]: Command `cmake.appendBuildDirectoryToWorkspace` already registered by CMake Tools (Fork) (KylinIdeTeam.kylin-cmake-tools)
2025-12-29 10:09:40.947 [warning] [ms-vscode.cmake-tools]: Cannot register 'cmake.autoSelectActiveFolder'. This property is already registered.
2025-12-29 10:09:40.947 [warning] [ms-vscode.cmake-tools]: Cannot register 'cmake.cmakePath'. This property is already registered.
2025-12-29 10:09:40.947 [warning] [ms-vscode.cmake-tools]: Cannot register 'cmake.buildDirectory'. This property is already registered.
2025-12-29 10:09:40.947 [warning] [ms-vscode.cmake-tools]: Cannot register 'cmake.installPrefix'. This property is already registered.
2025-12-29 10:09:40.947 [warning] [ms-vscode.cmake-tools]: Cannot register 'cmake.sourceDirectory'. This property is already registered.
2025-12-29 10:09:40.947 [warning] [ms-vscode.cmake-tools]: Cannot register 'cmake.saveBeforeBuild'. This property is already registered.
2025-12-29 10:09:40.948 [warning] [ms-vscode.cmake-tools]: Cannot register 'cmake.buildBeforeRun'. This property is already registered.
2025-12-29 10:09:40.948 [warning] [ms-vscode.cmake-tools]: Cannot register 'cmake.clearOutputBeforeBuild'. This property is already registered.
2025-12-29 10:09:40.948 [warning] [ms-vscode.cmake-tools]: Cannot register 'cmake.configureSettings'. This property is already registered.
2025-12-29 10:09:40.948 [warning] [ms-vscode.cmake-tools]: Cannot register 'cmake.cacheInit'. This property is already registered.
2025-12-29 10:09:40.948 [warning] [ms-vscode.cmake-tools]: Cannot register 'cmake.preferredGenerators'. This property is already registered.
2025-12-29 10:09:40.948 [warning] [ms-vscode.cmake-tools]: Cannot register 'cmake.generator'. This property is already registered.
2025-12-29 10:09:40.948 [warning] [ms-vscode.cmake-tools]: Cannot register 'cmake.toolset'. This property is already registered.
2025-12-29 10:09:40.948 [warning] [ms-vscode.cmake-tools]: Cannot register 'cmake.platform'. This property is already registered.
2025-12-29 10:09:40.948 [warning] [ms-vscode.cmake-tools]: Cannot register 'cmake.configureArgs'. This property is already registered.
2025-12-29 10:09:40.948 [warning] [ms-vscode.cmake-tools]: Cannot register 'cmake.buildArgs'. This property is already registered.
2025-12-29 10:09:40.948 [warning] [ms-vscode.cmake-tools]: Cannot register 'cmake.buildToolArgs'. This property is already registered.
2025-12-29 10:09:40.948 [warning] [ms-vscode.cmake-tools]: Cannot register 'cmake.parallelJobs'. This property is already registered.
2025-12-29 10:09:40.948 [warning] [ms-vscode.cmake-tools]: Cannot register 'cmake.ctestPath'. This property is already registered.
2025-12-29 10:09:40.948 [warning] [ms-vscode.cmake-tools]: Cannot register 'cmake.cpackPath'. This property is already registered.
2025-12-29 10:09:40.948 [warning] [ms-vscode.cmake-tools]: Cannot register 'cmake.ctest.parallelJobs'. This property is already registered.
2025-12-29 10:09:40.948 [warning] [ms-vscode.cmake-tools]: Cannot register 'cmake.ctest.allowParallelJobs'. This property is already registered.
2025-12-29 10:09:40.948 [warning] [ms-vscode.cmake-tools]: Cannot register 'cmake.ctest.testExplorerIntegrationEnabled'. This property is already registered.
2025-12-29 10:09:40.949 [warning] [ms-vscode.cmake-tools]: Cannot register 'cmake.ctest.testSuiteDelimiter'. This property is already registered.
2025-12-29 10:09:40.949 [warning] [ms-vscode.cmake-tools]: Cannot register 'cmake.parseBuildDiagnostics'. This property is already registered.
2025-12-29 10:09:40.949 [warning] [ms-vscode.cmake-tools]: Cannot register 'cmake.enabledOutputParsers'. This property is already registered.
2025-12-29 10:09:40.949 [warning] [ms-vscode.cmake-tools]: Cannot register 'cmake.debugConfig'. This property is already registered.
2025-12-29 10:09:40.949 [warning] [ms-vscode.cmake-tools]: Cannot register 'cmake.defaultVariants'. This property is already registered.
2025-12-29 10:09:40.949 [warning] [ms-vscode.cmake-tools]: Cannot register 'cmake.ctestArgs'. This property is already registered.
2025-12-29 10:09:40.949 [warning] [ms-vscode.cmake-tools]: Cannot register 'cmake.ctestDefaultArgs'. This property is already registered.
2025-12-29 10:09:40.949 [warning] [ms-vscode.cmake-tools]: Cannot register 'cmake.cpackArgs'. This property is already registered.
2025-12-29 10:09:40.949 [warning] [ms-vscode.cmake-tools]: Cannot register 'cmake.environment'. This property is already registered.
2025-12-29 10:09:40.949 [warning] [ms-vscode.cmake-tools]: Cannot register 'cmake.configureEnvironment'. This property is already registered.
2025-12-29 10:09:40.949 [warning] [ms-vscode.cmake-tools]: Cannot register 'cmake.buildEnvironment'. This property is already registered.
2025-12-29 10:09:40.949 [warning] [ms-vscode.cmake-tools]: Cannot register 'cmake.testEnvironment'. This property is already registered.
2025-12-29 10:09:40.949 [warning] [ms-vscode.cmake-tools]: Cannot register 'cmake.cpackEnvironment'. This property is already registered.
2025-12-29 10:09:40.949 [warning] [ms-vscode.cmake-tools]: Cannot register 'cmake.mingwSearchDirs'. This property is already registered.
2025-12-29 10:09:40.949 [warning] [ms-vscode.cmake-tools]: Cannot register 'cmake.additionalCompilerSearchDirs'. This property is already registered.
2025-12-29 10:09:40.949 [warning] [ms-vscode.cmake-tools]: Cannot register 'cmake.emscriptenSearchDirs'. This property is already registered.
2025-12-29 10:09:40.949 [warning] [ms-vscode.cmake-tools]: Cannot register 'cmake.mergedCompileCommands'. This property is already registered.
2025-12-29 10:09:40.950 [warning] [ms-vscode.cmake-tools]: Cannot register 'cmake.copyCompileCommands'. This property is already registered.
2025-12-29 10:09:40.950 [warning] [ms-vscode.cmake-tools]: Cannot register 'cmake.configureOnOpen'. This property is already registered.
2025-12-29 10:09:40.950 [warning] [ms-vscode.cmake-tools]: Cannot register 'cmake.configureOnEdit'. This property is already registered.
2025-12-29 10:09:40.950 [warning] [ms-vscode.cmake-tools]: Cannot register 'cmake.deleteBuildDirOnCleanConfigure'. This property is already registered.
2025-12-29 10:09:40.950 [warning] [ms-vscode.cmake-tools]: Cannot register 'cmake.setBuildTypeOnMultiConfig'. This property is already registered.
2025-12-29 10:09:40.950 [warning] [ms-vscode.cmake-tools]: Cannot register 'cmake.skipConfigureIfCachePresent'. This property is already registered.
2025-12-29 10:09:40.950 [warning] [ms-vscode.cmake-tools]: Cannot register 'cmake.cmakeCommunicationMode'. This property is already registered.
2025-12-29 10:09:40.950 [warning] [ms-vscode.cmake-tools]: Cannot register 'cmake.showSystemKits'. This property is already registered.
2025-12-29 10:09:40.950 [warning] [ms-vscode.cmake-tools]: Cannot register 'cmake.ignoreKitEnv'. This property is already registered.
2025-12-29 10:09:40.950 [warning] [ms-vscode.cmake-tools]: Cannot register 'cmake.buildTask'. This property is already registered.
2025-12-29 10:09:40.950 [warning] [ms-vscode.cmake-tools]: Cannot register 'cmake.outputLogEncoding'. This property is already registered.
2025-12-29 10:09:40.950 [warning] [ms-vscode.cmake-tools]: Cannot register 'cmake.enableTraceLogging'. This property is already registered.
2025-12-29 10:09:40.950 [warning] [ms-vscode.cmake-tools]: Cannot register 'cmake.loggingLevel'. This property is already registered.
2025-12-29 10:09:40.950 [warning] [ms-vscode.cmake-tools]: Cannot register 'cmake.touchbar.visibility'. This property is already registered.
2025-12-29 10:09:40.950 [warning] [ms-vscode.cmake-tools]: Cannot register 'cmake.touchbar.advanced'. This property is already registered.
2025-12-29 10:09:40.950 [warning] [ms-vscode.cmake-tools]: Cannot register 'cmake.showConfigureWithDebuggerNotification'. This property is already registered.
2025-12-29 10:09:40.950 [warning] [ms-vscode.cmake-tools]: Cannot register 'cmake.showNotAllDocumentsSavedQuestion'. This property is already registered.
2025-12-29 10:09:40.951 [warning] [ms-vscode.cmake-tools]: Cannot register 'cmake.options.statusBarVisibility'. This property is already registered.
2025-12-29 10:09:40.951 [warning] [ms-vscode.cmake-tools]: Cannot register 'cmake.options.advanced'. This property is already registered.
2025-12-29 10:09:40.951 [warning] [ms-vscode.cmake-tools]: Cannot register 'cmake.additionalKits'. This property is already registered.
2025-12-29 10:09:40.951 [warning] [ms-vscode.cmake-tools]: Cannot register 'cmake.revealLog'. This property is already registered.
2025-12-29 10:09:40.951 [warning] [ms-vscode.cmake-tools]: Cannot register 'cmake.exportCompileCommandsFile'. This property is already registered.
2025-12-29 10:09:40.951 [warning] [ms-vscode.cmake-tools]: Cannot register 'cmake.useCMakePresets'. This property is already registered.
2025-12-29 10:09:40.951 [warning] [ms-vscode.cmake-tools]: Cannot register 'cmake.useVsDeveloperEnvironment'. This property is already registered.
2025-12-29 10:09:40.951 [warning] [ms-vscode.cmake-tools]: Cannot register 'cmake.allowCommentsInPresetsFile'. This property is already registered.
2025-12-29 10:09:40.951 [warning] [ms-vscode.cmake-tools]: Cannot register 'cmake.allowUnsupportedPresetsVersions'. This property is already registered.
2025-12-29 10:09:40.951 [warning] [ms-vscode.cmake-tools]: Cannot register 'cmake.launchBehavior'. This property is already registered.
2025-12-29 10:09:40.951 [warning] [ms-vscode.cmake-tools]: Cannot register 'cmake.ignoreCMakeListsMissing'. This property is already registered.
2025-12-29 10:09:40.951 [warning] [ms-vscode.cmake-tools]: Cannot register 'cmake.loadCompileCommands'. This property is already registered.
2025-12-29 10:09:40.951 [warning] [ms-vscode.cmake-tools]: Cannot register 'cmake.automaticReconfigure'. This property is already registered.
2025-12-29 10:09:40.951 [warning] [ms-vscode.cmake-tools]: Cannot register 'cmake.pinnedCommands'. This property is already registered.
2025-12-29 10:09:40.951 [warning] [ms-vscode.cmake-tools]: Cannot register 'cmake.enableAutomaticKitScan'. This property is already registered.
2025-12-29 10:09:40.952 [warning] [twxs.cmake]: Cannot register 'cmake.cmakePath'. This property is already registered.
2025-12-29 10:09:40.972 [error] [ms-vscode.cmake-tools]: Cannot register multiple views with same id `cmake.projectStatus`
2025-12-29 10:09:40.972 [error] [ms-vscode.cmake-tools]: Cannot register multiple views with same id `cmake.outline`
2025-12-29 10:09:40.972 [error] [ms-vscode.cmake-tools]: Cannot register multiple views with same id `cmake.pinnedCommands`
2025-12-29 10:09:41.516 [error] [Extension Host] (node:10278) [DEP0005] DeprecationWarning: Buffer() is deprecated due to security and usability issues. Please use the Buffer.alloc(), Buffer.allocUnsafe(), or Buffer.from() methods instead.
(Use `exe --trace-deprecation ...` to show where the warning was created)
2025-12-29 10:09:41.598 [error] Cannot read properties of undefined (reading 'extensionId'): TypeError: Cannot read properties of undefined (reading 'extensionId')
    at t (vscode-file://vscode-app/usr/share/codium/resources/app/out/vs/workbench/workbench.desktop.main.js:4125:2745)
    at _Dt.recommendRemoteExtensionIfNeeded (vscode-file://vscode-app/usr/share/codium/resources/app/out/vs/workbench/workbench.desktop.main.js:4125:3497)
2025-12-29 10:09:43.346 [info] [perf] Render performance baseline is 13ms
2025-12-29 10:09:43.738 [info] Auto updating outdated extensions. vadimcn.vscode-lldb
2025-12-29 10:09:55.089 [info] Started local extension host with pid 10671.
2025-12-29 10:09:55.539 [info] [ms-vscode.cmake-tools]: Command `cmake.openCMakePresets` already registered by CMake Tools (Fork) (KylinIdeTeam.kylin-cmake-tools)
2025-12-29 10:09:55.539 [info] [ms-vscode.cmake-tools]: Command `cmake.addConfigurePreset` already registered by CMake Tools (Fork) (KylinIdeTeam.kylin-cmake-tools)
2025-12-29 10:09:55.539 [info] [ms-vscode.cmake-tools]: Command `cmake.addBuildPreset` already registered by CMake Tools (Fork) (KylinIdeTeam.kylin-cmake-tools)
2025-12-29 10:09:55.540 [info] [ms-vscode.cmake-tools]: Command `cmake.addTestPreset` already registered by CMake Tools (Fork) (KylinIdeTeam.kylin-cmake-tools)
2025-12-29 10:09:55.540 [info] [ms-vscode.cmake-tools]: Command `cmake.addPackagePreset` already registered by CMake Tools (Fork) (KylinIdeTeam.kylin-cmake-tools)
2025-12-29 10:09:55.540 [info] [ms-vscode.cmake-tools]: Command `cmake.addWorkflowPreset` already registered by CMake Tools (Fork) (KylinIdeTeam.kylin-cmake-tools)
2025-12-29 10:09:55.540 [info] [ms-vscode.cmake-tools]: Command `cmake.selectConfigurePreset` already registered by CMake Tools (Fork) (KylinIdeTeam.kylin-cmake-tools)
2025-12-29 10:09:55.540 [info] [ms-vscode.cmake-tools]: Command `cmake.projectStatus.viewConfigureSettings` already registered by CMake Tools (Fork) (KylinIdeTeam.kylin-cmake-tools)
2025-12-29 10:09:55.540 [info] [ms-vscode.cmake-tools]: Command `cmake.projectStatus.selectConfigurePreset` already registered by CMake Tools (Fork) (KylinIdeTeam.kylin-cmake-tools)
2025-12-29 10:09:55.540 [info] [ms-vscode.cmake-tools]: Command `cmake.selectBuildPreset` already registered by CMake Tools (Fork) (KylinIdeTeam.kylin-cmake-tools)
2025-12-29 10:09:55.540 [info] [ms-vscode.cmake-tools]: Command `cmake.projectStatus.viewBuildSettings` already registered by CMake Tools (Fork) (KylinIdeTeam.kylin-cmake-tools)
2025-12-29 10:09:55.540 [info] [ms-vscode.cmake-tools]: Command `cmake.projectStatus.selectBuildPreset` already registered by CMake Tools (Fork) (KylinIdeTeam.kylin-cmake-tools)
2025-12-29 10:09:55.540 [info] [ms-vscode.cmake-tools]: Command `cmake.projectStatus.viewTestSettings` already registered by CMake Tools (Fork) (KylinIdeTeam.kylin-cmake-tools)
2025-12-29 10:09:55.540 [info] [ms-vscode.cmake-tools]: Command `cmake.projectStatus.viewPackageSettings` already registered by CMake Tools (Fork) (KylinIdeTeam.kylin-cmake-tools)
2025-12-29 10:09:55.541 [info] [ms-vscode.cmake-tools]: Command `cmake.selectTestPreset` already registered by CMake Tools (Fork) (KylinIdeTeam.kylin-cmake-tools)
2025-12-29 10:09:55.541 [info] [ms-vscode.cmake-tools]: Command `cmake.projectStatus.selectTestPreset` already registered by CMake Tools (Fork) (KylinIdeTeam.kylin-cmake-tools)
2025-12-29 10:09:55.541 [info] [ms-vscode.cmake-tools]: Command `cmake.projectStatus.setTestTarget` already registered by CMake Tools (Fork) (KylinIdeTeam.kylin-cmake-tools)
2025-12-29 10:09:55.541 [info] [ms-vscode.cmake-tools]: Command `cmake.selectPackagePreset` already registered by CMake Tools (Fork) (KylinIdeTeam.kylin-cmake-tools)
2025-12-29 10:09:55.541 [info] [ms-vscode.cmake-tools]: Command `cmake.projectStatus.selectPackagePreset` already registered by CMake Tools (Fork) (KylinIdeTeam.kylin-cmake-tools)
2025-12-29 10:09:55.541 [info] [ms-vscode.cmake-tools]: Command `cmake.selectWorkflowPreset` already registered by CMake Tools (Fork) (KylinIdeTeam.kylin-cmake-tools)
2025-12-29 10:09:55.541 [info] [ms-vscode.cmake-tools]: Command `cmake.projectStatus.selectWorkflowPreset` already registered by CMake Tools (Fork) (KylinIdeTeam.kylin-cmake-tools)
2025-12-29 10:09:55.541 [info] [ms-vscode.cmake-tools]: Command `cmake.viewLog` already registered by CMake Tools (Fork) (KylinIdeTeam.kylin-cmake-tools)
2025-12-29 10:09:55.541 [info] [ms-vscode.cmake-tools]: Command `cmake.logDiagnostics` already registered by CMake Tools (Fork) (KylinIdeTeam.kylin-cmake-tools)
2025-12-29 10:09:55.541 [info] [ms-vscode.cmake-tools]: Command `cmake.selectActiveFolder` already registered by CMake Tools (Fork) (KylinIdeTeam.kylin-cmake-tools)
2025-12-29 10:09:55.542 [info] [ms-vscode.cmake-tools]: Command `cmake.projectStatus.selectActiveProject` already registered by CMake Tools (Fork) (KylinIdeTeam.kylin-cmake-tools)
2025-12-29 10:09:55.542 [info] [ms-vscode.cmake-tools]: Command `cmake.outline.selectWorkspace` already registered by CMake Tools (Fork) (KylinIdeTeam.kylin-cmake-tools)
2025-12-29 10:09:55.542 [info] [ms-vscode.cmake-tools]: Command `cmake.editKits` already registered by CMake Tools (Fork) (KylinIdeTeam.kylin-cmake-tools)
2025-12-29 10:09:55.542 [info] [ms-vscode.cmake-tools]: Command `cmake.scanForKits` already registered by CMake Tools (Fork) (KylinIdeTeam.kylin-cmake-tools)
2025-12-29 10:09:55.542 [info] [ms-vscode.cmake-tools]: Command `cmake.scanForCompilers` already registered by CMake Tools (Fork) (KylinIdeTeam.kylin-cmake-tools)
2025-12-29 10:09:55.542 [info] [ms-vscode.cmake-tools]: Command `cmake.selectKit` already registered by CMake Tools (Fork) (KylinIdeTeam.kylin-cmake-tools)
2025-12-29 10:09:55.542 [info] [ms-vscode.cmake-tools]: Command `cmake.projectStatus.selectKit` already registered by CMake Tools (Fork) (KylinIdeTeam.kylin-cmake-tools)
2025-12-29 10:09:55.542 [info] [ms-vscode.cmake-tools]: Command `cmake.setVariant` already registered by CMake Tools (Fork) (KylinIdeTeam.kylin-cmake-tools)
2025-12-29 10:09:55.542 [info] [ms-vscode.cmake-tools]: Command `cmake.projectStatus.setVariant` already registered by CMake Tools (Fork) (KylinIdeTeam.kylin-cmake-tools)
2025-12-29 10:09:55.542 [info] [ms-vscode.cmake-tools]: Command `cmake.setVariantAll` already registered by CMake Tools (Fork) (KylinIdeTeam.kylin-cmake-tools)
2025-12-29 10:09:55.542 [info] [ms-vscode.cmake-tools]: Command `cmake.configure` already registered by CMake Tools (Fork) (KylinIdeTeam.kylin-cmake-tools)
2025-12-29 10:09:55.542 [info] [ms-vscode.cmake-tools]: Command `cmake.configureWithDebugger` already registered by CMake Tools (Fork) (KylinIdeTeam.kylin-cmake-tools)
2025-12-29 10:09:55.542 [info] [ms-vscode.cmake-tools]: Command `cmake.outline.configure` already registered by CMake Tools (Fork) (KylinIdeTeam.kylin-cmake-tools)
2025-12-29 10:09:55.542 [info] [ms-vscode.cmake-tools]: Command `cmake.projectStatus.configure` already registered by CMake Tools (Fork) (KylinIdeTeam.kylin-cmake-tools)
2025-12-29 10:09:55.542 [info] [ms-vscode.cmake-tools]: Command `cmake.outline.configureWithDebugger` already registered by CMake Tools (Fork) (KylinIdeTeam.kylin-cmake-tools)
2025-12-29 10:09:55.542 [info] [ms-vscode.cmake-tools]: Command `cmake.showConfigureCommand` already registered by CMake Tools (Fork) (KylinIdeTeam.kylin-cmake-tools)
2025-12-29 10:09:55.542 [info] [ms-vscode.cmake-tools]: Command `cmake.configureAll` already registered by CMake Tools (Fork) (KylinIdeTeam.kylin-cmake-tools)
2025-12-29 10:09:55.542 [info] [ms-vscode.cmake-tools]: Command `cmake.configureAllWithDebugger` already registered by CMake Tools (Fork) (KylinIdeTeam.kylin-cmake-tools)
2025-12-29 10:09:55.543 [info] [ms-vscode.cmake-tools]: Command `cmake.outline.configureAll` already registered by CMake Tools (Fork) (KylinIdeTeam.kylin-cmake-tools)
2025-12-29 10:09:55.543 [info] [ms-vscode.cmake-tools]: Command `cmake.outline.configureAllWithDebugger` already registered by CMake Tools (Fork) (KylinIdeTeam.kylin-cmake-tools)
2025-12-29 10:09:55.543 [info] [ms-vscode.cmake-tools]: Command `cmake.build` already registered by CMake Tools (Fork) (KylinIdeTeam.kylin-cmake-tools)
2025-12-29 10:09:55.543 [info] [ms-vscode.cmake-tools]: Command `cmake.outline.build` already registered by CMake Tools (Fork) (KylinIdeTeam.kylin-cmake-tools)
2025-12-29 10:09:55.543 [info] [ms-vscode.cmake-tools]: Command `cmake.projectStatus.build` already registered by CMake Tools (Fork) (KylinIdeTeam.kylin-cmake-tools)
2025-12-29 10:09:55.543 [info] [ms-vscode.cmake-tools]: Command `cmake.outline.buildTarget` already registered by CMake Tools (Fork) (KylinIdeTeam.kylin-cmake-tools)
2025-12-29 10:09:55.543 [info] [ms-vscode.cmake-tools]: Command `cmake.showBuildCommand` already registered by CMake Tools (Fork) (KylinIdeTeam.kylin-cmake-tools)
2025-12-29 10:09:55.543 [info] [ms-vscode.cmake-tools]: Command `cmake.buildAll` already registered by CMake Tools (Fork) (KylinIdeTeam.kylin-cmake-tools)
2025-12-29 10:09:55.543 [info] [ms-vscode.cmake-tools]: Command `cmake.outline.buildAll` already registered by CMake Tools (Fork) (KylinIdeTeam.kylin-cmake-tools)
2025-12-29 10:09:55.543 [info] [ms-vscode.cmake-tools]: Command `cmake.compileFile` already registered by CMake Tools (Fork) (KylinIdeTeam.kylin-cmake-tools)
2025-12-29 10:09:55.543 [info] [ms-vscode.cmake-tools]: Command `cmake.outline.compileFile` already registered by CMake Tools (Fork) (KylinIdeTeam.kylin-cmake-tools)
2025-12-29 10:09:55.543 [info] [ms-vscode.cmake-tools]: Command `cmake.install` already registered by CMake Tools (Fork) (KylinIdeTeam.kylin-cmake-tools)
2025-12-29 10:09:55.543 [info] [ms-vscode.cmake-tools]: Command `cmake.installAll` already registered by CMake Tools (Fork) (KylinIdeTeam.kylin-cmake-tools)
2025-12-29 10:09:55.543 [info] [ms-vscode.cmake-tools]: Command `cmake.buildWithTarget` already registered by CMake Tools (Fork) (KylinIdeTeam.kylin-cmake-tools)
2025-12-29 10:09:55.543 [info] [ms-vscode.cmake-tools]: Command `cmake.setDefaultTarget` already registered by CMake Tools (Fork) (KylinIdeTeam.kylin-cmake-tools)
2025-12-29 10:09:55.543 [info] [ms-vscode.cmake-tools]: Command `cmake.outline.setDefaultTarget` already registered by CMake Tools (Fork) (KylinIdeTeam.kylin-cmake-tools)
2025-12-29 10:09:55.543 [info] [ms-vscode.cmake-tools]: Command `cmake.projectStatus.setDefaultTarget` already registered by CMake Tools (Fork) (KylinIdeTeam.kylin-cmake-tools)
2025-12-29 10:09:55.543 [info] [ms-vscode.cmake-tools]: Command `cmake.cleanConfigure` already registered by CMake Tools (Fork) (KylinIdeTeam.kylin-cmake-tools)
2025-12-29 10:09:55.543 [info] [ms-vscode.cmake-tools]: Command `cmake.outline.cleanConfigure` already registered by CMake Tools (Fork) (KylinIdeTeam.kylin-cmake-tools)
2025-12-29 10:09:55.544 [info] [ms-vscode.cmake-tools]: Command `cmake.projectStatus.cleanConfigure` already registered by CMake Tools (Fork) (KylinIdeTeam.kylin-cmake-tools)
2025-12-29 10:09:55.544 [info] [ms-vscode.cmake-tools]: Command `cmake.projectStatus.openSettings` already registered by CMake Tools (Fork) (KylinIdeTeam.kylin-cmake-tools)
2025-12-29 10:09:55.544 [info] [ms-vscode.cmake-tools]: Command `cmake.projectStatus.openVisibilitySettings` already registered by CMake Tools (Fork) (KylinIdeTeam.kylin-cmake-tools)
2025-12-29 10:09:55.544 [info] [ms-vscode.cmake-tools]: Command `cmake.cleanConfigureWithDebugger` already registered by CMake Tools (Fork) (KylinIdeTeam.kylin-cmake-tools)
2025-12-29 10:09:55.544 [info] [ms-vscode.cmake-tools]: Command `cmake.outline.cleanConfigureWithDebugger` already registered by CMake Tools (Fork) (KylinIdeTeam.kylin-cmake-tools)
2025-12-29 10:09:55.544 [info] [ms-vscode.cmake-tools]: Command `cmake.cleanConfigureAll` already registered by CMake Tools (Fork) (KylinIdeTeam.kylin-cmake-tools)
2025-12-29 10:09:55.544 [info] [ms-vscode.cmake-tools]: Command `cmake.outline.cleanConfigureAll` already registered by CMake Tools (Fork) (KylinIdeTeam.kylin-cmake-tools)
2025-12-29 10:09:55.544 [info] [ms-vscode.cmake-tools]: Command `cmake.cleanConfigureAllWithDebugger` already registered by CMake Tools (Fork) (KylinIdeTeam.kylin-cmake-tools)
2025-12-29 10:09:55.544 [info] [ms-vscode.cmake-tools]: Command `cmake.outline.cleanConfigureAllWithDebugger` already registered by CMake Tools (Fork) (KylinIdeTeam.kylin-cmake-tools)
2025-12-29 10:09:55.544 [info] [ms-vscode.cmake-tools]: Command `cmake.clean` already registered by CMake Tools (Fork) (KylinIdeTeam.kylin-cmake-tools)
2025-12-29 10:09:55.544 [info] [ms-vscode.cmake-tools]: Command `cmake.outline.clean` already registered by CMake Tools (Fork) (KylinIdeTeam.kylin-cmake-tools)
2025-12-29 10:09:55.544 [info] [ms-vscode.cmake-tools]: Command `cmake.cleanAll` already registered by CMake Tools (Fork) (KylinIdeTeam.kylin-cmake-tools)
2025-12-29 10:09:55.544 [info] [ms-vscode.cmake-tools]: Command `cmake.outline.cleanAll` already registered by CMake Tools (Fork) (KylinIdeTeam.kylin-cmake-tools)
2025-12-29 10:09:55.544 [info] [ms-vscode.cmake-tools]: Command `cmake.cleanRebuild` already registered by CMake Tools (Fork) (KylinIdeTeam.kylin-cmake-tools)
2025-12-29 10:09:55.544 [info] [ms-vscode.cmake-tools]: Command `cmake.outline.cleanRebuild` already registered by CMake Tools (Fork) (KylinIdeTeam.kylin-cmake-tools)
2025-12-29 10:09:55.545 [info] [ms-vscode.cmake-tools]: Command `cmake.cleanRebuildAll` already registered by CMake Tools (Fork) (KylinIdeTeam.kylin-cmake-tools)
2025-12-29 10:09:55.545 [info] [ms-vscode.cmake-tools]: Command `cmake.outline.cleanRebuildAll` already registered by CMake Tools (Fork) (KylinIdeTeam.kylin-cmake-tools)
2025-12-29 10:09:55.545 [info] [ms-vscode.cmake-tools]: Command `cmake.editCacheUI` already registered by CMake Tools (Fork) (KylinIdeTeam.kylin-cmake-tools)
2025-12-29 10:09:55.545 [info] [ms-vscode.cmake-tools]: Command `cmake.outline.editCacheUI` already registered by CMake Tools (Fork) (KylinIdeTeam.kylin-cmake-tools)
2025-12-29 10:09:55.545 [info] [ms-vscode.cmake-tools]: Command `cmake.ctest` already registered by CMake Tools (Fork) (KylinIdeTeam.kylin-cmake-tools)
2025-12-29 10:09:55.545 [info] [ms-vscode.cmake-tools]: Command `cmake.projectStatus.ctest` already registered by CMake Tools (Fork) (KylinIdeTeam.kylin-cmake-tools)
2025-12-29 10:09:55.545 [info] [ms-vscode.cmake-tools]: Command `cmake.ctestAll` already registered by CMake Tools (Fork) (KylinIdeTeam.kylin-cmake-tools)
2025-12-29 10:09:55.545 [info] [ms-vscode.cmake-tools]: Command `cmake.revealTestExplorer` already registered by CMake Tools (Fork) (KylinIdeTeam.kylin-cmake-tools)
2025-12-29 10:09:55.545 [info] [ms-vscode.cmake-tools]: Command `cmake.refreshTests` already registered by CMake Tools (Fork) (KylinIdeTeam.kylin-cmake-tools)
2025-12-29 10:09:55.545 [info] [ms-vscode.cmake-tools]: Command `cmake.refreshTestsAll` already registered by CMake Tools (Fork) (KylinIdeTeam.kylin-cmake-tools)
2025-12-29 10:09:55.545 [info] [ms-vscode.cmake-tools]: Command `cmake.cpack` already registered by CMake Tools (Fork) (KylinIdeTeam.kylin-cmake-tools)
2025-12-29 10:09:55.545 [info] [ms-vscode.cmake-tools]: Command `cmake.projectStatus.cpack` already registered by CMake Tools (Fork) (KylinIdeTeam.kylin-cmake-tools)
2025-12-29 10:09:55.545 [info] [ms-vscode.cmake-tools]: Command `cmake.workflow` already registered by CMake Tools (Fork) (KylinIdeTeam.kylin-cmake-tools)
2025-12-29 10:09:55.545 [info] [ms-vscode.cmake-tools]: Command `cmake.projectStatus.workflow` already registered by CMake Tools (Fork) (KylinIdeTeam.kylin-cmake-tools)
2025-12-29 10:09:55.545 [info] [ms-vscode.cmake-tools]: Command `cmake.cpackAll` already registered by CMake Tools (Fork) (KylinIdeTeam.kylin-cmake-tools)
2025-12-29 10:09:55.545 [info] [ms-vscode.cmake-tools]: Command `cmake.workflowAll` already registered by CMake Tools (Fork) (KylinIdeTeam.kylin-cmake-tools)
2025-12-29 10:09:55.545 [info] [ms-vscode.cmake-tools]: Command `cmake.editCache` already registered by CMake Tools (Fork) (KylinIdeTeam.kylin-cmake-tools)
2025-12-29 10:09:55.545 [info] [ms-vscode.cmake-tools]: Command `cmake.quickStart` already registered by CMake Tools (Fork) (KylinIdeTeam.kylin-cmake-tools)
2025-12-29 10:09:55.545 [info] [ms-vscode.cmake-tools]: Command `cmake.debugTarget` already registered by CMake Tools (Fork) (KylinIdeTeam.kylin-cmake-tools)
2025-12-29 10:09:55.545 [info] [ms-vscode.cmake-tools]: Command `cmake.outline.debugTarget` already registered by CMake Tools (Fork) (KylinIdeTeam.kylin-cmake-tools)
2025-12-29 10:09:55.546 [info] [ms-vscode.cmake-tools]: Command `cmake.projectStatus.debugTarget` already registered by CMake Tools (Fork) (KylinIdeTeam.kylin-cmake-tools)
2025-12-29 10:09:55.546 [info] [ms-vscode.cmake-tools]: Command `cmake.debugTargetAll` already registered by CMake Tools (Fork) (KylinIdeTeam.kylin-cmake-tools)
2025-12-29 10:09:55.546 [info] [ms-vscode.cmake-tools]: Command `cmake.projectStatus.setDebugTarget` already registered by CMake Tools (Fork) (KylinIdeTeam.kylin-cmake-tools)
2025-12-29 10:09:55.546 [info] [ms-vscode.cmake-tools]: Command `cmake.launchTarget` already registered by CMake Tools (Fork) (KylinIdeTeam.kylin-cmake-tools)
2025-12-29 10:09:55.546 [info] [ms-vscode.cmake-tools]: Command `cmake.outline.launchTarget` already registered by CMake Tools (Fork) (KylinIdeTeam.kylin-cmake-tools)
2025-12-29 10:09:55.546 [info] [ms-vscode.cmake-tools]: Command `cmake.projectStatus.launchTarget` already registered by CMake Tools (Fork) (KylinIdeTeam.kylin-cmake-tools)
2025-12-29 10:09:55.546 [info] [ms-vscode.cmake-tools]: Command `cmake.launchTargetAll` already registered by CMake Tools (Fork) (KylinIdeTeam.kylin-cmake-tools)
2025-12-29 10:09:55.546 [info] [ms-vscode.cmake-tools]: Command `cmake.selectLaunchTarget` already registered by CMake Tools (Fork) (KylinIdeTeam.kylin-cmake-tools)
2025-12-29 10:09:55.546 [info] [ms-vscode.cmake-tools]: Command `cmake.outline.setLaunchTarget` already registered by CMake Tools (Fork) (KylinIdeTeam.kylin-cmake-tools)
2025-12-29 10:09:55.546 [info] [ms-vscode.cmake-tools]: Command `cmake.projectStatus.setLaunchTarget` already registered by CMake Tools (Fork) (KylinIdeTeam.kylin-cmake-tools)
2025-12-29 10:09:55.546 [info] [ms-vscode.cmake-tools]: Command `cmake.stop` already registered by CMake Tools (Fork) (KylinIdeTeam.kylin-cmake-tools)
2025-12-29 10:09:55.546 [info] [ms-vscode.cmake-tools]: Command `cmake.projectStatus.stop` already registered by CMake Tools (Fork) (KylinIdeTeam.kylin-cmake-tools)
2025-12-29 10:09:55.547 [info] [ms-vscode.cmake-tools]: Command `cmake.outline.stop` already registered by CMake Tools (Fork) (KylinIdeTeam.kylin-cmake-tools)
2025-12-29 10:09:55.547 [info] [ms-vscode.cmake-tools]: Command `cmake.stopAll` already registered by CMake Tools (Fork) (KylinIdeTeam.kylin-cmake-tools)
2025-12-29 10:09:55.547 [info] [ms-vscode.cmake-tools]: Command `cmake.outline.stopAll` already registered by CMake Tools (Fork) (KylinIdeTeam.kylin-cmake-tools)
2025-12-29 10:09:55.547 [info] [ms-vscode.cmake-tools]: Command `cmake.resetState` already registered by CMake Tools (Fork) (KylinIdeTeam.kylin-cmake-tools)
2025-12-29 10:09:55.547 [info] [ms-vscode.cmake-tools]: Command `cmake.openSettings` already registered by CMake Tools (Fork) (KylinIdeTeam.kylin-cmake-tools)
2025-12-29 10:09:55.547 [info] [ms-vscode.cmake-tools]: Command `cmake.outline.runUtilityTarget` already registered by CMake Tools (Fork) (KylinIdeTeam.kylin-cmake-tools)
2025-12-29 10:09:55.547 [info] [ms-vscode.cmake-tools]: Command `cmake.outline.revealInCMakeLists` already registered by CMake Tools (Fork) (KylinIdeTeam.kylin-cmake-tools)
2025-12-29 10:09:55.547 [info] [ms-vscode.cmake-tools]: Command `cmake.projectStatus.update` already registered by CMake Tools (Fork) (KylinIdeTeam.kylin-cmake-tools)
2025-12-29 10:09:55.547 [info] [ms-vscode.cmake-tools]: Command `cmake.pinnedCommands.add` already registered by CMake Tools (Fork) (KylinIdeTeam.kylin-cmake-tools)
2025-12-29 10:09:55.548 [info] [ms-vscode.cmake-tools]: Command `cmake.pinnedCommands.remove` already registered by CMake Tools (Fork) (KylinIdeTeam.kylin-cmake-tools)
2025-12-29 10:09:55.548 [info] [ms-vscode.cmake-tools]: Command `cmake.pinnedCommands.run` already registered by CMake Tools (Fork) (KylinIdeTeam.kylin-cmake-tools)
2025-12-29 10:09:55.548 [info] [ms-vscode.cmake-tools]: Command `cmake.appendBuildDirectoryToWorkspace` already registered by CMake Tools (Fork) (KylinIdeTeam.kylin-cmake-tools)
2025-12-29 10:09:55.548 [warning] [ms-vscode.cmake-tools]: Cannot register 'cmake.autoSelectActiveFolder'. This property is already registered.
2025-12-29 10:09:55.548 [warning] [ms-vscode.cmake-tools]: Cannot register 'cmake.cmakePath'. This property is already registered.
2025-12-29 10:09:55.548 [warning] [ms-vscode.cmake-tools]: Cannot register 'cmake.buildDirectory'. This property is already registered.
2025-12-29 10:09:55.548 [warning] [ms-vscode.cmake-tools]: Cannot register 'cmake.installPrefix'. This property is already registered.
2025-12-29 10:09:55.548 [warning] [ms-vscode.cmake-tools]: Cannot register 'cmake.sourceDirectory'. This property is already registered.
2025-12-29 10:09:55.548 [warning] [ms-vscode.cmake-tools]: Cannot register 'cmake.saveBeforeBuild'. This property is already registered.
2025-12-29 10:09:55.548 [warning] [ms-vscode.cmake-tools]: Cannot register 'cmake.buildBeforeRun'. This property is already registered.
2025-12-29 10:09:55.548 [warning] [ms-vscode.cmake-tools]: Cannot register 'cmake.clearOutputBeforeBuild'. This property is already registered.
2025-12-29 10:09:55.549 [warning] [ms-vscode.cmake-tools]: Cannot register 'cmake.configureSettings'. This property is already registered.
2025-12-29 10:09:55.549 [warning] [ms-vscode.cmake-tools]: Cannot register 'cmake.cacheInit'. This property is already registered.
2025-12-29 10:09:55.549 [warning] [ms-vscode.cmake-tools]: Cannot register 'cmake.preferredGenerators'. This property is already registered.
2025-12-29 10:09:55.549 [warning] [ms-vscode.cmake-tools]: Cannot register 'cmake.generator'. This property is already registered.
2025-12-29 10:09:55.549 [warning] [ms-vscode.cmake-tools]: Cannot register 'cmake.toolset'. This property is already registered.
2025-12-29 10:09:55.549 [warning] [ms-vscode.cmake-tools]: Cannot register 'cmake.platform'. This property is already registered.
2025-12-29 10:09:55.549 [warning] [ms-vscode.cmake-tools]: Cannot register 'cmake.configureArgs'. This property is already registered.
2025-12-29 10:09:55.549 [warning] [ms-vscode.cmake-tools]: Cannot register 'cmake.buildArgs'. This property is already registered.
2025-12-29 10:09:55.549 [warning] [ms-vscode.cmake-tools]: Cannot register 'cmake.buildToolArgs'. This property is already registered.
2025-12-29 10:09:55.549 [warning] [ms-vscode.cmake-tools]: Cannot register 'cmake.parallelJobs'. This property is already registered.
2025-12-29 10:09:55.549 [warning] [ms-vscode.cmake-tools]: Cannot register 'cmake.ctestPath'. This property is already registered.
2025-12-29 10:09:55.549 [warning] [ms-vscode.cmake-tools]: Cannot register 'cmake.cpackPath'. This property is already registered.
2025-12-29 10:09:55.549 [warning] [ms-vscode.cmake-tools]: Cannot register 'cmake.ctest.parallelJobs'. This property is already registered.
2025-12-29 10:09:55.549 [warning] [ms-vscode.cmake-tools]: Cannot register 'cmake.ctest.allowParallelJobs'. This property is already registered.
2025-12-29 10:09:55.549 [warning] [ms-vscode.cmake-tools]: Cannot register 'cmake.ctest.testExplorerIntegrationEnabled'. This property is already registered.
2025-12-29 10:09:55.549 [warning] [ms-vscode.cmake-tools]: Cannot register 'cmake.ctest.testSuiteDelimiter'. This property is already registered.
2025-12-29 10:09:55.549 [warning] [ms-vscode.cmake-tools]: Cannot register 'cmake.parseBuildDiagnostics'. This property is already registered.
2025-12-29 10:09:55.549 [warning] [ms-vscode.cmake-tools]: Cannot register 'cmake.enabledOutputParsers'. This property is already registered.
2025-12-29 10:09:55.549 [warning] [ms-vscode.cmake-tools]: Cannot register 'cmake.debugConfig'. This property is already registered.
2025-12-29 10:09:55.549 [warning] [ms-vscode.cmake-tools]: Cannot register 'cmake.defaultVariants'. This property is already registered.
2025-12-29 10:09:55.550 [warning] [ms-vscode.cmake-tools]: Cannot register 'cmake.ctestArgs'. This property is already registered.
2025-12-29 10:09:55.550 [warning] [ms-vscode.cmake-tools]: Cannot register 'cmake.ctestDefaultArgs'. This property is already registered.
2025-12-29 10:09:55.550 [warning] [ms-vscode.cmake-tools]: Cannot register 'cmake.cpackArgs'. This property is already registered.
2025-12-29 10:09:55.550 [warning] [ms-vscode.cmake-tools]: Cannot register 'cmake.environment'. This property is already registered.
2025-12-29 10:09:55.550 [warning] [ms-vscode.cmake-tools]: Cannot register 'cmake.configureEnvironment'. This property is already registered.
2025-12-29 10:09:55.550 [warning] [ms-vscode.cmake-tools]: Cannot register 'cmake.buildEnvironment'. This property is already registered.
2025-12-29 10:09:55.550 [warning] [ms-vscode.cmake-tools]: Cannot register 'cmake.testEnvironment'. This property is already registered.
2025-12-29 10:09:55.550 [warning] [ms-vscode.cmake-tools]: Cannot register 'cmake.cpackEnvironment'. This property is already registered.
2025-12-29 10:09:55.550 [warning] [ms-vscode.cmake-tools]: Cannot register 'cmake.mingwSearchDirs'. This property is already registered.
2025-12-29 10:09:55.550 [warning] [ms-vscode.cmake-tools]: Cannot register 'cmake.additionalCompilerSearchDirs'. This property is already registered.
2025-12-29 10:09:55.550 [warning] [ms-vscode.cmake-tools]: Cannot register 'cmake.emscriptenSearchDirs'. This property is already registered.
2025-12-29 10:09:55.550 [warning] [ms-vscode.cmake-tools]: Cannot register 'cmake.mergedCompileCommands'. This property is already registered.
2025-12-29 10:09:55.550 [warning] [ms-vscode.cmake-tools]: Cannot register 'cmake.copyCompileCommands'. This property is already registered.
2025-12-29 10:09:55.550 [warning] [ms-vscode.cmake-tools]: Cannot register 'cmake.configureOnOpen'. This property is already registered.
2025-12-29 10:09:55.550 [warning] [ms-vscode.cmake-tools]: Cannot register 'cmake.configureOnEdit'. This property is already registered.
2025-12-29 10:09:55.550 [warning] [ms-vscode.cmake-tools]: Cannot register 'cmake.deleteBuildDirOnCleanConfigure'. This property is already registered.
2025-12-29 10:09:55.550 [warning] [ms-vscode.cmake-tools]: Cannot register 'cmake.setBuildTypeOnMultiConfig'. This property is already registered.
2025-12-29 10:09:55.550 [warning] [ms-vscode.cmake-tools]: Cannot register 'cmake.skipConfigureIfCachePresent'. This property is already registered.
2025-12-29 10:09:55.550 [warning] [ms-vscode.cmake-tools]: Cannot register 'cmake.cmakeCommunicationMode'. This property is already registered.
2025-12-29 10:09:55.551 [warning] [ms-vscode.cmake-tools]: Cannot register 'cmake.showSystemKits'. This property is already registered.
2025-12-29 10:09:55.551 [warning] [ms-vscode.cmake-tools]: Cannot register 'cmake.ignoreKitEnv'. This property is already registered.
2025-12-29 10:09:55.551 [warning] [ms-vscode.cmake-tools]: Cannot register 'cmake.buildTask'. This property is already registered.
2025-12-29 10:09:55.551 [warning] [ms-vscode.cmake-tools]: Cannot register 'cmake.outputLogEncoding'. This property is already registered.
2025-12-29 10:09:55.551 [warning] [ms-vscode.cmake-tools]: Cannot register 'cmake.enableTraceLogging'. This property is already registered.
2025-12-29 10:09:55.551 [warning] [ms-vscode.cmake-tools]: Cannot register 'cmake.loggingLevel'. This property is already registered.
2025-12-29 10:09:55.551 [warning] [ms-vscode.cmake-tools]: Cannot register 'cmake.touchbar.visibility'. This property is already registered.
2025-12-29 10:09:55.551 [warning] [ms-vscode.cmake-tools]: Cannot register 'cmake.touchbar.advanced'. This property is already registered.
2025-12-29 10:09:55.551 [warning] [ms-vscode.cmake-tools]: Cannot register 'cmake.showConfigureWithDebuggerNotification'. This property is already registered.
2025-12-29 10:09:55.551 [warning] [ms-vscode.cmake-tools]: Cannot register 'cmake.showNotAllDocumentsSavedQuestion'. This property is already registered.
2025-12-29 10:09:55.551 [warning] [ms-vscode.cmake-tools]: Cannot register 'cmake.options.statusBarVisibility'. This property is already registered.
2025-12-29 10:09:55.551 [warning] [ms-vscode.cmake-tools]: Cannot register 'cmake.options.advanced'. This property is already registered.
2025-12-29 10:09:55.551 [warning] [ms-vscode.cmake-tools]: Cannot register 'cmake.additionalKits'. This property is already registered.
2025-12-29 10:09:55.551 [warning] [ms-vscode.cmake-tools]: Cannot register 'cmake.revealLog'. This property is already registered.
2025-12-29 10:09:55.551 [warning] [ms-vscode.cmake-tools]: Cannot register 'cmake.exportCompileCommandsFile'. This property is already registered.
2025-12-29 10:09:55.551 [warning] [ms-vscode.cmake-tools]: Cannot register 'cmake.useCMakePresets'. This property is already registered.
2025-12-29 10:09:55.551 [warning] [ms-vscode.cmake-tools]: Cannot register 'cmake.useVsDeveloperEnvironment'. This property is already registered.
2025-12-29 10:09:55.551 [warning] [ms-vscode.cmake-tools]: Cannot register 'cmake.allowCommentsInPresetsFile'. This property is already registered.
2025-12-29 10:09:55.551 [warning] [ms-vscode.cmake-tools]: Cannot register 'cmake.allowUnsupportedPresetsVersions'. This property is already registered.
2025-12-29 10:09:55.552 [warning] [ms-vscode.cmake-tools]: Cannot register 'cmake.launchBehavior'. This property is already registered.
2025-12-29 10:09:55.552 [warning] [ms-vscode.cmake-tools]: Cannot register 'cmake.ignoreCMakeListsMissing'. This property is already registered.
2025-12-29 10:09:55.552 [warning] [ms-vscode.cmake-tools]: Cannot register 'cmake.loadCompileCommands'. This property is already registered.
2025-12-29 10:09:55.552 [warning] [ms-vscode.cmake-tools]: Cannot register 'cmake.automaticReconfigure'. This property is already registered.
2025-12-29 10:09:55.552 [warning] [ms-vscode.cmake-tools]: Cannot register 'cmake.pinnedCommands'. This property is already registered.
2025-12-29 10:09:55.552 [warning] [ms-vscode.cmake-tools]: Cannot register 'cmake.enableAutomaticKitScan'. This property is already registered.
2025-12-29 10:09:55.552 [warning] [twxs.cmake]: Cannot register 'cmake.cmakePath'. This property is already registered.
2025-12-29 10:09:55.565 [error] [ms-vscode.cmake-tools]: Cannot register multiple views with same id `cmake.projectStatus`
2025-12-29 10:09:55.565 [error] [ms-vscode.cmake-tools]: Cannot register multiple views with same id `cmake.outline`
2025-12-29 10:09:55.565 [error] [ms-vscode.cmake-tools]: Cannot register multiple views with same id `cmake.pinnedCommands`
2025-12-29 10:09:55.876 [error] [Extension Host] (node:10671) [DEP0040] DeprecationWarning: The `punycode` module is deprecated. Please use a userland alternative instead.
(Use `exe --trace-deprecation ...` to show where the warning was created)
2025-12-29 10:09:56.107 [error] Cannot read properties of undefined (reading 'extensionId'): TypeError: Cannot read properties of undefined (reading 'extensionId')
    at t (vscode-file://vscode-app/usr/share/codium/resources/app/out/vs/workbench/workbench.desktop.main.js:4125:2745)
    at _Dt.recommendRemoteExtensionIfNeeded (vscode-file://vscode-app/usr/share/codium/resources/app/out/vs/workbench/workbench.desktop.main.js:4125:3497)
2025-12-29 10:09:57.697 [info] [perf] Render performance baseline is 12ms
2025-12-29 10:09:57.862 [info] Auto updating outdated extensions. vadimcn.vscode-lldb
2025-12-29 10:30:56.444 [info] Auto updating outdated extensions. vadimcn.vscode-lldb
2025-12-29 10:31:46.192 [info] Auto updating outdated extensions. vadimcn.vscode-lldb
2025-12-29 10:31:50.758 [info] Auto updating outdated extensions. vadimcn.vscode-lldb
2025-12-29 10:32:00.942 [info] Auto updating outdated extensions. vadimcn.vscode-lldb
