2025-12-28 09:38:41.937 [info] [main] Log level: Info
2025-12-28 09:38:41.937 [info] [main] Validating found git in: "git"
2025-12-28 09:38:41.937 [info] [main] Using git "2.52.0" from "git"
2025-12-28 09:38:41.937 [info] [Model][doInitialScan] Initial repository scan started
2025-12-28 09:38:41.937 [info] > git rev-parse --show-toplevel [34ms]
2025-12-28 09:38:41.937 [info] fatal: not a git repository (or any parent up to mount point /)
Stopping at filesystem boundary (GIT_DISCOVERY_ACROSS_FILESYSTEM not set).
2025-12-28 09:38:41.937 [info] > git rev-parse --show-toplevel [21ms]
2025-12-28 09:38:41.937 [info] fatal: not a git repository (or any parent up to mount point /)
Stopping at filesystem boundary (GIT_DISCOVERY_ACROSS_FILESYSTEM not set).
2025-12-28 09:38:41.937 [info] > git rev-parse --show-toplevel [4ms]
2025-12-28 09:38:41.937 [info] fatal: not a git repository (or any parent up to mount point /)
Stopping at filesystem boundary (GIT_DISCOVERY_ACROSS_FILESYSTEM not set).
2025-12-28 09:38:41.937 [info] > git rev-parse --show-toplevel [3ms]
2025-12-28 09:38:41.937 [info] fatal: not a git repository (or any parent up to mount point /)
Stopping at filesystem boundary (GIT_DISCOVERY_ACROSS_FILESYSTEM not set).
2025-12-28 09:38:41.937 [info] > git rev-parse --show-toplevel [3ms]
2025-12-28 09:38:41.937 [info] fatal: not a git repository (or any parent up to mount point /)
Stopping at filesystem boundary (GIT_DISCOVERY_ACROSS_FILESYSTEM not set).
2025-12-28 09:38:41.937 [info] [Model][doInitialScan] Initial repository scan completed - repositories (0), closed repositories (0), parent repositories (0), unsafe repositories (0)
2025-12-28 09:38:42.198 [info] > git rev-parse --show-toplevel [6ms]
2025-12-28 09:38:42.198 [info] fatal: not a git repository (or any parent up to mount point /)
Stopping at filesystem boundary (GIT_DISCOVERY_ACROSS_FILESYSTEM not set).
2025-12-28 09:38:42.639 [info] > git rev-parse --show-toplevel [22ms]
2025-12-28 09:38:42.639 [info] fatal: not a git repository (or any parent up to mount point /)
Stopping at filesystem boundary (GIT_DISCOVERY_ACROSS_FILESYSTEM not set).
2025-12-28 09:38:59.235 [info] > git rev-parse --show-toplevel [2ms]
2025-12-28 09:38:59.235 [info] fatal: not a git repository (or any parent up to mount point /)
Stopping at filesystem boundary (GIT_DISCOVERY_ACROSS_FILESYSTEM not set).
2025-12-28 09:39:19.039 [info] > git rev-parse --show-toplevel [5ms]
2025-12-28 09:39:19.039 [info] fatal: not a git repository (or any parent up to mount point /)
Stopping at filesystem boundary (GIT_DISCOVERY_ACROSS_FILESYSTEM not set).
2025-12-28 09:39:24.023 [info] > git rev-parse --show-toplevel [2ms]
2025-12-28 09:39:24.023 [info] fatal: not a git repository (or any parent up to mount point /)
Stopping at filesystem boundary (GIT_DISCOVERY_ACROSS_FILESYSTEM not set).
2025-12-28 09:59:45.842 [info] > git rev-parse --show-toplevel [3ms]
2025-12-28 09:59:45.842 [info] fatal: not a git repository (or any parent up to mount point /)
Stopping at filesystem boundary (GIT_DISCOVERY_ACROSS_FILESYSTEM not set).
2025-12-28 09:59:58.305 [info] > git rev-parse --show-toplevel [3ms]
2025-12-28 09:59:58.305 [info] fatal: not a git repository (or any parent up to mount point /)
Stopping at filesystem boundary (GIT_DISCOVERY_ACROSS_FILESYSTEM not set).
2025-12-28 10:00:06.291 [info] > git rev-parse --show-toplevel [3ms]
2025-12-28 10:00:06.291 [info] fatal: not a git repository (or any parent up to mount point /)
Stopping at filesystem boundary (GIT_DISCOVERY_ACROSS_FILESYSTEM not set).
2025-12-28 10:00:12.227 [info] > git rev-parse --show-toplevel [4ms]
2025-12-28 10:00:12.227 [info] fatal: not a git repository (or any parent up to mount point /)
Stopping at filesystem boundary (GIT_DISCOVERY_ACROSS_FILESYSTEM not set).
2025-12-28 10:00:16.922 [info] > git rev-parse --show-toplevel [2ms]
2025-12-28 10:00:16.922 [info] fatal: not a git repository (or any parent up to mount point /)
Stopping at filesystem boundary (GIT_DISCOVERY_ACROSS_FILESYSTEM not set).
2025-12-28 10:00:27.970 [info] > git rev-parse --show-toplevel [2ms]
2025-12-28 10:00:27.971 [info] fatal: not a git repository (or any parent up to mount point /)
Stopping at filesystem boundary (GIT_DISCOVERY_ACROSS_FILESYSTEM not set).
2025-12-28 10:25:18.189 [info] > git rev-parse --show-toplevel [1ms]
2025-12-28 10:25:18.189 [info] fatal: not a git repository (or any parent up to mount point /)
Stopping at filesystem boundary (GIT_DISCOVERY_ACROSS_FILESYSTEM not set).
2025-12-28 10:26:07.962 [info] > git rev-parse --show-toplevel [2ms]
2025-12-28 10:26:07.962 [info] fatal: not a git repository (or any parent up to mount point /)
Stopping at filesystem boundary (GIT_DISCOVERY_ACROSS_FILESYSTEM not set).
2025-12-28 10:39:19.631 [info] > git rev-parse --show-toplevel [1ms]
2025-12-28 10:39:19.631 [info] fatal: not a git repository (or any parent up to mount point /)
Stopping at filesystem boundary (GIT_DISCOVERY_ACROSS_FILESYSTEM not set).
2025-12-28 10:39:22.830 [info] > git rev-parse --show-toplevel [1ms]
2025-12-28 10:39:22.830 [info] fatal: not a git repository (or any parent up to mount point /)
Stopping at filesystem boundary (GIT_DISCOVERY_ACROSS_FILESYSTEM not set).
2025-12-28 10:39:27.918 [info] > git rev-parse --show-toplevel [1ms]
2025-12-28 10:39:27.918 [info] fatal: not a git repository (or any parent up to mount point /)
Stopping at filesystem boundary (GIT_DISCOVERY_ACROSS_FILESYSTEM not set).
2025-12-28 10:39:30.918 [info] > git rev-parse --show-toplevel [1ms]
2025-12-28 10:39:30.918 [info] fatal: not a git repository (or any parent up to mount point /)
Stopping at filesystem boundary (GIT_DISCOVERY_ACROSS_FILESYSTEM not set).
2025-12-28 10:40:05.143 [info] > git rev-parse --show-toplevel [1ms]
2025-12-28 10:40:05.143 [info] fatal: not a git repository (or any parent up to mount point /)
Stopping at filesystem boundary (GIT_DISCOVERY_ACROSS_FILESYSTEM not set).
2025-12-28 10:40:14.941 [info] > git rev-parse --show-toplevel [1ms]
2025-12-28 10:40:14.941 [info] fatal: not a git repository (or any parent up to mount point /)
Stopping at filesystem boundary (GIT_DISCOVERY_ACROSS_FILESYSTEM not set).
2025-12-28 10:40:16.082 [info] > git rev-parse --show-toplevel [1ms]
2025-12-28 10:40:16.082 [info] fatal: not a git repository (or any parent up to mount point /)
Stopping at filesystem boundary (GIT_DISCOVERY_ACROSS_FILESYSTEM not set).
2025-12-28 10:40:20.697 [info] > git rev-parse --show-toplevel [1ms]
2025-12-28 10:40:20.697 [info] fatal: not a git repository (or any parent up to mount point /)
Stopping at filesystem boundary (GIT_DISCOVERY_ACROSS_FILESYSTEM not set).
2025-12-28 10:40:37.681 [info] > git rev-parse --show-toplevel [1ms]
2025-12-28 10:40:37.681 [info] fatal: not a git repository (or any parent up to mount point /)
Stopping at filesystem boundary (GIT_DISCOVERY_ACROSS_FILESYSTEM not set).
2025-12-28 10:40:39.596 [info] > git rev-parse --show-toplevel [1ms]
2025-12-28 10:40:39.596 [info] fatal: not a git repository (or any parent up to mount point /)
Stopping at filesystem boundary (GIT_DISCOVERY_ACROSS_FILESYSTEM not set).
2025-12-28 10:40:41.086 [info] > git rev-parse --show-toplevel [0ms]
2025-12-28 10:40:41.086 [info] fatal: not a git repository (or any parent up to mount point /)
Stopping at filesystem boundary (GIT_DISCOVERY_ACROSS_FILESYSTEM not set).
2025-12-28 10:42:26.047 [info] > git rev-parse --show-toplevel [0ms]
2025-12-28 10:42:26.047 [info] fatal: not a git repository (or any parent up to mount point /)
Stopping at filesystem boundary (GIT_DISCOVERY_ACROSS_FILESYSTEM not set).
2025-12-28 10:43:06.049 [info] > git rev-parse --show-toplevel [1ms]
2025-12-28 10:43:06.049 [info] fatal: not a git repository (or any parent up to mount point /)
Stopping at filesystem boundary (GIT_DISCOVERY_ACROSS_FILESYSTEM not set).
2025-12-28 10:49:45.318 [info] > git rev-parse --show-toplevel [1ms]
2025-12-28 10:49:45.318 [info] fatal: not a git repository (or any parent up to mount point /)
Stopping at filesystem boundary (GIT_DISCOVERY_ACROSS_FILESYSTEM not set).
2025-12-28 10:49:50.578 [info] > git rev-parse --show-toplevel [1ms]
2025-12-28 10:49:50.578 [info] fatal: not a git repository (or any parent up to mount point /)
Stopping at filesystem boundary (GIT_DISCOVERY_ACROSS_FILESYSTEM not set).
2025-12-28 10:51:30.984 [info] > git rev-parse --show-toplevel [1ms]
2025-12-28 10:51:30.984 [info] fatal: not a git repository (or any parent up to mount point /)
Stopping at filesystem boundary (GIT_DISCOVERY_ACROSS_FILESYSTEM not set).
2025-12-28 10:51:58.944 [info] > git rev-parse --show-toplevel [1ms]
2025-12-28 10:51:58.944 [info] fatal: not a git repository (or any parent up to mount point /)
Stopping at filesystem boundary (GIT_DISCOVERY_ACROSS_FILESYSTEM not set).
2025-12-28 11:00:44.924 [info] > git rev-parse --show-toplevel [1ms]
2025-12-28 11:00:44.924 [info] fatal: not a git repository (or any parent up to mount point /)
Stopping at filesystem boundary (GIT_DISCOVERY_ACROSS_FILESYSTEM not set).
2025-12-28 11:00:47.776 [info] > git rev-parse --show-toplevel [1ms]
2025-12-28 11:00:47.776 [info] fatal: not a git repository (or any parent up to mount point /)
Stopping at filesystem boundary (GIT_DISCOVERY_ACROSS_FILESYSTEM not set).
2025-12-28 11:02:10.408 [info] > git rev-parse --show-toplevel [1ms]
2025-12-28 11:02:10.408 [info] fatal: not a git repository (or any parent up to mount point /)
Stopping at filesystem boundary (GIT_DISCOVERY_ACROSS_FILESYSTEM not set).
2025-12-28 11:02:13.066 [info] > git rev-parse --show-toplevel [1ms]
2025-12-28 11:02:13.066 [info] fatal: not a git repository (or any parent up to mount point /)
Stopping at filesystem boundary (GIT_DISCOVERY_ACROSS_FILESYSTEM not set).
2025-12-28 11:02:56.572 [info] > git rev-parse --show-toplevel [1ms]
2025-12-28 11:02:56.572 [info] fatal: not a git repository (or any parent up to mount point /)
Stopping at filesystem boundary (GIT_DISCOVERY_ACROSS_FILESYSTEM not set).
2025-12-28 11:03:08.163 [info] > git rev-parse --show-toplevel [1ms]
2025-12-28 11:03:08.163 [info] fatal: not a git repository (or any parent up to mount point /)
Stopping at filesystem boundary (GIT_DISCOVERY_ACROSS_FILESYSTEM not set).
2025-12-28 11:03:09.330 [info] > git rev-parse --show-toplevel [1ms]
2025-12-28 11:03:09.330 [info] fatal: not a git repository (or any parent up to mount point /)
Stopping at filesystem boundary (GIT_DISCOVERY_ACROSS_FILESYSTEM not set).
2025-12-28 11:03:11.794 [info] > git rev-parse --show-toplevel [1ms]
2025-12-28 11:03:11.794 [info] fatal: not a git repository (or any parent up to mount point /)
Stopping at filesystem boundary (GIT_DISCOVERY_ACROSS_FILESYSTEM not set).
