2025-12-28 20:54:52.412 [info] Installing C# dependencies...
2025-12-28 20:54:52.412 [info] 

2025-12-28 20:54:52.412 [info] Platform: linux, x86_64, name=fedora, version=42

2025-12-28 20:54:52.412 [info] 

2025-12-28 20:54:52.421 [info] Downloading package 'OmniSharp for Linux (.NET 6 / x64)' 
2025-12-28 20:54:53.316 [info] (49094 KB)
2025-12-28 20:54:53.316 [info] .
2025-12-28 20:54:54.618 [info] 
2025-12-28 20:54:55.110 [info] 
2025-12-28 20:54:55.439 [info] 
2025-12-28 20:54:55.772 [info] 
2025-12-28 20:54:55.942 [info] .
2025-12-28 20:54:56.108 [info] 
2025-12-28 20:54:56.273 [info] 
2025-12-28 20:54:56.291 [info] 
2025-12-28 20:54:56.624 [info] 
2025-12-28 20:54:56.783 [info] .
2025-12-28 20:54:56.796 [info] 
2025-12-28 20:54:56.956 [info] 
2025-12-28 20:54:56.971 [info] 
2025-12-28 20:54:57.121 [info] 
2025-12-28 20:54:57.139 [info] .
2025-12-28 20:54:57.148 [info] 
2025-12-28 20:54:57.482 [info] 
2025-12-28 20:54:57.494 [info] 
2025-12-28 20:54:57.740 [info] 
2025-12-28 20:54:57.842 [info] .
2025-12-28 20:54:57.843 [info] 
2025-12-28 20:54:57.844 [info] 
2025-12-28 20:54:58.012 [info] 
2025-12-28 20:54:58.024 [info] 
2025-12-28 20:54:58.186 [info] .
2025-12-28 20:54:58.371 [info] 
2025-12-28 20:54:58.382 [info] 
2025-12-28 20:54:58.554 [info] 
2025-12-28 20:54:58.562 [info] 
2025-12-28 20:54:58.731 [info] .
2025-12-28 20:54:58.744 [info] 
2025-12-28 20:54:58.886 [info] 
2025-12-28 20:54:58.915 [info] 
2025-12-28 20:54:59.101 [info] 
2025-12-28 20:54:59.110 [info] .
2025-12-28 20:54:59.266 [info] 
2025-12-28 20:54:59.275 [info] 
2025-12-28 20:54:59.430 [info] 
2025-12-28 20:54:59.438 [info] 
2025-12-28 20:54:59.454 [info] .
2025-12-28 20:54:59.606 [info] 
2025-12-28 20:54:59.793 [info] 
2025-12-28 20:54:59.802 [info] 
2025-12-28 20:54:59.957 [info] 
2025-12-28 20:54:59.969 [info] .
2025-12-28 20:54:59.982 [info] 
2025-12-28 20:55:00.136 [info] 
2025-12-28 20:55:00.144 [info] 
2025-12-28 20:55:00.291 [info] 
2025-12-28 20:55:00.325 [info] .
2025-12-28 20:55:00.511 [info] 
2025-12-28 20:55:00.522 [info] 
2025-12-28 20:55:00.857 [info] 
2025-12-28 20:55:00.858 [info] 
2025-12-28 20:55:01.022 [info] .
2025-12-28 20:55:01.031 [info] 
2025-12-28 20:55:01.199 [info] 
2025-12-28 20:55:01.360 [info] 
2025-12-28 20:55:01.541 [info] 
2025-12-28 20:55:01.549 [info] .
2025-12-28 20:55:01.746 [info] 
2025-12-28 20:55:01.907 [info] 
2025-12-28 20:55:01.920 [info] 
2025-12-28 20:55:02.086 [info] 
2025-12-28 20:55:02.239 [info] .
2025-12-28 20:55:02.269 [info] 
2025-12-28 20:55:02.587 [info] 
2025-12-28 20:55:02.602 [info] 
2025-12-28 20:55:02.771 [info] 
2025-12-28 20:55:02.778 [info] .
2025-12-28 20:55:02.951 [info] 
2025-12-28 20:55:03.120 [info] 
2025-12-28 20:55:03.130 [info] 
2025-12-28 20:55:03.297 [info] 
2025-12-28 20:55:03.458 [info] .
2025-12-28 20:55:03.641 [info] 
2025-12-28 20:55:03.813 [info] 
2025-12-28 20:55:03.826 [info] 
2025-12-28 20:55:03.991 [info] 
2025-12-28 20:55:04.005 [info] .
2025-12-28 20:55:04.172 [info] 
2025-12-28 20:55:04.310 [info] 
2025-12-28 20:55:04.348 [info] 
2025-12-28 20:55:04.529 [info] 
2025-12-28 20:55:04.537 [info] .
2025-12-28 20:55:04.710 [info] 
2025-12-28 20:55:04.871 [info] 
2025-12-28 20:55:04.884 [info] 
2025-12-28 20:55:05.050 [info] 
2025-12-28 20:55:05.059 [info] .
2025-12-28 20:55:05.222 [info] 
2025-12-28 20:55:05.399 [info] 
2025-12-28 20:55:05.409 [info] 
2025-12-28 20:55:05.580 [info] 
2025-12-28 20:55:05.590 [info] .
2025-12-28 20:55:05.758 [info] 
2025-12-28 20:55:05.898 [info] 
2025-12-28 20:55:05.937 [info] 
2025-12-28 20:55:06.098 [info] 
2025-12-28 20:55:06.136 [info]  Done!

2025-12-28 20:55:06.161 [info] Validating download...

2025-12-28 20:55:06.161 [info] Integrity Check succeeded.

2025-12-28 20:55:06.161 [info] Installing package 'OmniSharp for Linux (.NET 6 / x64)'

2025-12-28 20:55:06.161 [info] 

2025-12-28 20:55:06.775 [info] Downloading package '.NET Core Debugger (linux / x64)' 
2025-12-28 20:55:07.215 [info] (3415 KB)
2025-12-28 20:55:07.217 [info] .
2025-12-28 20:55:07.221 [info] 
2025-12-28 20:55:07.243 [info] 
2025-12-28 20:55:07.245 [info] 
2025-12-28 20:55:07.254 [info] 
2025-12-28 20:55:07.256 [info] .
2025-12-28 20:55:07.257 [info] 
2025-12-28 20:55:07.265 [info] 
2025-12-28 20:55:07.268 [info] 
2025-12-28 20:55:07.268 [info] 
2025-12-28 20:55:07.275 [info] .
2025-12-28 20:55:07.279 [info] 
2025-12-28 20:55:07.279 [info] 
2025-12-28 20:55:07.280 [info] 
2025-12-28 20:55:07.286 [info] 
2025-12-28 20:55:07.291 [info] .
2025-12-28 20:55:07.291 [info] 
2025-12-28 20:55:07.297 [info] 
2025-12-28 20:55:07.303 [info] 
2025-12-28 20:55:07.303 [info] 
2025-12-28 20:55:07.303 [info] .
2025-12-28 20:55:07.308 [info] 
2025-12-28 20:55:07.308 [info] 
2025-12-28 20:55:07.309 [info] 
2025-12-28 20:55:07.315 [info] 
2025-12-28 20:55:07.315 [info] .
2025-12-28 20:55:07.316 [info] 
2025-12-28 20:55:07.319 [info] 
2025-12-28 20:55:07.319 [info] 
2025-12-28 20:55:07.320 [info] 
2025-12-28 20:55:07.325 [info] .
2025-12-28 20:55:07.328 [info] 
2025-12-28 20:55:07.328 [info] 
2025-12-28 20:55:07.328 [info] 
2025-12-28 20:55:07.329 [info] 
2025-12-28 20:55:07.329 [info] .
2025-12-28 20:55:07.332 [info] 
2025-12-28 20:55:07.332 [info] 
2025-12-28 20:55:07.332 [info] 
2025-12-28 20:55:07.332 [info] 
2025-12-28 20:55:07.335 [info] .
2025-12-28 20:55:07.336 [info] 
2025-12-28 20:55:07.348 [info] 
2025-12-28 20:55:07.348 [info] 
2025-12-28 20:55:07.348 [info] 
2025-12-28 20:55:07.350 [info] .
2025-12-28 20:55:07.350 [info] 
2025-12-28 20:55:07.350 [info] 
2025-12-28 20:55:07.350 [info] 
2025-12-28 20:55:07.351 [info] 
2025-12-28 20:55:07.352 [info] .
2025-12-28 20:55:07.352 [info] 
2025-12-28 20:55:07.352 [info] 
2025-12-28 20:55:07.368 [info] 
2025-12-28 20:55:07.368 [info] 
2025-12-28 20:55:07.368 [info] .
2025-12-28 20:55:07.368 [info] 
2025-12-28 20:55:07.368 [info] 
2025-12-28 20:55:07.370 [info] 
2025-12-28 20:55:07.371 [info] 
2025-12-28 20:55:07.371 [info] .
2025-12-28 20:55:07.371 [info] 
2025-12-28 20:55:07.371 [info] 
2025-12-28 20:55:07.371 [info] 
2025-12-28 20:55:07.378 [info] 
2025-12-28 20:55:07.378 [info] .
2025-12-28 20:55:07.378 [info] 
2025-12-28 20:55:07.378 [info] 
2025-12-28 20:55:07.378 [info] 
2025-12-28 20:55:07.378 [info] 
2025-12-28 20:55:07.380 [info] .
2025-12-28 20:55:07.380 [info] 
2025-12-28 20:55:07.380 [info] 
2025-12-28 20:55:07.380 [info] 
2025-12-28 20:55:07.386 [info] 
2025-12-28 20:55:07.387 [info] .
2025-12-28 20:55:07.387 [info] 
2025-12-28 20:55:07.387 [info] 
2025-12-28 20:55:07.387 [info] 
2025-12-28 20:55:07.387 [info] 
2025-12-28 20:55:07.389 [info] .
2025-12-28 20:55:07.389 [info] 
2025-12-28 20:55:07.389 [info] 
2025-12-28 20:55:07.389 [info] 
2025-12-28 20:55:07.393 [info] 
2025-12-28 20:55:07.393 [info] .
2025-12-28 20:55:07.394 [info] 
2025-12-28 20:55:07.394 [info] 
2025-12-28 20:55:07.394 [info] 
2025-12-28 20:55:07.396 [info] 
2025-12-28 20:55:07.396 [info] .
2025-12-28 20:55:07.396 [info] 
2025-12-28 20:55:07.396 [info] 
2025-12-28 20:55:07.397 [info] 
2025-12-28 20:55:07.397 [info] 
2025-12-28 20:55:07.397 [info] .
2025-12-28 20:55:07.401 [info] 
2025-12-28 20:55:07.401 [info] 
2025-12-28 20:55:07.401 [info] 
2025-12-28 20:55:07.401 [info] 
2025-12-28 20:55:07.403 [info]  Done!

2025-12-28 20:55:07.404 [info] Installing package '.NET Core Debugger (linux / x64)'

2025-12-28 20:55:07.404 [info] 

2025-12-28 20:55:07.458 [info] Finished

2025-12-28 20:55:07.458 [info] 

2025-12-28 20:55:07.465 [info] Installing Razor OmniSharp Version = 7.0.0-preview.23363.1...
2025-12-28 20:55:07.465 [info] 

2025-12-28 20:55:07.465 [info] Platform: linux, x86_64, name=fedora, version=42

2025-12-28 20:55:07.465 [info] 

2025-12-28 20:55:07.467 [info] Downloading package 'Razor Language Server for OmniSharp (Linux / x64)' 
2025-12-28 20:55:07.643 [info] (73248 KB)
2025-12-28 20:55:07.643 [info] .
2025-12-28 20:55:07.714 [info] 
2025-12-28 20:55:07.742 [info] 
2025-12-28 20:55:07.800 [info] 
2025-12-28 20:55:07.827 [info] 
2025-12-28 20:55:07.847 [info] .
2025-12-28 20:55:07.869 [info] 
2025-12-28 20:55:07.888 [info] 
2025-12-28 20:55:07.906 [info] 
2025-12-28 20:55:07.923 [info] 
2025-12-28 20:55:07.942 [info] .
2025-12-28 20:55:07.961 [info] 
2025-12-28 20:55:07.973 [info] 
2025-12-28 20:55:07.991 [info] 
2025-12-28 20:55:08.004 [info] 
2025-12-28 20:55:08.023 [info] .
2025-12-28 20:55:08.040 [info] 
2025-12-28 20:55:08.052 [info] 
2025-12-28 20:55:08.078 [info] 
2025-12-28 20:55:08.096 [info] 
2025-12-28 20:55:08.132 [info] .
2025-12-28 20:55:08.144 [info] 
2025-12-28 20:55:08.160 [info] 
2025-12-28 20:55:08.175 [info] 
2025-12-28 20:55:08.192 [info] 
2025-12-28 20:55:08.204 [info] .
2025-12-28 20:55:08.220 [info] 
2025-12-28 20:55:08.247 [info] 
2025-12-28 20:55:08.293 [info] 
2025-12-28 20:55:08.363 [info] 
2025-12-28 20:55:08.383 [info] .
2025-12-28 20:55:08.399 [info] 
2025-12-28 20:55:08.436 [info] 
2025-12-28 20:55:08.449 [info] 
2025-12-28 20:55:08.464 [info] 
2025-12-28 20:55:08.477 [info] .
2025-12-28 20:55:08.505 [info] 
2025-12-28 20:55:08.529 [info] 
2025-12-28 20:55:08.544 [info] 
2025-12-28 20:55:08.556 [info] 
2025-12-28 20:55:08.574 [info] .
2025-12-28 20:55:08.585 [info] 
2025-12-28 20:55:08.599 [info] 
2025-12-28 20:55:08.613 [info] 
2025-12-28 20:55:08.628 [info] 
2025-12-28 20:55:08.659 [info] .
2025-12-28 20:55:08.688 [info] 
2025-12-28 20:55:08.731 [info] 
2025-12-28 20:55:08.745 [info] 
2025-12-28 20:55:08.771 [info] 
2025-12-28 20:55:08.786 [info] .
2025-12-28 20:55:08.801 [info] 
2025-12-28 20:55:08.816 [info] 
2025-12-28 20:55:08.831 [info] 
2025-12-28 20:55:08.844 [info] 
2025-12-28 20:55:08.856 [info] .
2025-12-28 20:55:08.871 [info] 
2025-12-28 20:55:08.887 [info] 
2025-12-28 20:55:08.906 [info] 
2025-12-28 20:55:08.917 [info] 
2025-12-28 20:55:08.930 [info] .
2025-12-28 20:55:08.941 [info] 
2025-12-28 20:55:08.957 [info] 
2025-12-28 20:55:08.968 [info] 
2025-12-28 20:55:08.984 [info] 
2025-12-28 20:55:08.996 [info] .
2025-12-28 20:55:09.009 [info] 
2025-12-28 20:55:09.025 [info] 
2025-12-28 20:55:09.037 [info] 
2025-12-28 20:55:09.057 [info] 
2025-12-28 20:55:09.069 [info] .
2025-12-28 20:55:09.083 [info] 
2025-12-28 20:55:09.096 [info] 
2025-12-28 20:55:09.112 [info] 
2025-12-28 20:55:09.131 [info] 
2025-12-28 20:55:09.150 [info] .
2025-12-28 20:55:09.180 [info] 
2025-12-28 20:55:09.199 [info] 
2025-12-28 20:55:09.212 [info] 
2025-12-28 20:55:09.226 [info] 
2025-12-28 20:55:09.248 [info] .
2025-12-28 20:55:09.267 [info] 
2025-12-28 20:55:09.281 [info] 
2025-12-28 20:55:09.294 [info] 
2025-12-28 20:55:09.307 [info] 
2025-12-28 20:55:09.321 [info] .
2025-12-28 20:55:09.337 [info] 
2025-12-28 20:55:09.352 [info] 
2025-12-28 20:55:09.364 [info] 
2025-12-28 20:55:09.379 [info] 
2025-12-28 20:55:09.402 [info] .
2025-12-28 20:55:09.429 [info] 
2025-12-28 20:55:09.447 [info] 
2025-12-28 20:55:09.470 [info] 
2025-12-28 20:55:09.481 [info] 
2025-12-28 20:55:09.495 [info] .
2025-12-28 20:55:09.513 [info] 
2025-12-28 20:55:09.527 [info] 
2025-12-28 20:55:09.541 [info] 
2025-12-28 20:55:09.555 [info] 
2025-12-28 20:55:09.613 [info]  Done!

2025-12-28 20:55:09.614 [info] Installing package 'Razor Language Server for OmniSharp (Linux / x64)'

2025-12-28 20:55:09.614 [info] 

2025-12-28 20:55:10.567 [info] Finished

2025-12-28 20:55:10.567 [info] 

