2025-12-29 10:09:27.198 [info] Reading sessions from keychain...
2025-12-29 10:09:27.198 [info] Getting sessions for all scopes...
2025-12-29 10:09:27.369 [info] Got 0 sessions for ...
2025-12-29 10:09:27.369 [info] Getting sessions for all scopes...
2025-12-29 10:09:27.369 [info] Got 0 sessions for ...
2025-12-29 10:09:27.369 [info] Getting sessions for all scopes...
2025-12-29 10:09:27.369 [info] Got 0 sessions for ...
2025-12-29 10:09:27.369 [info] Getting sessions for all scopes...
2025-12-29 10:09:27.369 [info] Got 0 sessions for ...
2025-12-29 10:09:27.369 [info] Getting sessions for all scopes...
2025-12-29 10:09:27.369 [info] Got 0 sessions for ...
2025-12-29 10:09:27.369 [info] Getting sessions for all scopes...
2025-12-29 10:09:27.369 [info] Got 0 sessions for ...
2025-12-29 10:09:27.369 [info] Getting sessions for all scopes...
2025-12-29 10:09:27.369 [info] Got 0 sessions for ...
2025-12-29 10:09:27.378 [info] Getting sessions for all scopes...
2025-12-29 10:09:27.378 [info] Got 0 sessions for ...
2025-12-29 10:09:27.382 [info] Getting sessions for all scopes...
2025-12-29 10:09:27.382 [info] Got 0 sessions for ...
2025-12-29 10:09:27.382 [info] Getting sessions for all scopes...
2025-12-29 10:09:27.382 [info] Got 0 sessions for ...
2025-12-29 10:09:27.382 [info] Getting sessions for all scopes...
2025-12-29 10:09:27.382 [info] Got 0 sessions for ...
2025-12-29 10:09:27.382 [info] Getting sessions for all scopes...
2025-12-29 10:09:27.382 [info] Got 0 sessions for ...
2025-12-29 10:09:27.382 [info] Getting sessions for all scopes...
2025-12-29 10:09:27.382 [info] Got 0 sessions for ...
2025-12-29 10:09:27.382 [info] Getting sessions for all scopes...
2025-12-29 10:09:27.382 [info] Got 0 sessions for ...
2025-12-29 10:09:27.685 [info] Getting sessions for read:user,repo,user:email,workflow...
2025-12-29 10:09:27.685 [info] Got 0 sessions for read:user,repo,user:email,workflow...
2025-12-29 10:09:29.051 [info] Getting sessions for all scopes...
2025-12-29 10:09:29.051 [info] Got 0 sessions for ...
