2025-10-30 12:23:28.618 [info] Extension host with pid 9247 started
2025-10-30 12:23:28.839 [info] ExtensionService#_doActivateExtension vscode.github-authentication, startup: false, activationEvent: 'onAuthenticationRequest:github'
2025-10-30 12:23:28.968 [info] ExtensionService#_doActivateExtension vscode.git-base, startup: true, activationEvent: '*', root cause: vscode.git
2025-10-30 12:23:29.157 [info] ExtensionService#_doActivateExtension vscode.git, startup: true, activationEvent: '*'
2025-10-30 12:23:29.252 [info] ExtensionService#_doActivateExtension vscode.github, startup: true, activationEvent: '*'
2025-10-30 12:23:29.515 [info] Eager extensions activated
2025-10-30 12:23:29.517 [info] ExtensionService#_doActivateExtension vscode.debug-auto-launch, startup: false, activationEvent: 'onStartupFinished'
2025-10-30 12:23:29.520 [info] ExtensionService#_doActivateExtension vscode.merge-conflict, startup: false, activationEvent: 'onStartupFinished'
2025-10-30 12:23:30.471 [info] Extension host terminating: renderer closed the MessagePort
2025-10-30 12:23:30.532 [error] ProxyResolver#addCertificatesV1 Canceled: Canceled
	at new MR (file:///usr/share/code/resources/app/out/vs/workbench/api/node/extensionHostProcess.js:29:116391)
	at U4.U (file:///usr/share/code/resources/app/out/vs/workbench/api/node/extensionHostProcess.js:29:121001)
	at s.<computed>.n.charCodeAt.s.<computed> (file:///usr/share/code/resources/app/out/vs/workbench/api/node/extensionHostProcess.js:29:118495)
	at zb.loadCertificates (file:///usr/share/code/resources/app/out/vs/workbench/api/node/extensionHostProcess.js:111:75005)
	at Object.loadAdditionalCertificates (file:///usr/share/code/resources/app/out/vs/workbench/api/node/extensionHostProcess.js:203:23184)
	at /usr/share/code/resources/app/node_modules/@vscode/proxy-agent/out/index.js:804:53
	at Generator.next (<anonymous>)
	at /usr/share/code/resources/app/node_modules/@vscode/proxy-agent/out/index.js:35:71
	at new Promise (<anonymous>)
	at __awaiter (/usr/share/code/resources/app/node_modules/@vscode/proxy-agent/out/index.js:31:12)
	at /usr/share/code/resources/app/node_modules/@vscode/proxy-agent/out/index.js:803:43
	at /usr/share/code/resources/app/node_modules/@vscode/proxy-agent/out/index.js:805:16
	at Generator.next (<anonymous>)
	at /usr/share/code/resources/app/node_modules/@vscode/proxy-agent/out/index.js:35:71
	at new Promise (<anonymous>)
	at __awaiter (/usr/share/code/resources/app/node_modules/@vscode/proxy-agent/out/index.js:31:12)
	at getOrLoadAdditionalCertificates (/usr/share/code/resources/app/node_modules/@vscode/proxy-agent/out/index.js:801:12)
	at addCertificatesToOptionsV1 (/usr/share/code/resources/app/node_modules/@vscode/proxy-agent/out/index.js:780:9)
	at resolveProxyWithRequest (/usr/share/code/resources/app/node_modules/@vscode/proxy-agent/out/index.js:140:9)
	at /usr/share/code/resources/app/node_modules/@vscode/proxy-agent/out/index.js:372:77
	at new Promise (<anonymous>)
	at PacProxyAgent.resolveP [as resolver] (/usr/share/code/resources/app/node_modules/@vscode/proxy-agent/out/index.js:372:54)
	at PacProxyAgent.<anonymous> (/usr/share/code/resources/app/node_modules/@vscode/proxy-agent/out/agent.js:74:37)
	at Generator.next (<anonymous>)
	at /usr/share/code/resources/app/node_modules/@vscode/proxy-agent/out/agent.js:8:71
	at new Promise (<anonymous>)
	at __awaiter (/usr/share/code/resources/app/node_modules/@vscode/proxy-agent/out/agent.js:4:12)
	at PacProxyAgent.connect (/usr/share/code/resources/app/node_modules/@vscode/proxy-agent/out/agent.js:56:16)
	at /usr/share/code/resources/app/node_modules/agent-base/dist/index.js:132:30
2025-10-30 12:23:30.532 [info] Extension host with pid 9247 exiting with code 0
