2025-10-30 12:23:30.943 [info] [main] Log level: Info
2025-10-30 12:23:30.943 [info] [main] Validating found git in: "git"
2025-10-30 12:23:30.943 [info] [main] Using git "2.51.0" from "git"
2025-10-30 12:23:30.943 [info] [Model][doInitialScan] Initial repository scan started
2025-10-30 12:23:30.943 [info] > git rev-parse --show-toplevel [35ms]
2025-10-30 12:23:30.943 [info] fatal: not a git repository (or any parent up to mount point /)
Stopping at filesystem boundary (GIT_DISCOVERY_ACROSS_FILESYSTEM not set).
2025-10-30 12:23:30.943 [info] [Model][doInitialScan] Initial repository scan completed - repositories (0), closed repositories (0), parent repositories (0), unsafe repositories (0)
2025-10-30 12:23:40.248 [info] [main] Log level: Info
2025-10-30 12:23:40.248 [info] [main] Validating found git in: "git"
2025-10-30 12:23:40.248 [info] [main] Using git "2.51.0" from "git"
2025-10-30 12:23:40.248 [info] [Model][doInitialScan] Initial repository scan started
2025-10-30 12:23:40.248 [info] > git rev-parse --show-toplevel [8ms]
2025-10-30 12:23:40.248 [info] fatal: not a git repository (or any parent up to mount point /)
Stopping at filesystem boundary (GIT_DISCOVERY_ACROSS_FILESYSTEM not set).
2025-10-30 12:23:40.249 [info] > git rev-parse --show-toplevel [2ms]
2025-10-30 12:23:40.249 [info] fatal: not a git repository (or any parent up to mount point /)
Stopping at filesystem boundary (GIT_DISCOVERY_ACROSS_FILESYSTEM not set).
2025-10-30 12:23:40.254 [info] [Model][doInitialScan] Initial repository scan completed - repositories (0), closed repositories (0), parent repositories (0), unsafe repositories (0)
2025-10-30 12:24:41.026 [info] > git rev-parse --show-toplevel [2ms]
2025-10-30 12:24:41.026 [info] fatal: not a git repository (or any parent up to mount point /)
Stopping at filesystem boundary (GIT_DISCOVERY_ACROSS_FILESYSTEM not set).
2025-10-30 12:25:30.538 [info] > git rev-parse --show-toplevel [2ms]
2025-10-30 12:25:30.539 [info] fatal: not a git repository (or any parent up to mount point /)
Stopping at filesystem boundary (GIT_DISCOVERY_ACROSS_FILESYSTEM not set).
2025-10-30 12:25:43.572 [info] > git rev-parse --show-toplevel [2ms]
2025-10-30 12:25:43.572 [info] fatal: not a git repository (or any parent up to mount point /)
Stopping at filesystem boundary (GIT_DISCOVERY_ACROSS_FILESYSTEM not set).
2025-10-30 12:25:46.635 [info] > git rev-parse --show-toplevel [2ms]
2025-10-30 12:25:46.635 [info] fatal: not a git repository (or any parent up to mount point /)
Stopping at filesystem boundary (GIT_DISCOVERY_ACROSS_FILESYSTEM not set).
2025-10-30 12:28:32.165 [info] > git rev-parse --show-toplevel [2ms]
2025-10-30 12:28:32.165 [info] fatal: not a git repository (or any parent up to mount point /)
Stopping at filesystem boundary (GIT_DISCOVERY_ACROSS_FILESYSTEM not set).
2025-10-30 12:28:38.806 [info] > git rev-parse --show-toplevel [3ms]
2025-10-30 12:28:38.806 [info] fatal: not a git repository (or any parent up to mount point /)
Stopping at filesystem boundary (GIT_DISCOVERY_ACROSS_FILESYSTEM not set).
2025-10-30 12:33:12.434 [info] > git rev-parse --show-toplevel [5ms]
2025-10-30 12:33:12.434 [info] fatal: not a git repository (or any parent up to mount point /)
Stopping at filesystem boundary (GIT_DISCOVERY_ACROSS_FILESYSTEM not set).
2025-10-30 12:33:13.944 [info] > git rev-parse --show-toplevel [4ms]
2025-10-30 12:33:13.944 [info] fatal: not a git repository (or any parent up to mount point /)
Stopping at filesystem boundary (GIT_DISCOVERY_ACROSS_FILESYSTEM not set).
2025-10-30 12:33:19.760 [info] > git rev-parse --show-toplevel [3ms]
2025-10-30 12:33:19.760 [info] fatal: not a git repository (or any parent up to mount point /)
Stopping at filesystem boundary (GIT_DISCOVERY_ACROSS_FILESYSTEM not set).
