I[11:03:45.817] clangd version 21.0.0git (https://github.com/llvm/llvm-project c6cec7bd9cef993b377903b88375e00badcbf11b)
I[11:03:45.817] Features: linux
I[11:03:45.817] PID: 26242
I[11:03:45.817] Working directory: /home/david/Documentos/prueba_OS
I[11:03:45.817] argv[0]: /home/david/.vscode-oss/extensions/kylinideteam.kylin-clangd-0.4.0-linux-x64/res/clangd/bin/clangd
I[11:03:45.817] argv[1]: --clang-tidy=1
I[11:03:45.817] Starting LSP over stdin/stdout
I[11:03:45.821] <-- initialize(0)
I[11:03:45.822] --> reply:initialize(0) 0 ms
I[11:03:45.839] <-- initialized
I[11:03:45.895] <-- textDocument/didOpen
I[11:03:45.895] --> textDocument/publishDiagnostics
I[11:03:45.895] Failed to find compilation database for /home/david/Documentos/prueba_OS/RepasoExamen/39.c
I[11:03:45.895] ASTWorker building file /home/david/Documentos/prueba_OS/RepasoExamen/39.c version 1 with command clangd fallback
[/home/david/Documentos/prueba_OS/RepasoExamen]
/usr/bin/clang -resource-dir=/home/david/.vscode-oss/extensions/kylinideteam.kylin-clangd-0.4.0-linux-x64/res/clangd/lib/clang/21 -- /home/david/Documentos/prueba_OS/RepasoExamen/39.c
I[11:03:45.896] --> textDocument/clangd.fileStatus
I[11:03:45.902] <-- textDocument/codeAction(1)
I[11:03:45.902] <-- textDocument/documentLink(2)
I[11:03:45.903] <-- textDocument/inlayHint(3)
I[11:03:45.930] Built preamble of size 756336 for file /home/david/Documentos/prueba_OS/RepasoExamen/39.c version 1 in 0.03 seconds
I[11:03:45.930] --> workspace/semanticTokens/refresh(0)
I[11:03:45.930] Indexing c17 standard library in the context of /home/david/Documentos/prueba_OS/RepasoExamen/39.c
I[11:03:45.937] --> textDocument/publishDiagnostics
I[11:03:45.937] --> textDocument/inactiveRegions
I[11:03:45.937] --> reply:textDocument/codeAction(1) 34 ms
I[11:03:45.937] --> reply:textDocument/documentLink(2) 34 ms
I[11:03:45.938] --> reply:textDocument/inlayHint(3) 35 ms
I[11:03:45.938] --> textDocument/clangd.fileStatus
I[11:03:45.952] <-- reply(0)
I[11:03:45.952] <-- $/cancelRequest
I[11:03:45.952] <-- $/cancelRequest
I[11:03:45.952] <-- textDocument/codeAction(4)
I[11:03:45.952] --> reply:textDocument/codeAction(4) 0 ms
I[11:03:45.952] --> textDocument/clangd.fileStatus
I[11:03:45.956] <-- textDocument/documentLink(5)
I[11:03:45.956] --> reply:textDocument/documentLink(5) 0 ms
I[11:03:45.956] --> textDocument/clangd.fileStatus
I[11:03:46.015] Indexed c17 standard library: 2884 symbols, 11 filtered
I[11:03:46.062] <-- textDocument/foldingRange(6)
I[11:03:46.062] --> reply:textDocument/foldingRange(6) 0 ms
I[11:03:46.150] <-- textDocument/documentSymbol(7)
I[11:03:46.150] --> reply:textDocument/documentSymbol(7) 0 ms
I[11:03:46.150] --> textDocument/clangd.fileStatus
I[11:03:46.362] <-- $/setTrace
I[11:03:46.362] unhandled notification $/setTrace
I[11:03:47.319] <-- $/setTrace
I[11:03:47.319] unhandled notification $/setTrace
I[11:03:47.335] <-- textDocument/codeAction(8)
I[11:03:47.336] --> reply:textDocument/codeAction(8) 0 ms
I[11:03:47.336] --> textDocument/clangd.fileStatus
I[11:03:47.336] <-- textDocument/documentLink(9)
I[11:03:47.337] --> reply:textDocument/documentLink(9) 0 ms
I[11:03:47.337] --> textDocument/clangd.fileStatus
I[11:03:47.349] <-- textDocument/inlayHint(10)
I[11:03:47.349] --> reply:textDocument/inlayHint(10) 0 ms
I[11:03:47.349] --> textDocument/clangd.fileStatus
I[11:03:47.356] <-- textDocument/documentSymbol(11)
I[11:03:47.356] --> reply:textDocument/documentSymbol(11) 0 ms
I[11:03:47.356] --> textDocument/clangd.fileStatus
I[11:03:48.391] <-- $/setTrace
I[11:03:48.391] unhandled notification $/setTrace
I[11:03:48.744] <-- $/setTrace
I[11:03:48.744] unhandled notification $/setTrace
