2025-12-29 18:56:20.406 [info] Reading sessions from keychain...
2025-12-29 18:56:20.406 [info] Getting sessions for all scopes...
2025-12-29 18:56:20.406 [info] Got 0 sessions for ...
2025-12-29 18:56:20.406 [info] Getting sessions for all scopes...
2025-12-29 18:56:20.406 [info] Got 0 sessions for ...
2025-12-29 18:56:20.406 [info] Getting sessions for all scopes...
2025-12-29 18:56:20.406 [info] Got 0 sessions for ...
2025-12-29 18:56:20.406 [info] Getting sessions for all scopes...
2025-12-29 18:56:20.406 [info] Got 0 sessions for ...
2025-12-29 18:56:20.406 [info] Getting sessions for all scopes...
2025-12-29 18:56:20.406 [info] Got 0 sessions for ...
2025-12-29 18:56:20.406 [info] Getting sessions for all scopes...
2025-12-29 18:56:20.406 [info] Got 0 sessions for ...
2025-12-29 18:56:20.406 [info] Getting sessions for all scopes...
2025-12-29 18:56:20.406 [info] Got 0 sessions for ...
2025-12-29 18:56:20.406 [info] Getting sessions for all scopes...
2025-12-29 18:56:20.406 [info] Got 0 sessions for ...
2025-12-29 18:56:20.406 [info] Getting sessions for all scopes...
2025-12-29 18:56:20.406 [info] Got 0 sessions for ...
2025-12-29 18:56:20.406 [info] Getting sessions for all scopes...
2025-12-29 18:56:20.406 [info] Got 0 sessions for ...
2025-12-29 18:56:20.406 [info] Getting sessions for all scopes...
2025-12-29 18:56:20.406 [info] Got 0 sessions for ...
2025-12-29 18:56:20.406 [info] Getting sessions for all scopes...
2025-12-29 18:56:20.406 [info] Got 0 sessions for ...
2025-12-29 18:56:20.406 [info] Getting sessions for all scopes...
2025-12-29 18:56:20.406 [info] Got 0 sessions for ...
2025-12-29 18:56:20.406 [info] Getting sessions for all scopes...
2025-12-29 18:56:20.406 [info] Got 0 sessions for ...
2025-12-29 18:56:20.406 [info] Getting sessions for all scopes...
2025-12-29 18:56:20.406 [info] Got 0 sessions for ...
2025-12-29 18:56:21.655 [info] Getting sessions for read:user,repo,user:email,workflow...
2025-12-29 18:56:21.655 [info] Got 0 sessions for read:user,repo,user:email,workflow...
2025-12-29 18:56:21.963 [info] Getting sessions for all scopes...
2025-12-29 18:56:21.963 [info] Got 0 sessions for ...
