2025-12-28 20:54:19.625 [info] [main] Log level: Info
2025-12-28 20:54:19.625 [info] [main] Validating found git in: "git"
2025-12-28 20:54:19.625 [info] [main] Using git "2.52.0" from "git"
2025-12-28 20:54:19.625 [info] [Model][doInitialScan] Initial repository scan started
2025-12-28 20:54:19.625 [info] > git rev-parse --show-toplevel [4ms]
2025-12-28 20:54:19.625 [info] > git rev-parse --show-toplevel [1ms]
2025-12-28 20:54:19.625 [info] > git rev-parse --show-toplevel [1ms]
2025-12-28 20:54:19.625 [info] > git rev-parse --show-toplevel [0ms]
2025-12-28 20:54:19.625 [info] > git rev-parse --show-toplevel [1ms]
2025-12-28 20:54:19.625 [info] > git rev-parse --show-toplevel [1ms]
2025-12-28 20:54:19.625 [info] > git rev-parse --show-toplevel [1ms]
2025-12-28 20:54:19.625 [info] > git rev-parse --show-toplevel [1ms]
2025-12-28 20:54:19.625 [info] > git rev-parse --show-toplevel [1ms]
2025-12-28 20:54:19.625 [info] > git rev-parse --show-toplevel [1ms]
2025-12-28 20:54:19.625 [info] [Model][doInitialScan] Initial repository scan completed - repositories (0), closed repositories (0), parent repositories (1), unsafe repositories (0)
2025-12-28 20:54:19.673 [info] > git rev-parse --show-toplevel [32ms]
2025-12-28 20:54:21.505 [info] > git rev-parse --show-toplevel [0ms]
2025-12-28 20:54:24.967 [info] > git rev-parse --show-toplevel [0ms]
2025-12-28 20:54:24.973 [info] > git rev-parse --git-dir --git-common-dir --show-superproject-working-tree [3ms]
2025-12-28 20:54:24.978 [info] [Model][openRepository] Opened repository (path): /home/david/Documentos/Git/EstoyLocoyotrascosas
2025-12-28 20:54:24.978 [info] [Model][openRepository] Opened repository (real path): /home/david/Documentos/Git/EstoyLocoyotrascosas
2025-12-28 20:54:24.978 [info] [Model][openRepository] Opened repository (kind): repository
2025-12-28 20:54:24.984 [info] > git config --get commit.template [1ms]
2025-12-28 20:54:24.989 [info] > git for-each-ref --format=%(refname)%00%(upstream:short)%00%(objectname)%00%(upstream:track)%00%(upstream:remotename)%00%(upstream:remoteref) refs/heads/main refs/remotes/main [3ms]
2025-12-28 20:54:24.998 [info] > git for-each-ref --sort -committerdate --format %(refname)%00%(objectname)%00%(*objectname) [2ms]
2025-12-28 20:54:25.006 [info] > git status -z -uall [13ms]
2025-12-28 20:54:25.022 [info] > git for-each-ref --format=%(refname)%00%(upstream:short)%00%(objectname)%00%(upstream:track)%00%(upstream:remotename)%00%(upstream:remoteref) refs/heads/main refs/remotes/main [4ms]
2025-12-28 20:54:25.026 [info] > git config --get --local branch.main.vscode-merge-base [1ms]
2025-12-28 20:54:25.026 [warning] [Git][config] git config failed: Failed to execute git
2025-12-28 20:54:25.028 [info] > git config --get commit.template [6ms]
2025-12-28 20:54:25.031 [info] > git reflog main --grep-reflog=branch: Created from *. [3ms]
2025-12-28 20:54:25.033 [info] > git for-each-ref --format=%(refname)%00%(upstream:short)%00%(objectname)%00%(upstream:track)%00%(upstream:remotename)%00%(upstream:remoteref) refs/heads/main refs/remotes/main [3ms]
2025-12-28 20:54:25.038 [info] > git symbolic-ref --short refs/remotes/origin/HEAD [5ms]
2025-12-28 20:54:25.040 [info] > git for-each-ref --sort -committerdate --format %(refname)%00%(objectname)%00%(*objectname) [2ms]
2025-12-28 20:54:25.041 [info] > git for-each-ref --format=%(refname)%00%(upstream:short)%00%(objectname)%00%(upstream:track)%00%(upstream:remotename)%00%(upstream:remoteref) refs/heads/origin/main refs/remotes/origin/main [1ms]
2025-12-28 20:54:25.043 [info] > git status -z -uall [7ms]
2025-12-28 20:54:25.046 [info] > git config --add --local branch.main.vscode-merge-base origin/main [3ms]
2025-12-28 20:54:25.051 [info] > git config --get commit.template [2ms]
2025-12-28 20:54:25.052 [info] > git for-each-ref --format=%(refname)%00%(upstream:short)%00%(objectname)%00%(upstream:track)%00%(upstream:remotename)%00%(upstream:remoteref) refs/heads/main refs/remotes/main [1ms]
2025-12-28 20:54:25.057 [info] > git for-each-ref --sort -committerdate --format %(refname)%00%(objectname)%00%(*objectname) [1ms]
2025-12-28 20:54:25.059 [info] > git status -z -uall [5ms]
2025-12-28 20:54:25.066 [info] > git merge-base refs/heads/main refs/remotes/origin/main [3ms]
2025-12-28 20:54:25.069 [info] > git merge-base refs/heads/main refs/remotes/origin/main [3ms]
2025-12-28 20:54:25.071 [info] > git diff --name-status -z --diff-filter=ADMR --find-renames=50% f43cfb2f9ea2c7212025335569d9ed85a79ae514...refs/remotes/origin/main -- [3ms]
2025-12-28 20:54:25.072 [info] > git diff --name-status -z --diff-filter=ADMR --find-renames=50% f43cfb2f9ea2c7212025335569d9ed85a79ae514...refs/remotes/origin/main -- [1ms]
2025-12-28 20:54:25.287 [info] > git show --textconv :WhenTheSpringEnds/Scripts/DialogueManager/InGameScripts/dialogueStartTriger.cs [3ms]
2025-12-28 20:54:25.288 [info] > git ls-files --stage -- WhenTheSpringEnds/Scripts/DialogueManager/InGameScripts/dialogueStartTriger.cs [1ms]
2025-12-28 20:54:25.291 [info] > git cat-file -s b500d6084c4a863f3e56d4a0fa0b2e4a712a79e0 [1ms]
2025-12-28 20:54:25.496 [info] > git check-ignore -v -z --stdin [2ms]
2025-12-28 20:54:26.229 [info] > git config --get commit.template [3ms]
2025-12-28 20:54:26.230 [info] > git for-each-ref --format=%(refname)%00%(upstream:short)%00%(objectname)%00%(upstream:track)%00%(upstream:remotename)%00%(upstream:remoteref) refs/heads/main refs/remotes/main [1ms]
2025-12-28 20:54:26.236 [info] > git for-each-ref --sort -committerdate --format %(refname)%00%(objectname)%00%(*objectname) [1ms]
2025-12-28 20:54:26.238 [info] > git status -z -uall [6ms]
2025-12-28 20:54:26.328 [info] > git ls-files --stage -- WhenTheSpringEnds/Scripts/DialogueManager/InGameScripts/dialogueStartTriger.cs [1ms]
2025-12-28 20:54:26.331 [info] > git cat-file -s b500d6084c4a863f3e56d4a0fa0b2e4a712a79e0 [1ms]
2025-12-28 20:54:26.336 [info] > git show --textconv :WhenTheSpringEnds/Scripts/DialogueManager/InGameScripts/dialogueStartTriger.cs [2ms]
2025-12-28 20:54:31.065 [info] > git blame --root --incremental f43cfb2f9ea2c7212025335569d9ed85a79ae514 -- WhenTheSpringEnds/Scripts/DialogueManager/InGameScripts/dialogueStartTriger.cs [2ms]
2025-12-28 20:54:38.200 [info] > git config --get commit.template [2ms]
2025-12-28 20:54:38.201 [info] > git for-each-ref --format=%(refname)%00%(upstream:short)%00%(objectname)%00%(upstream:track)%00%(upstream:remotename)%00%(upstream:remoteref) refs/heads/main refs/remotes/main [1ms]
2025-12-28 20:54:38.207 [info] > git for-each-ref --sort -committerdate --format %(refname)%00%(objectname)%00%(*objectname) [1ms]
2025-12-28 20:54:38.210 [info] > git status -z -uall [6ms]
2025-12-28 20:55:20.520 [info] > git show --textconv :WhenTheSpringEnds/Scripts/DialogueManager/InGameScripts/dialogueStartTriger.cs [4ms]
2025-12-28 20:55:20.521 [info] > git ls-files --stage -- WhenTheSpringEnds/Scripts/DialogueManager/InGameScripts/dialogueStartTriger.cs [1ms]
2025-12-28 20:55:20.526 [info] > git cat-file -s b500d6084c4a863f3e56d4a0fa0b2e4a712a79e0 [2ms]
2025-12-28 20:55:35.608 [info] > git config --get commit.template [4ms]
2025-12-28 20:55:35.608 [info] > git for-each-ref --format=%(refname)%00%(upstream:short)%00%(objectname)%00%(upstream:track)%00%(upstream:remotename)%00%(upstream:remoteref) refs/heads/main refs/remotes/main [1ms]
2025-12-28 20:55:35.615 [info] > git for-each-ref --sort -committerdate --format %(refname)%00%(objectname)%00%(*objectname) [1ms]
2025-12-28 20:55:35.616 [info] > git status -z -uall [5ms]
2025-12-28 20:55:55.865 [info] > git config --get commit.template [3ms]
2025-12-28 20:55:55.865 [info] > git for-each-ref --format=%(refname)%00%(upstream:short)%00%(objectname)%00%(upstream:track)%00%(upstream:remotename)%00%(upstream:remoteref) refs/heads/main refs/remotes/main [1ms]
2025-12-28 20:55:55.875 [info] > git for-each-ref --sort -committerdate --format %(refname)%00%(objectname)%00%(*objectname) [2ms]
2025-12-28 20:55:55.877 [info] > git status -z -uall [7ms]
2025-12-28 20:55:56.187 [info] > git show --textconv :WhenTheSpringEnds/Scripts/DialogueManager/InGameScripts/DialogueManager.cs [3ms]
2025-12-28 20:55:56.188 [info] > git ls-files --stage -- WhenTheSpringEnds/Scripts/DialogueManager/InGameScripts/DialogueManager.cs [1ms]
2025-12-28 20:55:56.192 [info] > git cat-file -s b4b1d474ab11cb7e8166e896a855f4a5b5b8396b [1ms]
2025-12-28 20:56:00.759 [info] > git blame --root --incremental f43cfb2f9ea2c7212025335569d9ed85a79ae514 -- WhenTheSpringEnds/Scripts/DialogueManager/InGameScripts/DialogueManager.cs [3ms]
2025-12-28 21:29:35.386 [info] > git config --get commit.template [6ms]
2025-12-28 21:29:35.387 [info] > git for-each-ref --format=%(refname)%00%(upstream:short)%00%(objectname)%00%(upstream:track)%00%(upstream:remotename)%00%(upstream:remoteref) refs/heads/main refs/remotes/main [2ms]
2025-12-28 21:29:35.396 [info] > git for-each-ref --sort -committerdate --format %(refname)%00%(objectname)%00%(*objectname) [2ms]
2025-12-28 21:29:35.396 [info] > git status -z -uall [5ms]
2025-12-28 21:29:50.040 [info] > git config --get commit.template [1ms]
2025-12-28 21:29:50.047 [info] > git for-each-ref --format=%(refname)%00%(upstream:short)%00%(objectname)%00%(upstream:track)%00%(upstream:remotename)%00%(upstream:remoteref) refs/heads/main refs/remotes/main [2ms]
2025-12-28 21:29:50.056 [info] > git for-each-ref --sort -committerdate --format %(refname)%00%(objectname)%00%(*objectname) [1ms]
2025-12-28 21:29:50.058 [info] > git status -z -uall [6ms]
2025-12-28 21:30:00.709 [info] > git config --get commit.template [5ms]
2025-12-28 21:30:00.710 [info] > git for-each-ref --format=%(refname)%00%(upstream:short)%00%(objectname)%00%(upstream:track)%00%(upstream:remotename)%00%(upstream:remoteref) refs/heads/main refs/remotes/main [2ms]
2025-12-28 21:30:00.717 [info] > git for-each-ref --sort -committerdate --format %(refname)%00%(objectname)%00%(*objectname) [1ms]
2025-12-28 21:30:00.720 [info] > git status -z -uall [7ms]
2025-12-28 21:30:42.287 [info] > git config --get commit.template [8ms]
2025-12-28 21:30:42.287 [info] > git for-each-ref --format=%(refname)%00%(upstream:short)%00%(objectname)%00%(upstream:track)%00%(upstream:remotename)%00%(upstream:remoteref) refs/heads/main refs/remotes/main [2ms]
2025-12-28 21:30:42.299 [info] > git for-each-ref --sort -committerdate --format %(refname)%00%(objectname)%00%(*objectname) [2ms]
2025-12-28 21:30:42.301 [info] > git status -z -uall [8ms]
2025-12-28 21:31:03.762 [info] > git config --get commit.template [6ms]
2025-12-28 21:31:03.762 [info] > git for-each-ref --format=%(refname)%00%(upstream:short)%00%(objectname)%00%(upstream:track)%00%(upstream:remotename)%00%(upstream:remoteref) refs/heads/main refs/remotes/main [1ms]
2025-12-28 21:31:03.774 [info] > git for-each-ref --sort -committerdate --format %(refname)%00%(objectname)%00%(*objectname) [1ms]
2025-12-28 21:31:03.777 [info] > git status -z -uall [9ms]
2025-12-28 21:31:09.819 [info] > git config --get commit.template [7ms]
2025-12-28 21:31:09.820 [info] > git for-each-ref --format=%(refname)%00%(upstream:short)%00%(objectname)%00%(upstream:track)%00%(upstream:remotename)%00%(upstream:remoteref) refs/heads/main refs/remotes/main [2ms]
2025-12-28 21:31:09.830 [info] > git for-each-ref --sort -committerdate --format %(refname)%00%(objectname)%00%(*objectname) [2ms]
2025-12-28 21:31:09.831 [info] > git status -z -uall [6ms]
2025-12-28 21:32:34.435 [info] > git config --get commit.template [5ms]
2025-12-28 21:32:34.435 [info] > git for-each-ref --format=%(refname)%00%(upstream:short)%00%(objectname)%00%(upstream:track)%00%(upstream:remotename)%00%(upstream:remoteref) refs/heads/main refs/remotes/main [0ms]
2025-12-28 21:32:34.444 [info] > git for-each-ref --sort -committerdate --format %(refname)%00%(objectname)%00%(*objectname) [1ms]
2025-12-28 21:32:34.447 [info] > git status -z -uall [7ms]
2025-12-28 21:32:39.464 [info] > git config --get commit.template [6ms]
2025-12-28 21:32:39.465 [info] > git for-each-ref --format=%(refname)%00%(upstream:short)%00%(objectname)%00%(upstream:track)%00%(upstream:remotename)%00%(upstream:remoteref) refs/heads/main refs/remotes/main [2ms]
2025-12-28 21:32:39.473 [info] > git for-each-ref --sort -committerdate --format %(refname)%00%(objectname)%00%(*objectname) [0ms]
2025-12-28 21:32:39.475 [info] > git status -z -uall [5ms]
2025-12-28 21:32:59.436 [info] > git config --get commit.template [7ms]
2025-12-28 21:32:59.437 [info] > git for-each-ref --format=%(refname)%00%(upstream:short)%00%(objectname)%00%(upstream:track)%00%(upstream:remotename)%00%(upstream:remoteref) refs/heads/main refs/remotes/main [2ms]
2025-12-28 21:32:59.448 [info] > git for-each-ref --sort -committerdate --format %(refname)%00%(objectname)%00%(*objectname) [1ms]
2025-12-28 21:32:59.450 [info] > git status -z -uall [8ms]
2025-12-28 21:33:30.317 [info] > git config --get commit.template [5ms]
2025-12-28 21:33:30.317 [info] > git for-each-ref --format=%(refname)%00%(upstream:short)%00%(objectname)%00%(upstream:track)%00%(upstream:remotename)%00%(upstream:remoteref) refs/heads/main refs/remotes/main [1ms]
2025-12-28 21:33:30.326 [info] > git for-each-ref --sort -committerdate --format %(refname)%00%(objectname)%00%(*objectname) [1ms]
2025-12-28 21:33:30.329 [info] > git status -z -uall [7ms]
2025-12-28 21:34:43.579 [info] > git config --get commit.template [7ms]
2025-12-28 21:34:43.581 [info] > git for-each-ref --format=%(refname)%00%(upstream:short)%00%(objectname)%00%(upstream:track)%00%(upstream:remotename)%00%(upstream:remoteref) refs/heads/main refs/remotes/main [3ms]
2025-12-28 21:34:43.593 [info] > git for-each-ref --sort -committerdate --format %(refname)%00%(objectname)%00%(*objectname) [1ms]
2025-12-28 21:34:43.596 [info] > git status -z -uall [9ms]
2025-12-28 21:35:06.961 [info] > git config --get commit.template [6ms]
2025-12-28 21:35:06.962 [info] > git for-each-ref --format=%(refname)%00%(upstream:short)%00%(objectname)%00%(upstream:track)%00%(upstream:remotename)%00%(upstream:remoteref) refs/heads/main refs/remotes/main [2ms]
2025-12-28 21:35:06.971 [info] > git for-each-ref --sort -committerdate --format %(refname)%00%(objectname)%00%(*objectname) [2ms]
2025-12-28 21:35:06.974 [info] > git status -z -uall [8ms]
2025-12-28 21:36:55.973 [info] > git config --get commit.template [5ms]
2025-12-28 21:36:55.974 [info] > git for-each-ref --format=%(refname)%00%(upstream:short)%00%(objectname)%00%(upstream:track)%00%(upstream:remotename)%00%(upstream:remoteref) refs/heads/main refs/remotes/main [2ms]
2025-12-28 21:36:55.982 [info] > git for-each-ref --sort -committerdate --format %(refname)%00%(objectname)%00%(*objectname) [1ms]
2025-12-28 21:36:55.983 [info] > git status -z -uall [5ms]
2025-12-28 21:37:00.997 [info] > git config --get commit.template [5ms]
2025-12-28 21:37:00.999 [info] > git for-each-ref --format=%(refname)%00%(upstream:short)%00%(objectname)%00%(upstream:track)%00%(upstream:remotename)%00%(upstream:remoteref) refs/heads/main refs/remotes/main [2ms]
2025-12-28 21:37:01.009 [info] > git for-each-ref --sort -committerdate --format %(refname)%00%(objectname)%00%(*objectname) [2ms]
2025-12-28 21:37:01.009 [info] > git status -z -uall [6ms]
2025-12-28 21:37:06.428 [info] > git config --get commit.template [6ms]
2025-12-28 21:37:06.430 [info] > git for-each-ref --format=%(refname)%00%(upstream:short)%00%(objectname)%00%(upstream:track)%00%(upstream:remotename)%00%(upstream:remoteref) refs/heads/main refs/remotes/main [2ms]
2025-12-28 21:37:06.436 [info] > git for-each-ref --sort -committerdate --format %(refname)%00%(objectname)%00%(*objectname) [1ms]
2025-12-28 21:37:06.438 [info] > git status -z -uall [5ms]
2025-12-28 21:37:11.449 [info] > git config --get commit.template [4ms]
2025-12-28 21:37:11.451 [info] > git for-each-ref --format=%(refname)%00%(upstream:short)%00%(objectname)%00%(upstream:track)%00%(upstream:remotename)%00%(upstream:remoteref) refs/heads/main refs/remotes/main [2ms]
2025-12-28 21:37:11.460 [info] > git for-each-ref --sort -committerdate --format %(refname)%00%(objectname)%00%(*objectname) [1ms]
2025-12-28 21:37:11.462 [info] > git status -z -uall [7ms]
2025-12-28 21:38:11.020 [info] > git config --get commit.template [6ms]
2025-12-28 21:38:11.020 [info] > git for-each-ref --format=%(refname)%00%(upstream:short)%00%(objectname)%00%(upstream:track)%00%(upstream:remotename)%00%(upstream:remoteref) refs/heads/main refs/remotes/main [1ms]
2025-12-28 21:38:11.029 [info] > git for-each-ref --sort -committerdate --format %(refname)%00%(objectname)%00%(*objectname) [1ms]
2025-12-28 21:38:11.031 [info] > git status -z -uall [6ms]
2025-12-28 21:38:16.040 [info] > git config --get commit.template [3ms]
2025-12-28 21:38:16.041 [info] > git for-each-ref --format=%(refname)%00%(upstream:short)%00%(objectname)%00%(upstream:track)%00%(upstream:remotename)%00%(upstream:remoteref) refs/heads/main refs/remotes/main [1ms]
2025-12-28 21:38:16.048 [info] > git for-each-ref --sort -committerdate --format %(refname)%00%(objectname)%00%(*objectname) [1ms]
2025-12-28 21:38:16.049 [info] > git status -z -uall [5ms]
2025-12-28 21:38:48.689 [info] > git config --get commit.template [4ms]
2025-12-28 21:38:48.690 [info] > git for-each-ref --format=%(refname)%00%(upstream:short)%00%(objectname)%00%(upstream:track)%00%(upstream:remotename)%00%(upstream:remoteref) refs/heads/main refs/remotes/main [2ms]
2025-12-28 21:38:48.700 [info] > git for-each-ref --sort -committerdate --format %(refname)%00%(objectname)%00%(*objectname) [2ms]
2025-12-28 21:38:48.703 [info] > git status -z -uall [9ms]
2025-12-28 21:38:56.019 [info] > git config --get commit.template [7ms]
2025-12-28 21:38:56.021 [info] > git for-each-ref --format=%(refname)%00%(upstream:short)%00%(objectname)%00%(upstream:track)%00%(upstream:remotename)%00%(upstream:remoteref) refs/heads/main refs/remotes/main [3ms]
2025-12-28 21:38:56.030 [info] > git for-each-ref --sort -committerdate --format %(refname)%00%(objectname)%00%(*objectname) [1ms]
2025-12-28 21:38:56.035 [info] > git status -z -uall [9ms]
2025-12-28 21:39:01.267 [info] > git config --get commit.template [3ms]
2025-12-28 21:39:01.268 [info] > git for-each-ref --format=%(refname)%00%(upstream:short)%00%(objectname)%00%(upstream:track)%00%(upstream:remotename)%00%(upstream:remoteref) refs/heads/main refs/remotes/main [1ms]
2025-12-28 21:39:01.274 [info] > git for-each-ref --sort -committerdate --format %(refname)%00%(objectname)%00%(*objectname) [0ms]
2025-12-28 21:39:01.276 [info] > git status -z -uall [5ms]
2025-12-28 21:40:00.973 [info] > git config --get commit.template [4ms]
2025-12-28 21:40:00.974 [info] > git for-each-ref --format=%(refname)%00%(upstream:short)%00%(objectname)%00%(upstream:track)%00%(upstream:remotename)%00%(upstream:remoteref) refs/heads/main refs/remotes/main [2ms]
2025-12-28 21:40:00.982 [info] > git for-each-ref --sort -committerdate --format %(refname)%00%(objectname)%00%(*objectname) [2ms]
2025-12-28 21:40:00.983 [info] > git status -z -uall [6ms]
2025-12-28 21:40:08.452 [info] > git config --get commit.template [6ms]
2025-12-28 21:40:08.453 [info] > git for-each-ref --format=%(refname)%00%(upstream:short)%00%(objectname)%00%(upstream:track)%00%(upstream:remotename)%00%(upstream:remoteref) refs/heads/main refs/remotes/main [2ms]
2025-12-28 21:40:08.462 [info] > git for-each-ref --sort -committerdate --format %(refname)%00%(objectname)%00%(*objectname) [1ms]
2025-12-28 21:40:08.464 [info] > git status -z -uall [7ms]
