2025-12-29 18:56:20.989 [info] [main] Log level: Info
2025-12-29 18:56:20.989 [info] [main] Validating found git in: "git"
2025-12-29 18:56:20.989 [info] [main] Using git "2.52.0" from "git"
2025-12-29 18:56:20.989 [info] [Model][doInitialScan] Initial repository scan started
2025-12-29 18:56:20.990 [info] > git rev-parse --show-toplevel [41ms]
2025-12-29 18:56:20.990 [info] > git rev-parse --git-dir --git-common-dir --show-superproject-working-tree [20ms]
2025-12-29 18:56:20.990 [info] [Model][openRepository] Opened repository (path): /home/david/Documentos/Git/EstoyLocoyotrascosas
2025-12-29 18:56:20.990 [info] [Model][openRepository] Opened repository (real path): /home/david/Documentos/Git/EstoyLocoyotrascosas
2025-12-29 18:56:20.990 [info] [Model][openRepository] Opened repository (kind): repository
2025-12-29 18:56:20.990 [info] > git rev-parse --show-toplevel [23ms]
2025-12-29 18:56:20.990 [info] > git config --get commit.template [34ms]
2025-12-29 18:56:20.990 [info] > git rev-parse --show-toplevel [47ms]
2025-12-29 18:56:20.990 [info] > git for-each-ref --format=%(refname)%00%(upstream:short)%00%(objectname)%00%(upstream:track)%00%(upstream:remotename)%00%(upstream:remoteref) refs/heads/main refs/remotes/main [50ms]
2025-12-29 18:56:20.991 [info] > git rev-parse --show-toplevel [15ms]
2025-12-29 18:56:21.155 [info] > git rev-parse --show-toplevel [42ms]
2025-12-29 18:56:21.196 [info] > git rev-parse --show-toplevel [5ms]
2025-12-29 18:56:21.197 [info] > git for-each-ref --sort -committerdate --format %(refname)%00%(objectname)%00%(*objectname) [17ms]
2025-12-29 18:56:21.224 [info] > git status -z -uall [56ms]
2025-12-29 18:56:21.266 [info] > git for-each-ref --format=%(refname)%00%(upstream:short)%00%(objectname)%00%(upstream:track)%00%(upstream:remotename)%00%(upstream:remoteref) refs/heads/main refs/remotes/main [17ms]
2025-12-29 18:56:21.277 [info] > git rev-parse --show-toplevel [55ms]
2025-12-29 18:56:21.292 [info] > git config --get --local branch.main.vscode-merge-base [16ms]
2025-12-29 18:56:21.302 [info] > git config --get commit.template [37ms]
2025-12-29 18:56:21.307 [info] > git for-each-ref --format=%(refname)%00%(upstream:short)%00%(objectname)%00%(upstream:track)%00%(upstream:remotename)%00%(upstream:remoteref) refs/heads/origin/main refs/remotes/origin/main [6ms]
2025-12-29 18:56:21.320 [info] > git rev-parse --show-toplevel [29ms]
2025-12-29 18:56:21.343 [info] > git merge-base refs/heads/main refs/remotes/origin/main [25ms]
2025-12-29 18:56:21.357 [info] > git rev-parse --show-toplevel [15ms]
2025-12-29 18:56:21.357 [info] > git for-each-ref --format=%(refname)%00%(upstream:short)%00%(objectname)%00%(upstream:track)%00%(upstream:remotename)%00%(upstream:remoteref) refs/heads/main refs/remotes/main [25ms]
2025-12-29 18:56:21.370 [info] > git diff --name-status -z --diff-filter=ADMR --find-renames=50% 01288e1804e59a09fa1d182a8a9e22faeae7b73f...refs/remotes/origin/main -- [16ms]
2025-12-29 18:56:21.372 [info] > git rev-parse --show-toplevel [4ms]
2025-12-29 18:56:21.373 [info] [Model][doInitialScan] Initial repository scan completed - repositories (1), closed repositories (0), parent repositories (0), unsafe repositories (0)
2025-12-29 18:56:21.399 [info] > git show --textconv :WhenTheSpringEnds/addons/dialogueplugin/ButtonDialogueWindow.gd [14ms]
2025-12-29 18:56:21.424 [info] > git ls-files --stage -- WhenTheSpringEnds/addons/dialogueplugin/ButtonDialogueWindow.gd [28ms]
2025-12-29 18:56:21.439 [info] > git status -z -uall [28ms]
2025-12-29 18:56:21.439 [info] > git for-each-ref --sort -committerdate --format %(refname)%00%(objectname)%00%(*objectname) [17ms]
2025-12-29 18:56:21.450 [info] > git cat-file -s e3a13275bbd0798d9ca605857fa7fef0eae304e1 [12ms]
2025-12-29 18:56:21.486 [info] > git check-ignore -v -z --stdin [10ms]
2025-12-29 19:56:20.813 [info] > git config --get commit.template [12ms]
2025-12-29 19:56:20.814 [info] > git for-each-ref --format=%(refname)%00%(upstream:short)%00%(objectname)%00%(upstream:track)%00%(upstream:remotename)%00%(upstream:remoteref) refs/heads/main refs/remotes/main [4ms]
2025-12-29 19:56:20.838 [info] > git for-each-ref --sort -committerdate --format %(refname)%00%(objectname)%00%(*objectname) [3ms]
2025-12-29 19:56:20.846 [info] > git status -z -uall [22ms]
2025-12-29 19:56:21.212 [info] > git show --textconv :WhenTheSpringEnds/Scripts/PlayerMv.gd [9ms]
2025-12-29 19:56:21.214 [info] > git ls-files --stage -- WhenTheSpringEnds/Scripts/PlayerMv.gd [4ms]
2025-12-29 19:56:21.224 [info] > git cat-file -s 83bbe4cc491cad657b2780cf7163fd42e46f405e [3ms]
2025-12-29 19:56:21.659 [info] > git check-ignore -v -z --stdin [5ms]
2025-12-29 19:56:25.865 [info] > git config --get commit.template [2ms]
2025-12-29 19:56:25.874 [info] > git for-each-ref --format=%(refname)%00%(upstream:short)%00%(objectname)%00%(upstream:track)%00%(upstream:remotename)%00%(upstream:remoteref) refs/heads/main refs/remotes/main [3ms]
2025-12-29 19:56:25.890 [info] > git for-each-ref --sort -committerdate --format %(refname)%00%(objectname)%00%(*objectname) [1ms]
2025-12-29 19:56:25.897 [info] > git status -z -uall [16ms]
2025-12-29 19:59:07.034 [info] > git check-ignore -v -z --stdin [4ms]
2025-12-29 20:00:28.371 [info] > git config --get commit.template [9ms]
2025-12-29 20:00:28.373 [info] > git for-each-ref --format=%(refname)%00%(upstream:short)%00%(objectname)%00%(upstream:track)%00%(upstream:remotename)%00%(upstream:remoteref) refs/heads/main refs/remotes/main [3ms]
2025-12-29 20:00:28.393 [info] > git for-each-ref --sort -committerdate --format %(refname)%00%(objectname)%00%(*objectname) [4ms]
2025-12-29 20:00:28.401 [info] > git status -z -uall [21ms]
2025-12-29 20:00:29.365 [info] > git check-ignore -v -z --stdin [5ms]
2025-12-29 20:00:33.425 [info] > git config --get commit.template [8ms]
2025-12-29 20:00:33.427 [info] > git for-each-ref --format=%(refname)%00%(upstream:short)%00%(objectname)%00%(upstream:track)%00%(upstream:remotename)%00%(upstream:remoteref) refs/heads/main refs/remotes/main [3ms]
2025-12-29 20:00:33.445 [info] > git for-each-ref --sort -committerdate --format %(refname)%00%(objectname)%00%(*objectname) [4ms]
2025-12-29 20:00:33.449 [info] > git status -z -uall [14ms]
2025-12-29 20:01:14.095 [info] > git check-ignore -v -z --stdin [3ms]
2025-12-29 20:01:34.947 [info] > git show --textconv :WhenTheSpringEnds/Scripts/DialogueManager/InGameScripts/dialogueStartTriger.cs [10ms]
2025-12-29 20:01:34.949 [info] > git ls-files --stage -- WhenTheSpringEnds/Scripts/DialogueManager/InGameScripts/dialogueStartTriger.cs [3ms]
2025-12-29 20:01:34.966 [info] > git cat-file -s 8370024806fa52dd036f8d7e46c94500bb2016ae [10ms]
2025-12-29 20:01:35.042 [info] > git blame --root --incremental 01288e1804e59a09fa1d182a8a9e22faeae7b73f -- WhenTheSpringEnds/Scripts/DialogueManager/InGameScripts/dialogueStartTriger.cs [7ms]
2025-12-29 20:01:35.294 [info] > git check-ignore -v -z --stdin [3ms]
2025-12-29 20:02:23.613 [info] > git config --get commit.template [13ms]
2025-12-29 20:02:23.615 [info] > git for-each-ref --format=%(refname)%00%(upstream:short)%00%(objectname)%00%(upstream:track)%00%(upstream:remotename)%00%(upstream:remoteref) refs/heads/main refs/remotes/main [3ms]
2025-12-29 20:02:23.639 [info] > git for-each-ref --sort -committerdate --format %(refname)%00%(objectname)%00%(*objectname) [4ms]
2025-12-29 20:02:23.647 [info] > git status -z -uall [21ms]
2025-12-29 20:02:49.102 [info] > git config --get commit.template [7ms]
2025-12-29 20:02:49.103 [info] > git for-each-ref --format=%(refname)%00%(upstream:short)%00%(objectname)%00%(upstream:track)%00%(upstream:remotename)%00%(upstream:remoteref) refs/heads/main refs/remotes/main [2ms]
2025-12-29 20:02:49.118 [info] > git for-each-ref --sort -committerdate --format %(refname)%00%(objectname)%00%(*objectname) [3ms]
2025-12-29 20:02:49.122 [info] > git status -z -uall [13ms]
2025-12-29 20:03:23.772 [info] > git config --get commit.template [6ms]
2025-12-29 20:03:23.774 [info] > git for-each-ref --format=%(refname)%00%(upstream:short)%00%(objectname)%00%(upstream:track)%00%(upstream:remotename)%00%(upstream:remoteref) refs/heads/main refs/remotes/main [2ms]
2025-12-29 20:03:23.787 [info] > git for-each-ref --sort -committerdate --format %(refname)%00%(objectname)%00%(*objectname) [2ms]
2025-12-29 20:03:23.792 [info] > git status -z -uall [12ms]
2025-12-29 20:03:53.765 [info] > git config --get commit.template [6ms]
2025-12-29 20:03:53.766 [info] > git for-each-ref --format=%(refname)%00%(upstream:short)%00%(objectname)%00%(upstream:track)%00%(upstream:remotename)%00%(upstream:remoteref) refs/heads/main refs/remotes/main [3ms]
2025-12-29 20:03:53.781 [info] > git for-each-ref --sort -committerdate --format %(refname)%00%(objectname)%00%(*objectname) [2ms]
2025-12-29 20:03:53.786 [info] > git status -z -uall [14ms]
2025-12-29 20:04:20.560 [info] > git config --get commit.template [13ms]
2025-12-29 20:04:20.562 [info] > git for-each-ref --format=%(refname)%00%(upstream:short)%00%(objectname)%00%(upstream:track)%00%(upstream:remotename)%00%(upstream:remoteref) refs/heads/main refs/remotes/main [5ms]
2025-12-29 20:04:20.588 [info] > git for-each-ref --sort -committerdate --format %(refname)%00%(objectname)%00%(*objectname) [3ms]
2025-12-29 20:04:20.594 [info] > git status -z -uall [19ms]
2025-12-29 20:04:25.618 [info] > git config --get commit.template [9ms]
2025-12-29 20:04:25.620 [info] > git for-each-ref --format=%(refname)%00%(upstream:short)%00%(objectname)%00%(upstream:track)%00%(upstream:remotename)%00%(upstream:remoteref) refs/heads/main refs/remotes/main [3ms]
2025-12-29 20:04:25.633 [info] > git for-each-ref --sort -committerdate --format %(refname)%00%(objectname)%00%(*objectname) [2ms]
2025-12-29 20:04:25.638 [info] > git status -z -uall [12ms]
2025-12-29 20:04:34.358 [info] > git config --get commit.template [7ms]
2025-12-29 20:04:34.360 [info] > git for-each-ref --format=%(refname)%00%(upstream:short)%00%(objectname)%00%(upstream:track)%00%(upstream:remotename)%00%(upstream:remoteref) refs/heads/main refs/remotes/main [3ms]
2025-12-29 20:04:34.376 [info] > git for-each-ref --sort -committerdate --format %(refname)%00%(objectname)%00%(*objectname) [3ms]
2025-12-29 20:04:34.380 [info] > git status -z -uall [14ms]
2025-12-29 20:04:39.412 [info] > git config --get commit.template [14ms]
2025-12-29 20:04:39.414 [info] > git for-each-ref --format=%(refname)%00%(upstream:short)%00%(objectname)%00%(upstream:track)%00%(upstream:remotename)%00%(upstream:remoteref) refs/heads/main refs/remotes/main [4ms]
2025-12-29 20:04:39.438 [info] > git for-each-ref --sort -committerdate --format %(refname)%00%(objectname)%00%(*objectname) [4ms]
2025-12-29 20:04:39.444 [info] > git status -z -uall [19ms]
2025-12-29 20:05:10.623 [info] > git config --get commit.template [12ms]
2025-12-29 20:05:10.625 [info] > git for-each-ref --format=%(refname)%00%(upstream:short)%00%(objectname)%00%(upstream:track)%00%(upstream:remotename)%00%(upstream:remoteref) refs/heads/main refs/remotes/main [4ms]
2025-12-29 20:05:10.646 [info] > git for-each-ref --sort -committerdate --format %(refname)%00%(objectname)%00%(*objectname) [3ms]
2025-12-29 20:05:10.653 [info] > git status -z -uall [18ms]
2025-12-29 20:05:34.573 [info] > git config --get commit.template [7ms]
2025-12-29 20:05:34.575 [info] > git for-each-ref --format=%(refname)%00%(upstream:short)%00%(objectname)%00%(upstream:track)%00%(upstream:remotename)%00%(upstream:remoteref) refs/heads/main refs/remotes/main [3ms]
2025-12-29 20:05:34.589 [info] > git for-each-ref --sort -committerdate --format %(refname)%00%(objectname)%00%(*objectname) [2ms]
2025-12-29 20:05:34.594 [info] > git status -z -uall [13ms]
2025-12-29 20:05:52.296 [info] > git config --get commit.template [8ms]
2025-12-29 20:05:52.298 [info] > git for-each-ref --format=%(refname)%00%(upstream:short)%00%(objectname)%00%(upstream:track)%00%(upstream:remotename)%00%(upstream:remoteref) refs/heads/main refs/remotes/main [3ms]
2025-12-29 20:05:52.315 [info] > git for-each-ref --sort -committerdate --format %(refname)%00%(objectname)%00%(*objectname) [4ms]
2025-12-29 20:05:52.318 [info] > git status -z -uall [13ms]
2025-12-29 20:05:57.868 [info] > git config --get commit.template [13ms]
2025-12-29 20:05:57.870 [info] > git for-each-ref --format=%(refname)%00%(upstream:short)%00%(objectname)%00%(upstream:track)%00%(upstream:remotename)%00%(upstream:remoteref) refs/heads/main refs/remotes/main [3ms]
2025-12-29 20:05:57.890 [info] > git for-each-ref --sort -committerdate --format %(refname)%00%(objectname)%00%(*objectname) [2ms]
2025-12-29 20:05:57.895 [info] > git status -z -uall [15ms]
2025-12-29 20:06:05.176 [info] > git config --get commit.template [6ms]
2025-12-29 20:06:05.177 [info] > git for-each-ref --format=%(refname)%00%(upstream:short)%00%(objectname)%00%(upstream:track)%00%(upstream:remotename)%00%(upstream:remoteref) refs/heads/main refs/remotes/main [2ms]
2025-12-29 20:06:05.191 [info] > git for-each-ref --sort -committerdate --format %(refname)%00%(objectname)%00%(*objectname) [3ms]
2025-12-29 20:06:05.194 [info] > git status -z -uall [11ms]
2025-12-29 20:06:16.721 [info] > git config --get commit.template [8ms]
2025-12-29 20:06:16.722 [info] > git for-each-ref --format=%(refname)%00%(upstream:short)%00%(objectname)%00%(upstream:track)%00%(upstream:remotename)%00%(upstream:remoteref) refs/heads/main refs/remotes/main [2ms]
2025-12-29 20:06:16.738 [info] > git for-each-ref --sort -committerdate --format %(refname)%00%(objectname)%00%(*objectname) [2ms]
2025-12-29 20:06:16.743 [info] > git status -z -uall [14ms]
2025-12-29 20:06:22.138 [info] > git config --get commit.template [8ms]
2025-12-29 20:06:22.139 [info] > git for-each-ref --format=%(refname)%00%(upstream:short)%00%(objectname)%00%(upstream:track)%00%(upstream:remotename)%00%(upstream:remoteref) refs/heads/main refs/remotes/main [2ms]
2025-12-29 20:06:22.154 [info] > git for-each-ref --sort -committerdate --format %(refname)%00%(objectname)%00%(*objectname) [3ms]
2025-12-29 20:06:22.158 [info] > git status -z -uall [13ms]
2025-12-29 20:06:30.582 [info] > git config --get commit.template [9ms]
2025-12-29 20:06:30.583 [info] > git for-each-ref --format=%(refname)%00%(upstream:short)%00%(objectname)%00%(upstream:track)%00%(upstream:remotename)%00%(upstream:remoteref) refs/heads/main refs/remotes/main [3ms]
2025-12-29 20:06:30.603 [info] > git for-each-ref --sort -committerdate --format %(refname)%00%(objectname)%00%(*objectname) [3ms]
2025-12-29 20:06:30.610 [info] > git status -z -uall [18ms]
2025-12-29 20:06:35.629 [info] > git config --get commit.template [7ms]
2025-12-29 20:06:35.631 [info] > git for-each-ref --format=%(refname)%00%(upstream:short)%00%(objectname)%00%(upstream:track)%00%(upstream:remotename)%00%(upstream:remoteref) refs/heads/main refs/remotes/main [2ms]
2025-12-29 20:06:35.645 [info] > git for-each-ref --sort -committerdate --format %(refname)%00%(objectname)%00%(*objectname) [3ms]
2025-12-29 20:06:35.649 [info] > git status -z -uall [12ms]
2025-12-29 20:06:51.219 [info] > git config --get commit.template [8ms]
2025-12-29 20:06:51.221 [info] > git for-each-ref --format=%(refname)%00%(upstream:short)%00%(objectname)%00%(upstream:track)%00%(upstream:remotename)%00%(upstream:remoteref) refs/heads/main refs/remotes/main [3ms]
2025-12-29 20:06:51.236 [info] > git for-each-ref --sort -committerdate --format %(refname)%00%(objectname)%00%(*objectname) [3ms]
2025-12-29 20:06:51.241 [info] > git status -z -uall [14ms]
2025-12-29 20:18:42.042 [info] > git config --get commit.template [10ms]
2025-12-29 20:18:42.044 [info] > git for-each-ref --format=%(refname)%00%(upstream:short)%00%(objectname)%00%(upstream:track)%00%(upstream:remotename)%00%(upstream:remoteref) refs/heads/main refs/remotes/main [4ms]
2025-12-29 20:18:42.070 [info] > git for-each-ref --sort -committerdate --format %(refname)%00%(objectname)%00%(*objectname) [3ms]
2025-12-29 20:18:42.076 [info] > git status -z -uall [21ms]
2025-12-29 20:18:42.097 [info] > git merge-base refs/heads/main refs/remotes/origin/main [4ms]
2025-12-29 20:18:42.109 [info] > git diff --name-status -z --diff-filter=ADMR --find-renames=50% 5cda974e5e0a8661d14a38b3fac72f113cbf3dea...refs/remotes/origin/main -- [4ms]
2025-12-29 20:18:42.407 [info] > git show --textconv :WhenTheSpringEnds/Scripts/player/world/PlayerMoveWrd.cs [10ms]
2025-12-29 20:18:42.409 [info] > git ls-files --stage -- WhenTheSpringEnds/Scripts/player/world/PlayerMoveWrd.cs [3ms]
2025-12-29 20:18:42.418 [info] > git cat-file -s ab8399fffa216a111972d39383981b0b99e88557 [2ms]
2025-12-29 20:18:42.516 [info] > git blame --root --incremental 5cda974e5e0a8661d14a38b3fac72f113cbf3dea -- WhenTheSpringEnds/Scripts/player/world/PlayerMoveWrd.cs [4ms]
