I[11:04:28.057] clangd version 21.0.0git (https://github.com/llvm/llvm-project c6cec7bd9cef993b377903b88375e00badcbf11b)
I[11:04:28.057] Features: linux
I[11:04:28.057] PID: 26706
I[11:04:28.057] Working directory: /home/david/Documentos/prueba_OS
I[11:04:28.057] argv[0]: /home/david/.vscode-oss/extensions/kylinideteam.kylin-clangd-0.4.0-linux-x64/res/clangd/bin/clangd
I[11:04:28.057] argv[1]: --clang-tidy=1
I[11:04:28.057] Starting LSP over stdin/stdout
I[11:04:28.059] <-- initialize(0)
I[11:04:28.060] --> reply:initialize(0) 1 ms
I[11:04:28.063] <-- initialized
I[11:04:28.073] <-- textDocument/didOpen
I[11:04:28.073] --> textDocument/publishDiagnostics
I[11:04:28.074] Failed to find compilation database for /home/david/Documentos/prueba_OS/RepasoExamen/39.c
I[11:04:28.074] ASTWorker building file /home/david/Documentos/prueba_OS/RepasoExamen/39.c version 1 with command clangd fallback
[/home/david/Documentos/prueba_OS/RepasoExamen]
/usr/bin/clang -resource-dir=/home/david/.vscode-oss/extensions/kylinideteam.kylin-clangd-0.4.0-linux-x64/res/clangd/lib/clang/21 -- /home/david/Documentos/prueba_OS/RepasoExamen/39.c
I[11:04:28.074] --> textDocument/clangd.fileStatus
I[11:04:28.079] <-- textDocument/codeAction(1)
I[11:04:28.081] <-- textDocument/documentLink(2)
I[11:04:28.081] <-- textDocument/inlayHint(3)
I[11:04:28.108] Built preamble of size 756336 for file /home/david/Documentos/prueba_OS/RepasoExamen/39.c version 1 in 0.03 seconds
I[11:04:28.109] --> workspace/semanticTokens/refresh(0)
I[11:04:28.109] Indexing c17 standard library in the context of /home/david/Documentos/prueba_OS/RepasoExamen/39.c
I[11:04:28.116] --> textDocument/publishDiagnostics
I[11:04:28.116] --> textDocument/inactiveRegions
I[11:04:28.116] --> reply:textDocument/codeAction(1) 36 ms
I[11:04:28.116] --> reply:textDocument/documentLink(2) 35 ms
I[11:04:28.116] --> reply:textDocument/inlayHint(3) 35 ms
I[11:04:28.116] --> textDocument/clangd.fileStatus
I[11:04:28.137] <-- reply(0)
I[11:04:28.137] <-- $/setTrace
I[11:04:28.137] unhandled notification $/setTrace
I[11:04:28.156] Indexed c17 standard library: 2884 symbols, 11 filtered
I[11:04:28.174] <-- $/cancelRequest
I[11:04:28.174] <-- textDocument/codeAction(4)
I[11:04:28.175] --> reply:textDocument/codeAction(4) 0 ms
I[11:04:28.175] --> textDocument/clangd.fileStatus
I[11:04:28.183] <-- textDocument/documentLink(5)
I[11:04:28.184] --> reply:textDocument/documentLink(5) 0 ms
I[11:04:28.184] --> textDocument/clangd.fileStatus
I[11:04:28.287] <-- textDocument/foldingRange(6)
I[11:04:28.288] --> reply:textDocument/foldingRange(6) 0 ms
I[11:04:28.370] <-- textDocument/documentSymbol(7)
I[11:04:28.370] --> reply:textDocument/documentSymbol(7) 0 ms
I[11:04:28.370] --> textDocument/clangd.fileStatus
I[11:04:28.692] <-- $/setTrace
I[11:04:28.692] unhandled notification $/setTrace
I[11:04:29.571] <-- $/setTrace
I[11:04:29.571] unhandled notification $/setTrace
I[11:04:29.588] <-- textDocument/codeAction(8)
I[11:04:29.588] --> reply:textDocument/codeAction(8) 0 ms
I[11:04:29.588] --> textDocument/clangd.fileStatus
I[11:04:29.593] <-- textDocument/documentLink(9)
I[11:04:29.593] --> reply:textDocument/documentLink(9) 0 ms
I[11:04:29.593] --> textDocument/clangd.fileStatus
I[11:04:29.598] <-- textDocument/documentSymbol(10)
I[11:04:29.598] --> reply:textDocument/documentSymbol(10) 0 ms
I[11:04:29.598] --> textDocument/clangd.fileStatus
I[11:04:29.600] <-- textDocument/inlayHint(11)
I[11:04:29.600] --> reply:textDocument/inlayHint(11) 0 ms
I[11:04:29.600] --> textDocument/clangd.fileStatus
I[11:04:41.269] <-- textDocument/hover(12)
I[11:04:41.269] --> reply:textDocument/hover(12) 0 ms
I[11:04:41.269] --> textDocument/clangd.fileStatus
I[11:04:54.476] <-- textDocument/hover(13)
I[11:04:54.476] --> reply:textDocument/hover(13) 0 ms
I[11:04:54.476] --> textDocument/clangd.fileStatus
I[11:04:57.774] <-- textDocument/didOpen
I[11:04:57.774] Failed to find compilation database for /home/david/Documentos/prueba_OS/RepasoExamen/311.c
I[11:04:57.774] ASTWorker building file /home/david/Documentos/prueba_OS/RepasoExamen/311.c version 1 with command clangd fallback
[/home/david/Documentos/prueba_OS/RepasoExamen]
/usr/bin/clang -resource-dir=/home/david/.vscode-oss/extensions/kylinideteam.kylin-clangd-0.4.0-linux-x64/res/clangd/lib/clang/21 -- /home/david/Documentos/prueba_OS/RepasoExamen/311.c
I[11:04:57.775] --> textDocument/clangd.fileStatus
I[11:04:57.781] <-- textDocument/codeAction(14)
I[11:04:57.782] <-- textDocument/documentSymbol(15)
I[11:04:57.794] Built preamble of size 709344 for file /home/david/Documentos/prueba_OS/RepasoExamen/311.c version 1 in 0.02 seconds
I[11:04:57.794] --> workspace/semanticTokens/refresh(1)
I[11:04:57.797] <-- reply(1)
I[11:04:57.799] --> textDocument/publishDiagnostics
I[11:04:57.799] --> textDocument/inactiveRegions
I[11:04:57.799] --> reply:textDocument/codeAction(14) 17 ms
I[11:04:57.799] --> reply:textDocument/documentSymbol(15) 17 ms
I[11:04:57.799] --> textDocument/clangd.fileStatus
I[11:04:57.823] <-- textDocument/documentLink(16)
I[11:04:57.823] --> reply:textDocument/documentLink(16) 0 ms
I[11:04:57.823] --> textDocument/clangd.fileStatus
I[11:04:57.844] <-- textDocument/inlayHint(17)
I[11:04:57.844] --> reply:textDocument/inlayHint(17) 0 ms
I[11:04:57.844] --> textDocument/clangd.fileStatus
I[11:04:57.976] <-- textDocument/foldingRange(18)
I[11:04:57.976] --> reply:textDocument/foldingRange(18) 0 ms
I[11:04:58.031] <-- textDocument/codeAction(19)
I[11:04:58.031] --> reply:textDocument/codeAction(19) 0 ms
I[11:04:58.032] --> textDocument/clangd.fileStatus
I[11:04:58.078] <-- textDocument/documentSymbol(20)
I[11:04:58.078] --> reply:textDocument/documentSymbol(20) 0 ms
I[11:04:58.078] --> textDocument/clangd.fileStatus
I[11:05:00.039] <-- textDocument/hover(21)
I[11:05:00.039] --> reply:textDocument/hover(21) 0 ms
I[11:05:00.039] --> textDocument/clangd.fileStatus
I[11:05:00.344] <-- textDocument/hover(22)
I[11:05:00.344] --> reply:textDocument/hover(22) 0 ms
I[11:05:00.344] --> textDocument/clangd.fileStatus
I[11:05:01.733] <-- textDocument/hover(23)
I[11:05:01.733] --> reply:textDocument/hover(23) 0 ms
I[11:05:01.733] --> textDocument/clangd.fileStatus
I[11:05:01.847] <-- textDocument/documentHighlight(24)
I[11:05:01.848] --> reply:textDocument/documentHighlight(24) 0 ms
I[11:05:01.848] --> textDocument/clangd.fileStatus
I[11:05:02.047] <-- textDocument/codeAction(25)
I[11:05:02.047] --> reply:textDocument/codeAction(25) 0 ms
I[11:05:02.047] --> textDocument/clangd.fileStatus
I[11:05:02.813] <-- textDocument/didChange
I[11:05:02.813] --> textDocument/clangd.fileStatus
I[11:05:02.840] <-- textDocument/inlayHint(26)
I[11:05:02.841] Failed to find compilation database for /home/david/Documentos/prueba_OS/RepasoExamen/311.c
I[11:05:02.841] ASTWorker building file /home/david/Documentos/prueba_OS/RepasoExamen/311.c version 2 with command clangd fallback
[/home/david/Documentos/prueba_OS/RepasoExamen]
/usr/bin/clang -resource-dir=/home/david/.vscode-oss/extensions/kylinideteam.kylin-clangd-0.4.0-linux-x64/res/clangd/lib/clang/21 -- /home/david/Documentos/prueba_OS/RepasoExamen/311.c
I[11:05:02.841] --> textDocument/clangd.fileStatus
I[11:05:02.845] --> textDocument/publishDiagnostics
I[11:05:02.845] --> textDocument/inactiveRegions
I[11:05:02.845] --> reply:textDocument/inlayHint(26) 4 ms
I[11:05:02.845] --> textDocument/clangd.fileStatus
I[11:05:03.015] <-- textDocument/foldingRange(27)
I[11:05:03.016] --> reply:textDocument/foldingRange(27) 0 ms
I[11:05:03.100] <-- textDocument/codeAction(28)
I[11:05:03.100] --> reply:textDocument/codeAction(28) 0 ms
I[11:05:03.100] --> textDocument/clangd.fileStatus
I[11:05:03.166] <-- textDocument/documentSymbol(29)
I[11:05:03.166] <-- textDocument/documentSymbol(30)
I[11:05:03.166] --> reply:textDocument/documentSymbol(29) 0 ms
I[11:05:03.166] --> reply:textDocument/documentSymbol(30) 0 ms
I[11:05:03.166] --> textDocument/clangd.fileStatus
I[11:05:03.379] <-- textDocument/didChange
I[11:05:03.379] --> textDocument/clangd.fileStatus
I[11:05:03.392] <-- textDocument/completion(31)
I[11:05:03.396] Code complete: sema context Expression, query scopes [] (AnyScope=true), expected type <none>
I[11:05:03.396] Code complete: 1 results from Sema, 14 from Index, 0 matched, 0 from identifiers, 15 returned (incomplete).
I[11:05:03.396] --> reply:textDocument/completion(31) 4 ms
I[11:05:03.416] <-- textDocument/inlayHint(32)
I[11:05:03.416] Failed to find compilation database for /home/david/Documentos/prueba_OS/RepasoExamen/311.c
I[11:05:03.416] ASTWorker building file /home/david/Documentos/prueba_OS/RepasoExamen/311.c version 3 with command clangd fallback
[/home/david/Documentos/prueba_OS/RepasoExamen]
/usr/bin/clang -resource-dir=/home/david/.vscode-oss/extensions/kylinideteam.kylin-clangd-0.4.0-linux-x64/res/clangd/lib/clang/21 -- /home/david/Documentos/prueba_OS/RepasoExamen/311.c
I[11:05:03.417] --> textDocument/clangd.fileStatus
I[11:05:03.420] --> textDocument/publishDiagnostics
I[11:05:03.420] --> textDocument/inactiveRegions
I[11:05:03.420] --> reply:textDocument/inlayHint(32) 4 ms
I[11:05:03.420] --> textDocument/clangd.fileStatus
I[11:05:03.580] <-- textDocument/foldingRange(33)
I[11:05:03.580] --> reply:textDocument/foldingRange(33) 0 ms
I[11:05:03.675] <-- textDocument/codeAction(34)
I[11:05:03.675] --> reply:textDocument/codeAction(34) 0 ms
I[11:05:03.675] --> textDocument/clangd.fileStatus
I[11:05:03.730] <-- textDocument/documentSymbol(35)
I[11:05:03.730] --> reply:textDocument/documentSymbol(35) 0 ms
I[11:05:03.730] --> textDocument/clangd.fileStatus
I[11:05:03.734] <-- textDocument/documentSymbol(36)
I[11:05:03.734] --> reply:textDocument/documentSymbol(36) 0 ms
I[11:05:03.734] --> textDocument/clangd.fileStatus
I[11:05:03.767] <-- textDocument/didSave
I[11:05:03.767] File version went from 1 to 1
I[11:05:03.767] File version went from 3 to 3
I[11:05:03.767] --> textDocument/clangd.fileStatus
I[11:05:03.767] --> textDocument/clangd.fileStatus
I[11:05:03.818] Failed to find compilation database for /home/david/Documentos/prueba_OS/RepasoExamen/311.c
I[11:05:03.818] ASTWorker building file /home/david/Documentos/prueba_OS/RepasoExamen/311.c version 3 with command clangd fallback
[/home/david/Documentos/prueba_OS/RepasoExamen]
/usr/bin/clang -resource-dir=/home/david/.vscode-oss/extensions/kylinideteam.kylin-clangd-0.4.0-linux-x64/res/clangd/lib/clang/21 -- /home/david/Documentos/prueba_OS/RepasoExamen/311.c
I[11:05:03.818] Failed to find compilation database for /home/david/Documentos/prueba_OS/RepasoExamen/39.c
I[11:05:03.818] ASTWorker building file /home/david/Documentos/prueba_OS/RepasoExamen/39.c version 1 with command clangd fallback
[/home/david/Documentos/prueba_OS/RepasoExamen]
/usr/bin/clang -resource-dir=/home/david/.vscode-oss/extensions/kylinideteam.kylin-clangd-0.4.0-linux-x64/res/clangd/lib/clang/21 -- /home/david/Documentos/prueba_OS/RepasoExamen/39.c
I[11:05:03.818] --> textDocument/clangd.fileStatus
I[11:05:03.818] --> textDocument/clangd.fileStatus
I[11:05:03.818] --> textDocument/clangd.fileStatus
I[11:05:03.818] --> textDocument/clangd.fileStatus
I[11:05:03.819] --> textDocument/clangd.fileStatus
I[11:05:03.819] --> textDocument/clangd.fileStatus
I[11:05:03.819] --> textDocument/clangd.fileStatus
I[11:05:03.819] --> textDocument/clangd.fileStatus
I[11:05:04.179] <-- textDocument/inlayHint(37)
I[11:05:04.180] --> reply:textDocument/inlayHint(37) 0 ms
I[11:05:04.180] --> textDocument/clangd.fileStatus
I[11:05:04.379] <-- textDocument/documentLink(38)
I[11:05:04.380] --> reply:textDocument/documentLink(38) 0 ms
I[11:05:04.380] --> textDocument/clangd.fileStatus
I[11:05:04.695] <-- textDocument/codeAction(39)
I[11:05:04.696] --> reply:textDocument/codeAction(39) 0 ms
I[11:05:04.696] --> textDocument/clangd.fileStatus
I[11:05:14.073] <-- textDocument/didOpen
I[11:05:14.073] Failed to find compilation database for /home/david/Documentos/prueba_OS/RepasoExamen/mistat.c
I[11:05:14.073] ASTWorker building file /home/david/Documentos/prueba_OS/RepasoExamen/mistat.c version 1 with command clangd fallback
[/home/david/Documentos/prueba_OS/RepasoExamen]
/usr/bin/clang -resource-dir=/home/david/.vscode-oss/extensions/kylinideteam.kylin-clangd-0.4.0-linux-x64/res/clangd/lib/clang/21 -- /home/david/Documentos/prueba_OS/RepasoExamen/mistat.c
I[11:05:14.074] --> textDocument/clangd.fileStatus
I[11:05:14.081] <-- textDocument/codeAction(40)
I[11:05:14.081] <-- textDocument/documentSymbol(41)
I[11:05:14.087] <-- textDocument/inlayHint(42)
I[11:05:14.087] <-- textDocument/documentLink(43)
I[11:05:14.092] Built preamble of size 571160 for file /home/david/Documentos/prueba_OS/RepasoExamen/mistat.c version 1 in 0.02 seconds
I[11:05:14.092] --> workspace/semanticTokens/refresh(2)
I[11:05:14.093] <-- reply(2)
I[11:05:14.096] --> textDocument/publishDiagnostics
I[11:05:14.096] --> textDocument/inactiveRegions
I[11:05:14.096] --> reply:textDocument/codeAction(40) 14 ms
I[11:05:14.096] --> reply:textDocument/documentSymbol(41) 14 ms
I[11:05:14.096] --> reply:textDocument/inlayHint(42) 9 ms
I[11:05:14.096] --> reply:textDocument/documentLink(43) 9 ms
I[11:05:14.096] --> textDocument/clangd.fileStatus
I[11:05:14.275] <-- textDocument/foldingRange(44)
I[11:05:14.276] --> reply:textDocument/foldingRange(44) 0 ms
I[11:05:14.376] <-- textDocument/documentSymbol(45)
I[11:05:14.377] --> reply:textDocument/documentSymbol(45) 0 ms
I[11:05:14.377] --> textDocument/clangd.fileStatus
I[11:05:16.977] <-- textDocument/codeAction(46)
I[11:05:16.977] --> reply:textDocument/codeAction(46) 0 ms
I[11:05:16.977] --> textDocument/clangd.fileStatus
I[11:05:16.994] <-- textDocument/documentLink(47)
I[11:05:16.995] --> reply:textDocument/documentLink(47) 0 ms
I[11:05:16.995] --> textDocument/clangd.fileStatus
I[11:05:17.006] <-- textDocument/inlayHint(48)
I[11:05:17.006] --> reply:textDocument/inlayHint(48) 0 ms
I[11:05:17.006] --> textDocument/clangd.fileStatus
I[11:05:17.172] <-- textDocument/foldingRange(49)
I[11:05:17.172] --> reply:textDocument/foldingRange(49) 0 ms
I[11:05:17.227] <-- textDocument/codeAction(50)
I[11:05:17.228] --> reply:textDocument/codeAction(50) 0 ms
I[11:05:17.228] --> textDocument/clangd.fileStatus
I[11:05:17.272] <-- textDocument/documentSymbol(51)
I[11:05:17.273] --> reply:textDocument/documentSymbol(51) 0 ms
I[11:05:17.273] --> textDocument/clangd.fileStatus
I[11:05:17.862] <-- textDocument/hover(52)
I[11:05:17.862] --> reply:textDocument/hover(52) 0 ms
I[11:05:17.862] --> textDocument/clangd.fileStatus
I[11:05:18.871] <-- textDocument/codeAction(53)
I[11:05:18.871] --> reply:textDocument/codeAction(53) 0 ms
I[11:05:18.871] --> textDocument/clangd.fileStatus
I[11:05:19.309] <-- textDocument/codeAction(54)
I[11:05:19.309] --> reply:textDocument/codeAction(54) 0 ms
I[11:05:19.309] --> textDocument/clangd.fileStatus
I[11:05:19.804] <-- textDocument/didChange
I[11:05:19.804] --> textDocument/clangd.fileStatus
I[11:05:19.832] <-- textDocument/inlayHint(55)
I[11:05:19.832] Failed to find compilation database for /home/david/Documentos/prueba_OS/RepasoExamen/311.c
I[11:05:19.833] ASTWorker building file /home/david/Documentos/prueba_OS/RepasoExamen/311.c version 4 with command clangd fallback
[/home/david/Documentos/prueba_OS/RepasoExamen]
/usr/bin/clang -resource-dir=/home/david/.vscode-oss/extensions/kylinideteam.kylin-clangd-0.4.0-linux-x64/res/clangd/lib/clang/21 -- /home/david/Documentos/prueba_OS/RepasoExamen/311.c
I[11:05:19.833] --> textDocument/clangd.fileStatus
I[11:05:19.836] --> textDocument/publishDiagnostics
I[11:05:19.836] --> textDocument/inactiveRegions
I[11:05:19.837] --> reply:textDocument/inlayHint(55) 4 ms
I[11:05:19.837] --> textDocument/clangd.fileStatus
I[11:05:19.970] <-- textDocument/definition(56)
I[11:05:19.970] --> reply:textDocument/definition(56) 0 ms
I[11:05:19.970] --> textDocument/clangd.fileStatus
I[11:05:20.007] <-- textDocument/foldingRange(57)
I[11:05:20.007] --> reply:textDocument/foldingRange(57) 0 ms
I[11:05:20.157] <-- textDocument/documentSymbol(58)
I[11:05:20.157] <-- textDocument/documentSymbol(59)
I[11:05:20.157] --> reply:textDocument/documentSymbol(58) 0 ms
I[11:05:20.157] --> reply:textDocument/documentSymbol(59) 0 ms
I[11:05:20.157] --> textDocument/clangd.fileStatus
I[11:05:20.384] <-- textDocument/didSave
I[11:05:20.384] File version went from 1 to 1
I[11:05:20.384] File version went from 1 to 1
I[11:05:20.385] File version went from 4 to 4
I[11:05:20.385] --> textDocument/clangd.fileStatus
I[11:05:20.385] --> textDocument/clangd.fileStatus
I[11:05:20.385] --> textDocument/clangd.fileStatus
I[11:05:20.435] Failed to find compilation database for /home/david/Documentos/prueba_OS/RepasoExamen/39.c
I[11:05:20.435] ASTWorker building file /home/david/Documentos/prueba_OS/RepasoExamen/39.c version 1 with command clangd fallback
[/home/david/Documentos/prueba_OS/RepasoExamen]
/usr/bin/clang -resource-dir=/home/david/.vscode-oss/extensions/kylinideteam.kylin-clangd-0.4.0-linux-x64/res/clangd/lib/clang/21 -- /home/david/Documentos/prueba_OS/RepasoExamen/39.c
I[11:05:20.435] Failed to find compilation database for /home/david/Documentos/prueba_OS/RepasoExamen/mistat.c
I[11:05:20.435] ASTWorker building file /home/david/Documentos/prueba_OS/RepasoExamen/mistat.c version 1 with command clangd fallback
[/home/david/Documentos/prueba_OS/RepasoExamen]
/usr/bin/clang -resource-dir=/home/david/.vscode-oss/extensions/kylinideteam.kylin-clangd-0.4.0-linux-x64/res/clangd/lib/clang/21 -- /home/david/Documentos/prueba_OS/RepasoExamen/mistat.c
I[11:05:20.435] Failed to find compilation database for /home/david/Documentos/prueba_OS/RepasoExamen/311.c
I[11:05:20.435] ASTWorker building file /home/david/Documentos/prueba_OS/RepasoExamen/311.c version 4 with command clangd fallback
[/home/david/Documentos/prueba_OS/RepasoExamen]
/usr/bin/clang -resource-dir=/home/david/.vscode-oss/extensions/kylinideteam.kylin-clangd-0.4.0-linux-x64/res/clangd/lib/clang/21 -- /home/david/Documentos/prueba_OS/RepasoExamen/311.c
I[11:05:20.435] --> textDocument/clangd.fileStatus
I[11:05:20.435] --> textDocument/clangd.fileStatus
I[11:05:20.435] --> textDocument/clangd.fileStatus
I[11:05:20.435] --> textDocument/clangd.fileStatus
I[11:05:20.435] --> textDocument/clangd.fileStatus
I[11:05:20.435] --> textDocument/clangd.fileStatus
I[11:05:20.436] --> textDocument/clangd.fileStatus
I[11:05:20.436] --> textDocument/clangd.fileStatus
I[11:05:20.436] --> textDocument/clangd.fileStatus
I[11:05:20.436] --> textDocument/clangd.fileStatus
I[11:05:20.436] --> textDocument/clangd.fileStatus
I[11:05:20.436] --> textDocument/clangd.fileStatus
I[11:05:20.607] <-- textDocument/inlayHint(60)
I[11:05:20.607] --> reply:textDocument/inlayHint(60) 0 ms
I[11:05:20.607] --> textDocument/clangd.fileStatus
I[11:05:20.807] <-- textDocument/documentLink(61)
I[11:05:20.807] --> reply:textDocument/documentLink(61) 0 ms
I[11:05:20.807] --> textDocument/clangd.fileStatus
I[11:05:21.036] <-- textDocument/codeAction(62)
I[11:05:21.036] --> reply:textDocument/codeAction(62) 0 ms
I[11:05:21.036] --> textDocument/clangd.fileStatus
I[11:05:21.634] <-- textDocument/documentHighlight(63)
I[11:05:21.634] --> reply:textDocument/documentHighlight(63) 0 ms
I[11:05:21.634] --> textDocument/clangd.fileStatus
I[11:05:21.834] <-- textDocument/codeAction(64)
I[11:05:21.834] --> reply:textDocument/codeAction(64) 0 ms
I[11:05:21.834] --> textDocument/clangd.fileStatus
I[11:05:22.369] <-- textDocument/didChange
I[11:05:22.369] --> textDocument/clangd.fileStatus
I[11:05:22.395] <-- textDocument/inlayHint(65)
I[11:05:22.395] Failed to find compilation database for /home/david/Documentos/prueba_OS/RepasoExamen/311.c
I[11:05:22.396] ASTWorker building file /home/david/Documentos/prueba_OS/RepasoExamen/311.c version 5 with command clangd fallback
[/home/david/Documentos/prueba_OS/RepasoExamen]
/usr/bin/clang -resource-dir=/home/david/.vscode-oss/extensions/kylinideteam.kylin-clangd-0.4.0-linux-x64/res/clangd/lib/clang/21 -- /home/david/Documentos/prueba_OS/RepasoExamen/311.c
I[11:05:22.396] --> textDocument/clangd.fileStatus
I[11:05:22.399] --> textDocument/publishDiagnostics
I[11:05:22.399] --> textDocument/inactiveRegions
I[11:05:22.400] --> reply:textDocument/inlayHint(65) 4 ms
I[11:05:22.400] --> textDocument/clangd.fileStatus
I[11:05:22.570] <-- textDocument/foldingRange(66)
I[11:05:22.571] --> reply:textDocument/foldingRange(66) 0 ms
I[11:05:22.620] <-- textDocument/codeAction(67)
I[11:05:22.620] --> reply:textDocument/codeAction(67) 0 ms
I[11:05:22.620] --> textDocument/clangd.fileStatus
I[11:05:22.720] <-- textDocument/documentSymbol(68)
I[11:05:22.720] <-- textDocument/documentSymbol(69)
I[11:05:22.721] --> reply:textDocument/documentSymbol(68) 0 ms
I[11:05:22.721] --> reply:textDocument/documentSymbol(69) 0 ms
I[11:05:22.721] --> textDocument/clangd.fileStatus
I[11:05:22.761] <-- textDocument/didSave
I[11:05:22.761] File version went from 1 to 1
I[11:05:22.761] File version went from 1 to 1
I[11:05:22.761] File version went from 5 to 5
I[11:05:22.761] --> textDocument/clangd.fileStatus
I[11:05:22.761] --> textDocument/clangd.fileStatus
I[11:05:22.761] --> textDocument/clangd.fileStatus
I[11:05:22.811] Failed to find compilation database for /home/david/Documentos/prueba_OS/RepasoExamen/311.c
I[11:05:22.811] ASTWorker building file /home/david/Documentos/prueba_OS/RepasoExamen/311.c version 5 with command clangd fallback
[/home/david/Documentos/prueba_OS/RepasoExamen]
/usr/bin/clang -resource-dir=/home/david/.vscode-oss/extensions/kylinideteam.kylin-clangd-0.4.0-linux-x64/res/clangd/lib/clang/21 -- /home/david/Documentos/prueba_OS/RepasoExamen/311.c
I[11:05:22.811] Failed to find compilation database for /home/david/Documentos/prueba_OS/RepasoExamen/39.c
I[11:05:22.811] ASTWorker building file /home/david/Documentos/prueba_OS/RepasoExamen/39.c version 1 with command clangd fallback
[/home/david/Documentos/prueba_OS/RepasoExamen]
/usr/bin/clang -resource-dir=/home/david/.vscode-oss/extensions/kylinideteam.kylin-clangd-0.4.0-linux-x64/res/clangd/lib/clang/21 -- /home/david/Documentos/prueba_OS/RepasoExamen/39.c
I[11:05:22.812] Failed to find compilation database for /home/david/Documentos/prueba_OS/RepasoExamen/mistat.c
I[11:05:22.812] ASTWorker building file /home/david/Documentos/prueba_OS/RepasoExamen/mistat.c version 1 with command clangd fallback
[/home/david/Documentos/prueba_OS/RepasoExamen]
/usr/bin/clang -resource-dir=/home/david/.vscode-oss/extensions/kylinideteam.kylin-clangd-0.4.0-linux-x64/res/clangd/lib/clang/21 -- /home/david/Documentos/prueba_OS/RepasoExamen/mistat.c
I[11:05:22.812] --> textDocument/clangd.fileStatus
I[11:05:22.812] --> textDocument/clangd.fileStatus
I[11:05:22.812] --> textDocument/clangd.fileStatus
I[11:05:22.812] --> textDocument/clangd.fileStatus
I[11:05:22.812] --> textDocument/clangd.fileStatus
I[11:05:22.812] --> textDocument/clangd.fileStatus
I[11:05:22.812] --> textDocument/clangd.fileStatus
I[11:05:22.812] --> textDocument/clangd.fileStatus
I[11:05:22.812] --> textDocument/clangd.fileStatus
I[11:05:22.812] --> textDocument/clangd.fileStatus
I[11:05:22.812] --> textDocument/clangd.fileStatus
I[11:05:22.813] --> textDocument/clangd.fileStatus
I[11:05:23.170] <-- textDocument/inlayHint(70)
I[11:05:23.171] --> reply:textDocument/inlayHint(70) 0 ms
I[11:05:23.171] --> textDocument/clangd.fileStatus
I[11:05:23.370] <-- textDocument/documentLink(71)
I[11:05:23.371] --> reply:textDocument/documentLink(71) 0 ms
I[11:05:23.371] --> textDocument/clangd.fileStatus
I[11:05:23.647] <-- textDocument/hover(72)
I[11:05:23.648] --> reply:textDocument/hover(72) 0 ms
I[11:05:23.648] --> textDocument/clangd.fileStatus
I[11:05:33.940] <-- textDocument/codeAction(73)
I[11:05:33.941] --> reply:textDocument/codeAction(73) 0 ms
I[11:05:33.941] --> textDocument/clangd.fileStatus
I[11:05:33.964] <-- textDocument/documentLink(74)
I[11:05:33.964] --> reply:textDocument/documentLink(74) 0 ms
I[11:05:33.964] --> textDocument/clangd.fileStatus
I[11:05:33.973] <-- textDocument/inlayHint(75)
I[11:05:33.973] --> reply:textDocument/inlayHint(75) 0 ms
I[11:05:33.973] --> textDocument/clangd.fileStatus
I[11:05:34.135] <-- textDocument/foldingRange(76)
I[11:05:34.135] --> reply:textDocument/foldingRange(76) 0 ms
I[11:05:34.188] <-- textDocument/codeAction(77)
I[11:05:34.188] --> reply:textDocument/codeAction(77) 0 ms
I[11:05:34.188] --> textDocument/clangd.fileStatus
I[11:05:34.236] <-- textDocument/documentSymbol(78)
I[11:05:34.236] --> reply:textDocument/documentSymbol(78) 0 ms
I[11:05:34.236] --> textDocument/clangd.fileStatus
I[11:05:34.632] <-- textDocument/hover(79)
I[11:05:34.632] --> reply:textDocument/hover(79) 0 ms
I[11:05:34.632] --> textDocument/clangd.fileStatus
I[11:06:00.823] <-- textDocument/codeAction(80)
I[11:06:00.823] --> reply:textDocument/codeAction(80) 0 ms
I[11:06:00.823] --> textDocument/clangd.fileStatus
I[11:06:00.846] <-- textDocument/documentLink(81)
I[11:06:00.846] --> reply:textDocument/documentLink(81) 0 ms
I[11:06:00.846] --> textDocument/clangd.fileStatus
I[11:06:00.855] <-- textDocument/inlayHint(82)
I[11:06:00.855] --> reply:textDocument/inlayHint(82) 0 ms
I[11:06:00.855] --> textDocument/clangd.fileStatus
I[11:06:01.018] <-- textDocument/foldingRange(83)
I[11:06:01.018] --> reply:textDocument/foldingRange(83) 0 ms
I[11:06:01.074] <-- textDocument/codeAction(84)
I[11:06:01.074] --> reply:textDocument/codeAction(84) 0 ms
I[11:06:01.074] --> textDocument/clangd.fileStatus
I[11:06:01.119] <-- textDocument/documentSymbol(85)
I[11:06:01.119] --> reply:textDocument/documentSymbol(85) 0 ms
I[11:06:01.119] --> textDocument/clangd.fileStatus
I[11:06:12.326] <-- textDocument/hover(86)
I[11:06:12.327] --> reply:textDocument/hover(86) 0 ms
I[11:06:12.327] --> textDocument/clangd.fileStatus
I[11:06:12.459] <-- textDocument/documentHighlight(87)
I[11:06:12.460] --> reply:textDocument/documentHighlight(87) 0 ms
I[11:06:12.460] --> textDocument/clangd.fileStatus
I[11:06:12.659] <-- textDocument/codeAction(88)
I[11:06:12.659] --> reply:textDocument/codeAction(88) 0 ms
I[11:06:12.659] --> textDocument/clangd.fileStatus
I[11:06:13.542] <-- textDocument/didChange
I[11:06:13.542] --> textDocument/clangd.fileStatus
I[11:06:13.570] <-- textDocument/inlayHint(89)
I[11:06:13.570] Failed to find compilation database for /home/david/Documentos/prueba_OS/RepasoExamen/311.c
I[11:06:13.570] ASTWorker building file /home/david/Documentos/prueba_OS/RepasoExamen/311.c version 6 with command clangd fallback
[/home/david/Documentos/prueba_OS/RepasoExamen]
/usr/bin/clang -resource-dir=/home/david/.vscode-oss/extensions/kylinideteam.kylin-clangd-0.4.0-linux-x64/res/clangd/lib/clang/21 -- /home/david/Documentos/prueba_OS/RepasoExamen/311.c
I[11:06:13.571] --> textDocument/clangd.fileStatus
I[11:06:13.574] --> textDocument/publishDiagnostics
I[11:06:13.574] --> textDocument/inactiveRegions
I[11:06:13.574] --> reply:textDocument/inlayHint(89) 4 ms
I[11:06:13.574] --> textDocument/clangd.fileStatus
I[11:06:13.745] <-- textDocument/foldingRange(90)
I[11:06:13.745] --> reply:textDocument/foldingRange(90) 0 ms
I[11:06:13.828] <-- textDocument/codeAction(91)
I[11:06:13.828] --> reply:textDocument/codeAction(91) 0 ms
I[11:06:13.828] --> textDocument/clangd.fileStatus
I[11:06:13.895] <-- textDocument/documentSymbol(92)
I[11:06:13.895] <-- textDocument/documentSymbol(93)
I[11:06:13.895] --> reply:textDocument/documentSymbol(92) 0 ms
I[11:06:13.895] --> reply:textDocument/documentSymbol(93) 0 ms
I[11:06:13.895] --> textDocument/clangd.fileStatus
I[11:06:13.965] <-- textDocument/didChange
I[11:06:13.965] --> textDocument/clangd.fileStatus
I[11:06:13.991] <-- textDocument/inlayHint(94)
I[11:06:13.991] Failed to find compilation database for /home/david/Documentos/prueba_OS/RepasoExamen/311.c
I[11:06:13.991] ASTWorker building file /home/david/Documentos/prueba_OS/RepasoExamen/311.c version 7 with command clangd fallback
[/home/david/Documentos/prueba_OS/RepasoExamen]
/usr/bin/clang -resource-dir=/home/david/.vscode-oss/extensions/kylinideteam.kylin-clangd-0.4.0-linux-x64/res/clangd/lib/clang/21 -- /home/david/Documentos/prueba_OS/RepasoExamen/311.c
I[11:06:13.992] --> textDocument/clangd.fileStatus
I[11:06:13.995] --> textDocument/publishDiagnostics
I[11:06:13.995] --> textDocument/inactiveRegions
I[11:06:13.995] --> reply:textDocument/inlayHint(94) 4 ms
I[11:06:13.995] --> textDocument/clangd.fileStatus
I[11:06:14.165] <-- textDocument/foldingRange(95)
I[11:06:14.166] --> reply:textDocument/foldingRange(95) 0 ms
I[11:06:14.249] <-- textDocument/codeAction(96)
I[11:06:14.249] --> reply:textDocument/codeAction(96) 0 ms
I[11:06:14.249] --> textDocument/clangd.fileStatus
I[11:06:14.316] <-- textDocument/documentSymbol(97)
I[11:06:14.316] <-- textDocument/documentSymbol(98)
I[11:06:14.316] --> reply:textDocument/documentSymbol(97) 0 ms
I[11:06:14.316] --> reply:textDocument/documentSymbol(98) 0 ms
I[11:06:14.316] --> textDocument/clangd.fileStatus
I[11:06:14.766] <-- textDocument/inlayHint(99)
I[11:06:14.766] --> reply:textDocument/inlayHint(99) 0 ms
I[11:06:14.766] --> textDocument/clangd.fileStatus
I[11:06:14.966] <-- textDocument/documentLink(100)
I[11:06:14.966] --> reply:textDocument/documentLink(100) 0 ms
I[11:06:14.966] --> textDocument/clangd.fileStatus
I[11:06:20.153] <-- textDocument/hover(101)
I[11:06:20.153] --> reply:textDocument/hover(101) 0 ms
I[11:06:20.153] --> textDocument/clangd.fileStatus
I[11:06:20.673] <-- textDocument/hover(102)
I[11:06:20.673] --> reply:textDocument/hover(102) 0 ms
I[11:06:20.673] --> textDocument/clangd.fileStatus
I[11:06:21.659] <-- textDocument/codeAction(103)
I[11:06:21.659] --> reply:textDocument/codeAction(103) 0 ms
I[11:06:21.659] --> textDocument/clangd.fileStatus
I[11:06:21.754] <-- textDocument/didChange
I[11:06:21.754] --> textDocument/clangd.fileStatus
I[11:06:21.779] <-- textDocument/inlayHint(104)
I[11:06:21.779] Failed to find compilation database for /home/david/Documentos/prueba_OS/RepasoExamen/311.c
I[11:06:21.780] ASTWorker building file /home/david/Documentos/prueba_OS/RepasoExamen/311.c version 8 with command clangd fallback
[/home/david/Documentos/prueba_OS/RepasoExamen]
/usr/bin/clang -resource-dir=/home/david/.vscode-oss/extensions/kylinideteam.kylin-clangd-0.4.0-linux-x64/res/clangd/lib/clang/21 -- /home/david/Documentos/prueba_OS/RepasoExamen/311.c
I[11:06:21.780] --> textDocument/clangd.fileStatus
I[11:06:21.783] --> textDocument/publishDiagnostics
I[11:06:21.783] --> textDocument/inactiveRegions
I[11:06:21.784] --> reply:textDocument/inlayHint(104) 4 ms
I[11:06:21.784] --> textDocument/clangd.fileStatus
I[11:06:21.924] <-- textDocument/didChange
I[11:06:21.924] --> textDocument/clangd.fileStatus
I[11:06:21.950] <-- textDocument/inlayHint(105)
I[11:06:21.950] Failed to find compilation database for /home/david/Documentos/prueba_OS/RepasoExamen/311.c
I[11:06:21.950] ASTWorker building file /home/david/Documentos/prueba_OS/RepasoExamen/311.c version 9 with command clangd fallback
[/home/david/Documentos/prueba_OS/RepasoExamen]
/usr/bin/clang -resource-dir=/home/david/.vscode-oss/extensions/kylinideteam.kylin-clangd-0.4.0-linux-x64/res/clangd/lib/clang/21 -- /home/david/Documentos/prueba_OS/RepasoExamen/311.c
I[11:06:21.951] --> textDocument/clangd.fileStatus
I[11:06:21.954] --> textDocument/publishDiagnostics
I[11:06:21.954] --> textDocument/inactiveRegions
I[11:06:21.954] --> reply:textDocument/inlayHint(105) 4 ms
I[11:06:21.954] --> textDocument/clangd.fileStatus
I[11:06:22.124] <-- textDocument/foldingRange(106)
I[11:06:22.125] --> reply:textDocument/foldingRange(106) 0 ms
I[11:06:22.274] <-- textDocument/documentSymbol(107)
I[11:06:22.274] <-- textDocument/documentSymbol(108)
I[11:06:22.274] --> reply:textDocument/documentSymbol(107) 0 ms
I[11:06:22.274] --> reply:textDocument/documentSymbol(108) 0 ms
I[11:06:22.274] --> textDocument/clangd.fileStatus
I[11:06:22.534] <-- textDocument/codeAction(109)
I[11:06:22.534] --> reply:textDocument/codeAction(109) 0 ms
I[11:06:22.534] --> textDocument/clangd.fileStatus
I[11:06:22.724] <-- textDocument/inlayHint(110)
I[11:06:22.725] --> reply:textDocument/inlayHint(110) 0 ms
I[11:06:22.725] --> textDocument/clangd.fileStatus
I[11:06:22.772] <-- textDocument/didChange
I[11:06:22.772] --> textDocument/clangd.fileStatus
I[11:06:22.798] <-- textDocument/inlayHint(111)
I[11:06:22.798] Failed to find compilation database for /home/david/Documentos/prueba_OS/RepasoExamen/311.c
I[11:06:22.798] ASTWorker building file /home/david/Documentos/prueba_OS/RepasoExamen/311.c version 10 with command clangd fallback
[/home/david/Documentos/prueba_OS/RepasoExamen]
/usr/bin/clang -resource-dir=/home/david/.vscode-oss/extensions/kylinideteam.kylin-clangd-0.4.0-linux-x64/res/clangd/lib/clang/21 -- /home/david/Documentos/prueba_OS/RepasoExamen/311.c
I[11:06:22.799] --> textDocument/clangd.fileStatus
I[11:06:22.802] --> textDocument/publishDiagnostics
I[11:06:22.802] --> textDocument/inactiveRegions
I[11:06:22.802] --> reply:textDocument/inlayHint(111) 4 ms
I[11:06:22.802] --> textDocument/clangd.fileStatus
I[11:06:22.923] <-- textDocument/didChange
I[11:06:22.923] --> textDocument/clangd.fileStatus
I[11:06:22.948] <-- textDocument/inlayHint(112)
I[11:06:22.948] Failed to find compilation database for /home/david/Documentos/prueba_OS/RepasoExamen/311.c
I[11:06:22.949] ASTWorker building file /home/david/Documentos/prueba_OS/RepasoExamen/311.c version 11 with command clangd fallback
[/home/david/Documentos/prueba_OS/RepasoExamen]
/usr/bin/clang -resource-dir=/home/david/.vscode-oss/extensions/kylinideteam.kylin-clangd-0.4.0-linux-x64/res/clangd/lib/clang/21 -- /home/david/Documentos/prueba_OS/RepasoExamen/311.c
I[11:06:22.949] --> textDocument/clangd.fileStatus
I[11:06:22.953] --> textDocument/publishDiagnostics
I[11:06:22.953] --> textDocument/inactiveRegions
I[11:06:22.953] --> reply:textDocument/inlayHint(112) 4 ms
I[11:06:22.953] --> textDocument/clangd.fileStatus
I[11:06:23.123] <-- textDocument/foldingRange(113)
I[11:06:23.123] --> reply:textDocument/foldingRange(113) 0 ms
I[11:06:23.163] <-- textDocument/didChange
I[11:06:23.163] --> textDocument/clangd.fileStatus
I[11:06:23.188] <-- textDocument/inlayHint(114)
I[11:06:23.189] Failed to find compilation database for /home/david/Documentos/prueba_OS/RepasoExamen/311.c
I[11:06:23.189] ASTWorker building file /home/david/Documentos/prueba_OS/RepasoExamen/311.c version 12 with command clangd fallback
[/home/david/Documentos/prueba_OS/RepasoExamen]
/usr/bin/clang -resource-dir=/home/david/.vscode-oss/extensions/kylinideteam.kylin-clangd-0.4.0-linux-x64/res/clangd/lib/clang/21 -- /home/david/Documentos/prueba_OS/RepasoExamen/311.c
I[11:06:23.189] --> textDocument/clangd.fileStatus
I[11:06:23.192] --> textDocument/publishDiagnostics
I[11:06:23.192] --> textDocument/inactiveRegions
I[11:06:23.192] --> reply:textDocument/inlayHint(114) 3 ms
I[11:06:23.192] --> textDocument/clangd.fileStatus
I[11:06:23.363] <-- textDocument/foldingRange(115)
I[11:06:23.364] --> reply:textDocument/foldingRange(115) 0 ms
I[11:06:23.513] <-- textDocument/documentSymbol(116)
I[11:06:23.514] <-- textDocument/documentSymbol(117)
I[11:06:23.514] --> reply:textDocument/documentSymbol(116) 0 ms
I[11:06:23.514] --> reply:textDocument/documentSymbol(117) 0 ms
I[11:06:23.514] --> textDocument/clangd.fileStatus
I[11:06:23.620] <-- textDocument/codeAction(118)
I[11:06:23.620] --> reply:textDocument/codeAction(118) 0 ms
I[11:06:23.620] --> textDocument/clangd.fileStatus
I[11:06:23.818] <-- textDocument/didChange
I[11:06:23.818] --> textDocument/clangd.fileStatus
I[11:06:23.844] <-- textDocument/inlayHint(119)
I[11:06:23.844] Failed to find compilation database for /home/david/Documentos/prueba_OS/RepasoExamen/311.c
I[11:06:23.844] ASTWorker building file /home/david/Documentos/prueba_OS/RepasoExamen/311.c version 13 with command clangd fallback
[/home/david/Documentos/prueba_OS/RepasoExamen]
/usr/bin/clang -resource-dir=/home/david/.vscode-oss/extensions/kylinideteam.kylin-clangd-0.4.0-linux-x64/res/clangd/lib/clang/21 -- /home/david/Documentos/prueba_OS/RepasoExamen/311.c
I[11:06:23.845] --> textDocument/clangd.fileStatus
I[11:06:23.848] --> textDocument/publishDiagnostics
I[11:06:23.848] --> textDocument/inactiveRegions
I[11:06:23.849] --> reply:textDocument/inlayHint(119) 4 ms
I[11:06:23.849] --> textDocument/clangd.fileStatus
I[11:06:23.974] <-- textDocument/didChange
I[11:06:23.974] --> textDocument/clangd.fileStatus
I[11:06:23.999] <-- textDocument/inlayHint(120)
I[11:06:23.999] Failed to find compilation database for /home/david/Documentos/prueba_OS/RepasoExamen/311.c
I[11:06:24.000] ASTWorker building file /home/david/Documentos/prueba_OS/RepasoExamen/311.c version 14 with command clangd fallback
[/home/david/Documentos/prueba_OS/RepasoExamen]
/usr/bin/clang -resource-dir=/home/david/.vscode-oss/extensions/kylinideteam.kylin-clangd-0.4.0-linux-x64/res/clangd/lib/clang/21 -- /home/david/Documentos/prueba_OS/RepasoExamen/311.c
I[11:06:24.000] --> textDocument/clangd.fileStatus
I[11:06:24.004] --> textDocument/publishDiagnostics
I[11:06:24.004] --> textDocument/inactiveRegions
I[11:06:24.004] --> reply:textDocument/inlayHint(120) 4 ms
I[11:06:24.004] --> textDocument/clangd.fileStatus
I[11:06:24.174] <-- textDocument/foldingRange(121)
I[11:06:24.175] --> reply:textDocument/foldingRange(121) 0 ms
I[11:06:24.325] <-- textDocument/documentSymbol(122)
I[11:06:24.325] <-- textDocument/documentSymbol(123)
I[11:06:24.325] --> reply:textDocument/documentSymbol(122) 0 ms
I[11:06:24.325] --> reply:textDocument/documentSymbol(123) 0 ms
I[11:06:24.325] --> textDocument/clangd.fileStatus
I[11:06:24.775] <-- textDocument/inlayHint(124)
I[11:06:24.775] --> reply:textDocument/inlayHint(124) 0 ms
I[11:06:24.775] --> textDocument/clangd.fileStatus
I[11:06:24.974] <-- textDocument/documentLink(125)
I[11:06:24.974] --> reply:textDocument/documentLink(125) 0 ms
I[11:06:24.975] --> textDocument/clangd.fileStatus
I[11:06:25.290] <-- textDocument/codeAction(126)
I[11:06:25.290] --> reply:textDocument/codeAction(126) 0 ms
I[11:06:25.290] --> textDocument/clangd.fileStatus
I[11:06:25.345] <-- textDocument/didChange
I[11:06:25.345] --> textDocument/clangd.fileStatus
I[11:06:25.371] <-- textDocument/inlayHint(127)
I[11:06:25.371] Failed to find compilation database for /home/david/Documentos/prueba_OS/RepasoExamen/311.c
I[11:06:25.371] ASTWorker building file /home/david/Documentos/prueba_OS/RepasoExamen/311.c version 15 with command clangd fallback
[/home/david/Documentos/prueba_OS/RepasoExamen]
/usr/bin/clang -resource-dir=/home/david/.vscode-oss/extensions/kylinideteam.kylin-clangd-0.4.0-linux-x64/res/clangd/lib/clang/21 -- /home/david/Documentos/prueba_OS/RepasoExamen/311.c
I[11:06:25.372] --> textDocument/clangd.fileStatus
I[11:06:25.376] --> textDocument/publishDiagnostics
I[11:06:25.376] --> textDocument/inactiveRegions
I[11:06:25.376] --> reply:textDocument/inlayHint(127) 4 ms
I[11:06:25.376] --> textDocument/clangd.fileStatus
I[11:06:25.470] <-- textDocument/didChange
I[11:06:25.470] --> textDocument/clangd.fileStatus
I[11:06:25.496] <-- textDocument/inlayHint(128)
I[11:06:25.496] Failed to find compilation database for /home/david/Documentos/prueba_OS/RepasoExamen/311.c
I[11:06:25.496] ASTWorker building file /home/david/Documentos/prueba_OS/RepasoExamen/311.c version 16 with command clangd fallback
[/home/david/Documentos/prueba_OS/RepasoExamen]
/usr/bin/clang -resource-dir=/home/david/.vscode-oss/extensions/kylinideteam.kylin-clangd-0.4.0-linux-x64/res/clangd/lib/clang/21 -- /home/david/Documentos/prueba_OS/RepasoExamen/311.c
I[11:06:25.497] --> textDocument/clangd.fileStatus
I[11:06:25.500] --> textDocument/publishDiagnostics
I[11:06:25.500] --> textDocument/inactiveRegions
I[11:06:25.500] --> reply:textDocument/inlayHint(128) 4 ms
I[11:06:25.500] --> textDocument/clangd.fileStatus
I[11:06:25.671] <-- textDocument/foldingRange(129)
I[11:06:25.671] --> reply:textDocument/foldingRange(129) 0 ms
I[11:06:25.821] <-- textDocument/documentSymbol(130)
I[11:06:25.821] <-- textDocument/documentSymbol(131)
I[11:06:25.821] --> reply:textDocument/documentSymbol(130) 0 ms
I[11:06:25.821] --> reply:textDocument/documentSymbol(131) 0 ms
I[11:06:25.821] --> textDocument/clangd.fileStatus
I[11:06:26.271] <-- textDocument/inlayHint(132)
I[11:06:26.271] --> reply:textDocument/inlayHint(132) 0 ms
I[11:06:26.271] --> textDocument/clangd.fileStatus
I[11:06:26.471] <-- textDocument/documentLink(133)
I[11:06:26.471] --> reply:textDocument/documentLink(133) 0 ms
I[11:06:26.471] --> textDocument/clangd.fileStatus
I[11:06:27.048] <-- textDocument/hover(134)
I[11:06:27.048] --> reply:textDocument/hover(134) 0 ms
I[11:06:27.048] --> textDocument/clangd.fileStatus
I[11:06:27.412] <-- textDocument/codeAction(135)
I[11:06:27.413] --> reply:textDocument/codeAction(135) 0 ms
I[11:06:27.413] --> textDocument/clangd.fileStatus
I[11:06:28.259] <-- textDocument/didChange
I[11:06:28.259] --> textDocument/clangd.fileStatus
I[11:06:28.285] <-- textDocument/inlayHint(136)
I[11:06:28.285] Failed to find compilation database for /home/david/Documentos/prueba_OS/RepasoExamen/311.c
I[11:06:28.285] ASTWorker building file /home/david/Documentos/prueba_OS/RepasoExamen/311.c version 17 with command clangd fallback
[/home/david/Documentos/prueba_OS/RepasoExamen]
/usr/bin/clang -resource-dir=/home/david/.vscode-oss/extensions/kylinideteam.kylin-clangd-0.4.0-linux-x64/res/clangd/lib/clang/21 -- /home/david/Documentos/prueba_OS/RepasoExamen/311.c
I[11:06:28.285] --> textDocument/clangd.fileStatus
I[11:06:28.288] --> textDocument/publishDiagnostics
I[11:06:28.288] --> textDocument/inactiveRegions
I[11:06:28.288] --> reply:textDocument/inlayHint(136) 3 ms
I[11:06:28.289] --> textDocument/clangd.fileStatus
I[11:06:28.459] <-- textDocument/foldingRange(137)
I[11:06:28.460] --> reply:textDocument/foldingRange(137) 0 ms
I[11:06:28.510] <-- textDocument/codeAction(138)
I[11:06:28.510] --> reply:textDocument/codeAction(138) 0 ms
I[11:06:28.510] --> textDocument/clangd.fileStatus
I[11:06:28.610] <-- textDocument/documentSymbol(139)
I[11:06:28.610] <-- textDocument/documentSymbol(140)
I[11:06:28.610] --> reply:textDocument/documentSymbol(139) 0 ms
I[11:06:28.610] --> reply:textDocument/documentSymbol(140) 0 ms
I[11:06:28.610] --> textDocument/clangd.fileStatus
I[11:06:29.060] <-- textDocument/inlayHint(141)
I[11:06:29.060] --> reply:textDocument/inlayHint(141) 0 ms
I[11:06:29.060] --> textDocument/clangd.fileStatus
I[11:06:29.145] <-- textDocument/hover(142)
I[11:06:29.145] --> reply:textDocument/hover(142) 0 ms
I[11:06:29.145] --> textDocument/clangd.fileStatus
I[11:06:29.259] <-- textDocument/documentLink(143)
I[11:06:29.259] --> reply:textDocument/documentLink(143) 0 ms
I[11:06:29.259] --> textDocument/clangd.fileStatus
I[11:06:31.536] <-- textDocument/codeAction(144)
I[11:06:31.537] --> reply:textDocument/codeAction(144) 0 ms
I[11:06:31.537] --> textDocument/clangd.fileStatus
I[11:06:31.834] <-- textDocument/hover(145)
I[11:06:31.834] --> reply:textDocument/hover(145) 0 ms
I[11:06:31.834] --> textDocument/clangd.fileStatus
I[11:06:32.526] <-- textDocument/hover(146)
I[11:06:32.527] --> reply:textDocument/hover(146) 0 ms
I[11:06:32.527] --> textDocument/clangd.fileStatus
I[11:06:33.557] <-- textDocument/codeAction(147)
I[11:06:33.557] --> reply:textDocument/codeAction(147) 0 ms
I[11:06:33.557] --> textDocument/clangd.fileStatus
I[11:06:34.205] <-- textDocument/codeAction(148)
I[11:06:34.205] --> reply:textDocument/codeAction(148) 0 ms
I[11:06:34.205] --> textDocument/clangd.fileStatus
I[11:06:34.618] <-- textDocument/codeAction(149)
I[11:06:34.618] --> reply:textDocument/codeAction(149) 0 ms
I[11:06:34.618] --> textDocument/clangd.fileStatus
I[11:06:36.855] <-- textDocument/codeAction(150)
I[11:06:36.855] --> reply:textDocument/codeAction(150) 0 ms
I[11:06:36.855] --> textDocument/clangd.fileStatus
I[11:06:38.373] <-- textDocument/didChange
I[11:06:38.373] --> textDocument/clangd.fileStatus
I[11:06:38.400] <-- textDocument/inlayHint(151)
I[11:06:38.400] Failed to find compilation database for /home/david/Documentos/prueba_OS/RepasoExamen/311.c
I[11:06:38.400] ASTWorker building file /home/david/Documentos/prueba_OS/RepasoExamen/311.c version 18 with command clangd fallback
[/home/david/Documentos/prueba_OS/RepasoExamen]
/usr/bin/clang -resource-dir=/home/david/.vscode-oss/extensions/kylinideteam.kylin-clangd-0.4.0-linux-x64/res/clangd/lib/clang/21 -- /home/david/Documentos/prueba_OS/RepasoExamen/311.c
I[11:06:38.401] --> textDocument/clangd.fileStatus
I[11:06:38.405] --> textDocument/publishDiagnostics
I[11:06:38.405] --> textDocument/inactiveRegions
I[11:06:38.405] --> reply:textDocument/inlayHint(151) 5 ms
I[11:06:38.405] --> textDocument/clangd.fileStatus
I[11:06:38.575] <-- textDocument/foldingRange(152)
I[11:06:38.575] --> reply:textDocument/foldingRange(152) 0 ms
I[11:06:38.725] <-- textDocument/documentSymbol(153)
I[11:06:38.725] <-- textDocument/documentSymbol(154)
I[11:06:38.725] --> reply:textDocument/documentSymbol(153) 0 ms
I[11:06:38.725] --> reply:textDocument/documentSymbol(154) 0 ms
I[11:06:38.725] --> textDocument/clangd.fileStatus
I[11:06:39.175] <-- textDocument/inlayHint(155)
I[11:06:39.175] --> reply:textDocument/inlayHint(155) 0 ms
I[11:06:39.176] --> textDocument/clangd.fileStatus
I[11:06:39.375] <-- textDocument/documentLink(156)
I[11:06:39.375] --> reply:textDocument/documentLink(156) 0 ms
I[11:06:39.375] --> textDocument/clangd.fileStatus
I[11:06:39.483] <-- textDocument/didChange
I[11:06:39.483] --> textDocument/clangd.fileStatus
I[11:06:39.509] <-- textDocument/inlayHint(157)
I[11:06:39.509] Failed to find compilation database for /home/david/Documentos/prueba_OS/RepasoExamen/311.c
I[11:06:39.509] ASTWorker building file /home/david/Documentos/prueba_OS/RepasoExamen/311.c version 19 with command clangd fallback
[/home/david/Documentos/prueba_OS/RepasoExamen]
/usr/bin/clang -resource-dir=/home/david/.vscode-oss/extensions/kylinideteam.kylin-clangd-0.4.0-linux-x64/res/clangd/lib/clang/21 -- /home/david/Documentos/prueba_OS/RepasoExamen/311.c
I[11:06:39.510] --> textDocument/clangd.fileStatus
I[11:06:39.514] --> textDocument/publishDiagnostics
I[11:06:39.514] --> textDocument/inactiveRegions
I[11:06:39.514] --> reply:textDocument/inlayHint(157) 4 ms
I[11:06:39.514] --> textDocument/clangd.fileStatus
I[11:06:39.684] <-- textDocument/foldingRange(158)
I[11:06:39.684] --> reply:textDocument/foldingRange(158) 0 ms
I[11:06:39.833] <-- textDocument/documentSymbol(159)
I[11:06:39.834] <-- textDocument/documentSymbol(160)
I[11:06:39.834] --> reply:textDocument/documentSymbol(159) 0 ms
I[11:06:39.834] --> reply:textDocument/documentSymbol(160) 0 ms
I[11:06:39.834] --> textDocument/clangd.fileStatus
I[11:06:40.284] <-- textDocument/inlayHint(161)
I[11:06:40.284] --> reply:textDocument/inlayHint(161) 0 ms
I[11:06:40.284] --> textDocument/clangd.fileStatus
I[11:06:40.484] <-- textDocument/documentLink(162)
I[11:06:40.484] --> reply:textDocument/documentLink(162) 0 ms
I[11:06:40.484] --> textDocument/clangd.fileStatus
I[11:06:41.213] <-- textDocument/documentHighlight(163)
I[11:06:41.213] --> reply:textDocument/documentHighlight(163) 0 ms
I[11:06:41.213] --> textDocument/clangd.fileStatus
I[11:06:41.413] <-- textDocument/codeAction(164)
I[11:06:41.413] --> reply:textDocument/codeAction(164) 0 ms
I[11:06:41.413] --> textDocument/clangd.fileStatus
I[11:06:42.479] <-- textDocument/documentHighlight(165)
I[11:06:42.479] --> reply:textDocument/documentHighlight(165) 0 ms
I[11:06:42.479] --> textDocument/clangd.fileStatus
I[11:06:42.678] <-- textDocument/codeAction(166)
I[11:06:42.679] --> reply:textDocument/codeAction(166) 0 ms
I[11:06:42.679] --> textDocument/clangd.fileStatus
I[11:06:43.018] <-- textDocument/didChange
I[11:06:43.018] --> textDocument/clangd.fileStatus
I[11:06:43.044] <-- textDocument/inlayHint(167)
I[11:06:43.044] Failed to find compilation database for /home/david/Documentos/prueba_OS/RepasoExamen/311.c
I[11:06:43.044] ASTWorker building file /home/david/Documentos/prueba_OS/RepasoExamen/311.c version 20 with command clangd fallback
[/home/david/Documentos/prueba_OS/RepasoExamen]
/usr/bin/clang -resource-dir=/home/david/.vscode-oss/extensions/kylinideteam.kylin-clangd-0.4.0-linux-x64/res/clangd/lib/clang/21 -- /home/david/Documentos/prueba_OS/RepasoExamen/311.c
I[11:06:43.045] --> textDocument/clangd.fileStatus
I[11:06:43.048] --> textDocument/publishDiagnostics
I[11:06:43.048] --> textDocument/inactiveRegions
I[11:06:43.048] --> reply:textDocument/inlayHint(167) 4 ms
I[11:06:43.048] --> textDocument/clangd.fileStatus
I[11:06:43.219] <-- textDocument/foldingRange(168)
I[11:06:43.219] --> reply:textDocument/foldingRange(168) 0 ms
I[11:06:43.316] <-- textDocument/didChange
I[11:06:43.316] --> textDocument/clangd.fileStatus
I[11:06:43.342] <-- textDocument/inlayHint(169)
I[11:06:43.342] Failed to find compilation database for /home/david/Documentos/prueba_OS/RepasoExamen/311.c
I[11:06:43.342] ASTWorker building file /home/david/Documentos/prueba_OS/RepasoExamen/311.c version 21 with command clangd fallback
[/home/david/Documentos/prueba_OS/RepasoExamen]
/usr/bin/clang -resource-dir=/home/david/.vscode-oss/extensions/kylinideteam.kylin-clangd-0.4.0-linux-x64/res/clangd/lib/clang/21 -- /home/david/Documentos/prueba_OS/RepasoExamen/311.c
I[11:06:43.343] --> textDocument/clangd.fileStatus
I[11:06:43.346] --> textDocument/publishDiagnostics
I[11:06:43.346] --> textDocument/inactiveRegions
I[11:06:43.346] --> reply:textDocument/inlayHint(169) 4 ms
I[11:06:43.346] --> textDocument/clangd.fileStatus
I[11:06:43.516] <-- textDocument/foldingRange(170)
I[11:06:43.516] --> reply:textDocument/foldingRange(170) 0 ms
I[11:06:43.567] <-- textDocument/codeAction(171)
I[11:06:43.567] --> reply:textDocument/codeAction(171) 0 ms
I[11:06:43.567] --> textDocument/clangd.fileStatus
I[11:06:43.666] <-- textDocument/documentSymbol(172)
I[11:06:43.666] <-- textDocument/documentSymbol(173)
I[11:06:43.667] --> reply:textDocument/documentSymbol(172) 0 ms
I[11:06:43.667] --> reply:textDocument/documentSymbol(173) 0 ms
I[11:06:43.667] --> textDocument/clangd.fileStatus
I[11:06:44.117] <-- textDocument/inlayHint(174)
I[11:06:44.117] --> reply:textDocument/inlayHint(174) 0 ms
I[11:06:44.117] --> textDocument/clangd.fileStatus
I[11:06:44.317] <-- textDocument/documentLink(175)
I[11:06:44.317] --> reply:textDocument/documentLink(175) 0 ms
I[11:06:44.317] --> textDocument/clangd.fileStatus
I[11:06:44.538] <-- textDocument/didSave
I[11:06:44.538] File version went from 1 to 1
I[11:06:44.538] File version went from 1 to 1
I[11:06:44.538] File version went from 21 to 21
I[11:06:44.538] --> textDocument/clangd.fileStatus
I[11:06:44.538] --> textDocument/clangd.fileStatus
I[11:06:44.538] --> textDocument/clangd.fileStatus
I[11:06:44.588] Failed to find compilation database for /home/david/Documentos/prueba_OS/RepasoExamen/39.c
I[11:06:44.588] Failed to find compilation database for /home/david/Documentos/prueba_OS/RepasoExamen/311.c
I[11:06:44.588] ASTWorker building file /home/david/Documentos/prueba_OS/RepasoExamen/39.c version 1 with command clangd fallback
[/home/david/Documentos/prueba_OS/RepasoExamen]
/usr/bin/clang -resource-dir=/home/david/.vscode-oss/extensions/kylinideteam.kylin-clangd-0.4.0-linux-x64/res/clangd/lib/clang/21 -- /home/david/Documentos/prueba_OS/RepasoExamen/39.c
I[11:06:44.588] Failed to find compilation database for /home/david/Documentos/prueba_OS/RepasoExamen/mistat.c
I[11:06:44.588] ASTWorker building file /home/david/Documentos/prueba_OS/RepasoExamen/mistat.c version 1 with command clangd fallback
[/home/david/Documentos/prueba_OS/RepasoExamen]
/usr/bin/clang -resource-dir=/home/david/.vscode-oss/extensions/kylinideteam.kylin-clangd-0.4.0-linux-x64/res/clangd/lib/clang/21 -- /home/david/Documentos/prueba_OS/RepasoExamen/mistat.c
I[11:06:44.588] ASTWorker building file /home/david/Documentos/prueba_OS/RepasoExamen/311.c version 21 with command clangd fallback
[/home/david/Documentos/prueba_OS/RepasoExamen]
/usr/bin/clang -resource-dir=/home/david/.vscode-oss/extensions/kylinideteam.kylin-clangd-0.4.0-linux-x64/res/clangd/lib/clang/21 -- /home/david/Documentos/prueba_OS/RepasoExamen/311.c
I[11:06:44.589] --> textDocument/clangd.fileStatus
I[11:06:44.589] --> textDocument/clangd.fileStatus
I[11:06:44.589] --> textDocument/clangd.fileStatus
I[11:06:44.589] --> textDocument/clangd.fileStatus
I[11:06:44.589] --> textDocument/clangd.fileStatus
I[11:06:44.589] --> textDocument/clangd.fileStatus
I[11:06:44.589] --> textDocument/clangd.fileStatus
I[11:06:44.589] --> textDocument/clangd.fileStatus
I[11:06:44.589] --> textDocument/clangd.fileStatus
I[11:06:44.589] --> textDocument/clangd.fileStatus
I[11:06:44.589] --> textDocument/clangd.fileStatus
I[11:06:44.589] --> textDocument/clangd.fileStatus
I[11:06:45.367] <-- textDocument/hover(176)
I[11:06:45.367] --> reply:textDocument/hover(176) 0 ms
I[11:06:45.367] --> textDocument/clangd.fileStatus
I[11:06:45.467] <-- textDocument/documentHighlight(177)
I[11:06:45.468] --> reply:textDocument/documentHighlight(177) 0 ms
I[11:06:45.468] --> textDocument/clangd.fileStatus
I[11:06:45.667] <-- textDocument/codeAction(178)
I[11:06:45.667] --> reply:textDocument/codeAction(178) 0 ms
I[11:06:45.667] --> textDocument/clangd.fileStatus
I[11:06:45.971] <-- textDocument/documentHighlight(179)
I[11:06:45.971] --> reply:textDocument/documentHighlight(179) 0 ms
I[11:06:45.971] --> textDocument/clangd.fileStatus
I[11:06:46.170] <-- textDocument/codeAction(180)
I[11:06:46.170] --> reply:textDocument/codeAction(180) 0 ms
I[11:06:46.170] --> textDocument/clangd.fileStatus
I[11:06:46.234] <-- textDocument/didChange
I[11:06:46.234] --> textDocument/clangd.fileStatus
I[11:06:46.262] <-- textDocument/inlayHint(181)
I[11:06:46.262] Failed to find compilation database for /home/david/Documentos/prueba_OS/RepasoExamen/311.c
I[11:06:46.262] ASTWorker building file /home/david/Documentos/prueba_OS/RepasoExamen/311.c version 22 with command clangd fallback
[/home/david/Documentos/prueba_OS/RepasoExamen]
/usr/bin/clang -resource-dir=/home/david/.vscode-oss/extensions/kylinideteam.kylin-clangd-0.4.0-linux-x64/res/clangd/lib/clang/21 -- /home/david/Documentos/prueba_OS/RepasoExamen/311.c
I[11:06:46.263] --> textDocument/clangd.fileStatus
I[11:06:46.267] --> textDocument/publishDiagnostics
I[11:06:46.267] --> textDocument/inactiveRegions
I[11:06:46.267] --> reply:textDocument/inlayHint(181) 5 ms
I[11:06:46.267] --> textDocument/clangd.fileStatus
I[11:06:46.383] <-- textDocument/didChange
I[11:06:46.383] --> textDocument/clangd.fileStatus
I[11:06:46.409] <-- textDocument/inlayHint(182)
I[11:06:46.409] Failed to find compilation database for /home/david/Documentos/prueba_OS/RepasoExamen/311.c
I[11:06:46.410] ASTWorker building file /home/david/Documentos/prueba_OS/RepasoExamen/311.c version 23 with command clangd fallback
[/home/david/Documentos/prueba_OS/RepasoExamen]
/usr/bin/clang -resource-dir=/home/david/.vscode-oss/extensions/kylinideteam.kylin-clangd-0.4.0-linux-x64/res/clangd/lib/clang/21 -- /home/david/Documentos/prueba_OS/RepasoExamen/311.c
I[11:06:46.410] --> textDocument/clangd.fileStatus
I[11:06:46.413] --> textDocument/publishDiagnostics
I[11:06:46.413] --> textDocument/inactiveRegions
I[11:06:46.413] --> reply:textDocument/inlayHint(182) 3 ms
I[11:06:46.413] --> textDocument/clangd.fileStatus
I[11:06:46.525] <-- textDocument/didChange
I[11:06:46.525] --> textDocument/clangd.fileStatus
I[11:06:46.551] <-- textDocument/inlayHint(183)
I[11:06:46.551] Failed to find compilation database for /home/david/Documentos/prueba_OS/RepasoExamen/311.c
I[11:06:46.552] ASTWorker building file /home/david/Documentos/prueba_OS/RepasoExamen/311.c version 24 with command clangd fallback
[/home/david/Documentos/prueba_OS/RepasoExamen]
/usr/bin/clang -resource-dir=/home/david/.vscode-oss/extensions/kylinideteam.kylin-clangd-0.4.0-linux-x64/res/clangd/lib/clang/21 -- /home/david/Documentos/prueba_OS/RepasoExamen/311.c
I[11:06:46.552] --> textDocument/clangd.fileStatus
I[11:06:46.555] --> textDocument/publishDiagnostics
I[11:06:46.555] --> textDocument/inactiveRegions
I[11:06:46.555] --> reply:textDocument/inlayHint(183) 4 ms
I[11:06:46.555] --> textDocument/clangd.fileStatus
I[11:06:46.653] <-- textDocument/didChange
I[11:06:46.654] --> textDocument/clangd.fileStatus
I[11:06:46.679] <-- textDocument/inlayHint(184)
I[11:06:46.680] Failed to find compilation database for /home/david/Documentos/prueba_OS/RepasoExamen/311.c
I[11:06:46.680] ASTWorker building file /home/david/Documentos/prueba_OS/RepasoExamen/311.c version 25 with command clangd fallback
[/home/david/Documentos/prueba_OS/RepasoExamen]
/usr/bin/clang -resource-dir=/home/david/.vscode-oss/extensions/kylinideteam.kylin-clangd-0.4.0-linux-x64/res/clangd/lib/clang/21 -- /home/david/Documentos/prueba_OS/RepasoExamen/311.c
I[11:06:46.681] --> textDocument/clangd.fileStatus
I[11:06:46.685] --> textDocument/publishDiagnostics
I[11:06:46.685] --> textDocument/inactiveRegions
I[11:06:46.685] --> reply:textDocument/inlayHint(184) 5 ms
I[11:06:46.685] --> textDocument/clangd.fileStatus
I[11:06:46.792] <-- textDocument/didChange
I[11:06:46.792] --> textDocument/clangd.fileStatus
I[11:06:46.818] <-- textDocument/inlayHint(185)
I[11:06:46.818] Failed to find compilation database for /home/david/Documentos/prueba_OS/RepasoExamen/311.c
I[11:06:46.818] ASTWorker building file /home/david/Documentos/prueba_OS/RepasoExamen/311.c version 26 with command clangd fallback
[/home/david/Documentos/prueba_OS/RepasoExamen]
/usr/bin/clang -resource-dir=/home/david/.vscode-oss/extensions/kylinideteam.kylin-clangd-0.4.0-linux-x64/res/clangd/lib/clang/21 -- /home/david/Documentos/prueba_OS/RepasoExamen/311.c
I[11:06:46.819] --> textDocument/clangd.fileStatus
I[11:06:46.822] --> textDocument/publishDiagnostics
I[11:06:46.822] --> textDocument/inactiveRegions
I[11:06:46.822] --> reply:textDocument/inlayHint(185) 4 ms
I[11:06:46.822] --> textDocument/clangd.fileStatus
I[11:06:46.993] <-- textDocument/foldingRange(186)
I[11:06:46.993] --> reply:textDocument/foldingRange(186) 0 ms
I[11:06:47.043] <-- textDocument/codeAction(187)
I[11:06:47.043] --> reply:textDocument/codeAction(187) 0 ms
I[11:06:47.043] --> textDocument/clangd.fileStatus
I[11:06:47.116] <-- textDocument/didChange
I[11:06:47.116] --> textDocument/clangd.fileStatus
I[11:06:47.142] <-- textDocument/inlayHint(188)
I[11:06:47.142] Failed to find compilation database for /home/david/Documentos/prueba_OS/RepasoExamen/311.c
I[11:06:47.142] <-- textDocument/documentSymbol(189)
I[11:06:47.143] ASTWorker building file /home/david/Documentos/prueba_OS/RepasoExamen/311.c version 27 with command clangd fallback
[/home/david/Documentos/prueba_OS/RepasoExamen]
/usr/bin/clang -resource-dir=/home/david/.vscode-oss/extensions/kylinideteam.kylin-clangd-0.4.0-linux-x64/res/clangd/lib/clang/21 -- /home/david/Documentos/prueba_OS/RepasoExamen/311.c
I[11:06:47.143] --> textDocument/clangd.fileStatus
I[11:06:47.147] --> textDocument/publishDiagnostics
I[11:06:47.147] --> textDocument/inactiveRegions
I[11:06:47.147] --> reply:textDocument/inlayHint(188) 4 ms
I[11:06:47.147] --> reply:textDocument/documentSymbol(189) 4 ms
I[11:06:47.147] --> textDocument/clangd.fileStatus
I[11:06:47.317] <-- textDocument/foldingRange(190)
I[11:06:47.317] --> reply:textDocument/foldingRange(190) 0 ms
I[11:06:47.367] <-- textDocument/codeAction(191)
I[11:06:47.367] --> reply:textDocument/codeAction(191) 0 ms
I[11:06:47.367] --> textDocument/clangd.fileStatus
I[11:06:47.467] <-- textDocument/documentSymbol(192)
I[11:06:47.467] <-- textDocument/documentSymbol(193)
I[11:06:47.467] --> reply:textDocument/documentSymbol(192) 0 ms
I[11:06:47.467] --> reply:textDocument/documentSymbol(193) 0 ms
I[11:06:47.467] --> textDocument/clangd.fileStatus
I[11:06:47.775] <-- textDocument/didChange
I[11:06:47.775] --> textDocument/clangd.fileStatus
I[11:06:47.801] <-- textDocument/inlayHint(194)
I[11:06:47.802] Failed to find compilation database for /home/david/Documentos/prueba_OS/RepasoExamen/311.c
I[11:06:47.802] ASTWorker building file /home/david/Documentos/prueba_OS/RepasoExamen/311.c version 28 with command clangd fallback
[/home/david/Documentos/prueba_OS/RepasoExamen]
/usr/bin/clang -resource-dir=/home/david/.vscode-oss/extensions/kylinideteam.kylin-clangd-0.4.0-linux-x64/res/clangd/lib/clang/21 -- /home/david/Documentos/prueba_OS/RepasoExamen/311.c
I[11:06:47.802] --> textDocument/clangd.fileStatus
I[11:06:47.806] --> textDocument/publishDiagnostics
I[11:06:47.806] --> textDocument/inactiveRegions
I[11:06:47.806] --> reply:textDocument/inlayHint(194) 4 ms
I[11:06:47.806] --> textDocument/clangd.fileStatus
I[11:06:47.948] <-- textDocument/didChange
I[11:06:47.948] --> textDocument/clangd.fileStatus
I[11:06:47.973] <-- textDocument/inlayHint(195)
I[11:06:47.973] Failed to find compilation database for /home/david/Documentos/prueba_OS/RepasoExamen/311.c
I[11:06:47.974] ASTWorker building file /home/david/Documentos/prueba_OS/RepasoExamen/311.c version 29 with command clangd fallback
[/home/david/Documentos/prueba_OS/RepasoExamen]
/usr/bin/clang -resource-dir=/home/david/.vscode-oss/extensions/kylinideteam.kylin-clangd-0.4.0-linux-x64/res/clangd/lib/clang/21 -- /home/david/Documentos/prueba_OS/RepasoExamen/311.c
I[11:06:47.974] --> textDocument/clangd.fileStatus
I[11:06:47.977] --> textDocument/publishDiagnostics
I[11:06:47.977] --> textDocument/inactiveRegions
I[11:06:47.977] --> reply:textDocument/inlayHint(195) 3 ms
I[11:06:47.977] --> textDocument/clangd.fileStatus
I[11:06:48.148] <-- textDocument/foldingRange(196)
I[11:06:48.149] --> reply:textDocument/foldingRange(196) 0 ms
I[11:06:48.153] <-- textDocument/didChange
I[11:06:48.153] --> textDocument/clangd.fileStatus
I[11:06:48.178] <-- textDocument/inlayHint(197)
I[11:06:48.178] Failed to find compilation database for /home/david/Documentos/prueba_OS/RepasoExamen/311.c
I[11:06:48.178] ASTWorker building file /home/david/Documentos/prueba_OS/RepasoExamen/311.c version 30 with command clangd fallback
[/home/david/Documentos/prueba_OS/RepasoExamen]
/usr/bin/clang -resource-dir=/home/david/.vscode-oss/extensions/kylinideteam.kylin-clangd-0.4.0-linux-x64/res/clangd/lib/clang/21 -- /home/david/Documentos/prueba_OS/RepasoExamen/311.c
I[11:06:48.179] --> textDocument/clangd.fileStatus
I[11:06:48.182] --> textDocument/publishDiagnostics
I[11:06:48.182] --> textDocument/inactiveRegions
I[11:06:48.182] --> reply:textDocument/inlayHint(197) 4 ms
I[11:06:48.182] --> textDocument/clangd.fileStatus
I[11:06:48.288] <-- textDocument/didChange
I[11:06:48.288] --> textDocument/clangd.fileStatus
I[11:06:48.314] <-- textDocument/inlayHint(198)
I[11:06:48.314] Failed to find compilation database for /home/david/Documentos/prueba_OS/RepasoExamen/311.c
I[11:06:48.314] ASTWorker building file /home/david/Documentos/prueba_OS/RepasoExamen/311.c version 31 with command clangd fallback
[/home/david/Documentos/prueba_OS/RepasoExamen]
/usr/bin/clang -resource-dir=/home/david/.vscode-oss/extensions/kylinideteam.kylin-clangd-0.4.0-linux-x64/res/clangd/lib/clang/21 -- /home/david/Documentos/prueba_OS/RepasoExamen/311.c
I[11:06:48.315] --> textDocument/clangd.fileStatus
I[11:06:48.318] --> textDocument/publishDiagnostics
I[11:06:48.318] --> textDocument/inactiveRegions
I[11:06:48.318] --> reply:textDocument/inlayHint(198) 4 ms
I[11:06:48.318] --> textDocument/clangd.fileStatus
I[11:06:48.413] <-- textDocument/didChange
I[11:06:48.413] --> textDocument/clangd.fileStatus
I[11:06:48.439] <-- textDocument/inlayHint(199)
I[11:06:48.439] Failed to find compilation database for /home/david/Documentos/prueba_OS/RepasoExamen/311.c
I[11:06:48.439] ASTWorker building file /home/david/Documentos/prueba_OS/RepasoExamen/311.c version 32 with command clangd fallback
[/home/david/Documentos/prueba_OS/RepasoExamen]
/usr/bin/clang -resource-dir=/home/david/.vscode-oss/extensions/kylinideteam.kylin-clangd-0.4.0-linux-x64/res/clangd/lib/clang/21 -- /home/david/Documentos/prueba_OS/RepasoExamen/311.c
I[11:06:48.440] --> textDocument/clangd.fileStatus
I[11:06:48.443] --> textDocument/publishDiagnostics
I[11:06:48.443] --> textDocument/inactiveRegions
I[11:06:48.443] --> reply:textDocument/inlayHint(199) 4 ms
I[11:06:48.443] --> textDocument/clangd.fileStatus
I[11:06:48.613] <-- textDocument/foldingRange(200)
I[11:06:48.614] --> reply:textDocument/foldingRange(200) 0 ms
I[11:06:48.664] <-- textDocument/codeAction(201)
I[11:06:48.664] --> reply:textDocument/codeAction(201) 0 ms
I[11:06:48.664] --> textDocument/clangd.fileStatus
I[11:06:48.764] <-- textDocument/documentSymbol(202)
I[11:06:48.764] <-- textDocument/documentSymbol(203)
I[11:06:48.764] --> reply:textDocument/documentSymbol(202) 0 ms
I[11:06:48.764] --> reply:textDocument/documentSymbol(203) 0 ms
I[11:06:48.764] --> textDocument/clangd.fileStatus
I[11:06:49.214] <-- textDocument/inlayHint(204)
I[11:06:49.214] --> reply:textDocument/inlayHint(204) 0 ms
I[11:06:49.214] --> textDocument/clangd.fileStatus
I[11:06:49.414] <-- textDocument/documentLink(205)
I[11:06:49.414] --> reply:textDocument/documentLink(205) 0 ms
I[11:06:49.414] --> textDocument/clangd.fileStatus
I[11:06:49.913] <-- textDocument/didChange
I[11:06:49.913] --> textDocument/clangd.fileStatus
I[11:06:49.939] <-- textDocument/inlayHint(206)
I[11:06:49.939] Failed to find compilation database for /home/david/Documentos/prueba_OS/RepasoExamen/311.c
I[11:06:49.939] ASTWorker building file /home/david/Documentos/prueba_OS/RepasoExamen/311.c version 33 with command clangd fallback
[/home/david/Documentos/prueba_OS/RepasoExamen]
/usr/bin/clang -resource-dir=/home/david/.vscode-oss/extensions/kylinideteam.kylin-clangd-0.4.0-linux-x64/res/clangd/lib/clang/21 -- /home/david/Documentos/prueba_OS/RepasoExamen/311.c
I[11:06:49.940] --> textDocument/clangd.fileStatus
I[11:06:49.943] --> textDocument/publishDiagnostics
I[11:06:49.943] --> textDocument/inactiveRegions
I[11:06:49.943] --> reply:textDocument/inlayHint(206) 4 ms
I[11:06:49.943] --> textDocument/clangd.fileStatus
I[11:06:50.113] <-- textDocument/foldingRange(207)
I[11:06:50.114] --> reply:textDocument/foldingRange(207) 0 ms
I[11:06:50.164] <-- textDocument/codeAction(208)
I[11:06:50.164] --> reply:textDocument/codeAction(208) 0 ms
I[11:06:50.164] --> textDocument/clangd.fileStatus
I[11:06:50.264] <-- textDocument/documentSymbol(209)
I[11:06:50.264] <-- textDocument/documentSymbol(210)
I[11:06:50.264] --> reply:textDocument/documentSymbol(209) 0 ms
I[11:06:50.264] --> reply:textDocument/documentSymbol(210) 0 ms
I[11:06:50.264] --> textDocument/clangd.fileStatus
I[11:06:50.267] <-- textDocument/didChange
I[11:06:50.267] --> textDocument/clangd.fileStatus
I[11:06:50.293] <-- textDocument/inlayHint(211)
I[11:06:50.293] Failed to find compilation database for /home/david/Documentos/prueba_OS/RepasoExamen/311.c
I[11:06:50.293] ASTWorker building file /home/david/Documentos/prueba_OS/RepasoExamen/311.c version 34 with command clangd fallback
[/home/david/Documentos/prueba_OS/RepasoExamen]
/usr/bin/clang -resource-dir=/home/david/.vscode-oss/extensions/kylinideteam.kylin-clangd-0.4.0-linux-x64/res/clangd/lib/clang/21 -- /home/david/Documentos/prueba_OS/RepasoExamen/311.c
I[11:06:50.294] --> textDocument/clangd.fileStatus
I[11:06:50.297] --> textDocument/publishDiagnostics
I[11:06:50.297] --> textDocument/inactiveRegions
I[11:06:50.297] --> reply:textDocument/inlayHint(211) 4 ms
I[11:06:50.297] --> textDocument/clangd.fileStatus
I[11:06:50.468] <-- textDocument/foldingRange(212)
I[11:06:50.468] --> reply:textDocument/foldingRange(212) 0 ms
I[11:06:50.518] <-- textDocument/codeAction(213)
I[11:06:50.518] --> reply:textDocument/codeAction(213) 0 ms
I[11:06:50.518] --> textDocument/clangd.fileStatus
I[11:06:50.618] <-- textDocument/documentSymbol(214)
I[11:06:50.618] <-- textDocument/documentSymbol(215)
I[11:06:50.618] --> reply:textDocument/documentSymbol(214) 0 ms
I[11:06:50.618] --> reply:textDocument/documentSymbol(215) 0 ms
I[11:06:50.618] --> textDocument/clangd.fileStatus
I[11:06:50.665] <-- textDocument/didChange
I[11:06:50.665] --> textDocument/clangd.fileStatus
I[11:06:50.691] <-- textDocument/inlayHint(216)
I[11:06:50.691] Failed to find compilation database for /home/david/Documentos/prueba_OS/RepasoExamen/311.c
I[11:06:50.691] ASTWorker building file /home/david/Documentos/prueba_OS/RepasoExamen/311.c version 35 with command clangd fallback
[/home/david/Documentos/prueba_OS/RepasoExamen]
/usr/bin/clang -resource-dir=/home/david/.vscode-oss/extensions/kylinideteam.kylin-clangd-0.4.0-linux-x64/res/clangd/lib/clang/21 -- /home/david/Documentos/prueba_OS/RepasoExamen/311.c
I[11:06:50.692] --> textDocument/clangd.fileStatus
I[11:06:50.695] --> textDocument/publishDiagnostics
I[11:06:50.695] --> textDocument/inactiveRegions
I[11:06:50.695] --> reply:textDocument/inlayHint(216) 4 ms
I[11:06:50.695] --> textDocument/clangd.fileStatus
I[11:06:50.866] <-- textDocument/foldingRange(217)
I[11:06:50.866] --> reply:textDocument/foldingRange(217) 0 ms
I[11:06:50.916] <-- textDocument/codeAction(218)
I[11:06:50.916] --> reply:textDocument/codeAction(218) 0 ms
I[11:06:50.916] --> textDocument/clangd.fileStatus
I[11:06:51.016] <-- textDocument/documentSymbol(219)
I[11:06:51.016] <-- textDocument/documentSymbol(220)
I[11:06:51.016] --> reply:textDocument/documentSymbol(219) 0 ms
I[11:06:51.016] --> reply:textDocument/documentSymbol(220) 0 ms
I[11:06:51.016] --> textDocument/clangd.fileStatus
I[11:06:51.466] <-- textDocument/inlayHint(221)
I[11:06:51.466] --> reply:textDocument/inlayHint(221) 0 ms
I[11:06:51.466] --> textDocument/clangd.fileStatus
I[11:06:51.666] <-- textDocument/documentLink(222)
I[11:06:51.666] --> reply:textDocument/documentLink(222) 0 ms
I[11:06:51.666] --> textDocument/clangd.fileStatus
I[11:06:53.404] <-- textDocument/codeAction(223)
I[11:06:53.404] --> reply:textDocument/codeAction(223) 0 ms
I[11:06:53.404] --> textDocument/clangd.fileStatus
I[11:06:55.089] <-- textDocument/codeAction(224)
I[11:06:55.089] --> reply:textDocument/codeAction(224) 0 ms
I[11:06:55.089] --> textDocument/clangd.fileStatus
I[11:06:56.159] <-- textDocument/codeAction(225)
I[11:06:56.159] --> reply:textDocument/codeAction(225) 0 ms
I[11:06:56.159] --> textDocument/clangd.fileStatus
I[11:06:57.134] <-- textDocument/didChange
I[11:06:57.134] --> textDocument/clangd.fileStatus
I[11:06:57.160] <-- textDocument/inlayHint(226)
I[11:06:57.160] Failed to find compilation database for /home/david/Documentos/prueba_OS/RepasoExamen/311.c
I[11:06:57.161] ASTWorker building file /home/david/Documentos/prueba_OS/RepasoExamen/311.c version 36 with command clangd fallback
[/home/david/Documentos/prueba_OS/RepasoExamen]
/usr/bin/clang -resource-dir=/home/david/.vscode-oss/extensions/kylinideteam.kylin-clangd-0.4.0-linux-x64/res/clangd/lib/clang/21 -- /home/david/Documentos/prueba_OS/RepasoExamen/311.c
I[11:06:57.161] --> textDocument/clangd.fileStatus
I[11:06:57.165] --> textDocument/publishDiagnostics
I[11:06:57.165] --> textDocument/inactiveRegions
I[11:06:57.165] --> reply:textDocument/inlayHint(226) 5 ms
I[11:06:57.165] --> textDocument/clangd.fileStatus
I[11:06:57.335] <-- textDocument/foldingRange(227)
I[11:06:57.336] --> reply:textDocument/foldingRange(227) 0 ms
I[11:06:57.485] <-- textDocument/documentSymbol(228)
I[11:06:57.485] <-- textDocument/documentSymbol(229)
I[11:06:57.485] --> reply:textDocument/documentSymbol(228) 0 ms
I[11:06:57.485] --> reply:textDocument/documentSymbol(229) 0 ms
I[11:06:57.485] --> textDocument/clangd.fileStatus
I[11:06:57.935] <-- textDocument/inlayHint(230)
I[11:06:57.936] --> reply:textDocument/inlayHint(230) 0 ms
I[11:06:57.936] --> textDocument/clangd.fileStatus
I[11:06:57.973] <-- textDocument/didChange
I[11:06:57.973] --> textDocument/clangd.fileStatus
I[11:06:57.999] <-- textDocument/inlayHint(231)
I[11:06:57.999] Failed to find compilation database for /home/david/Documentos/prueba_OS/RepasoExamen/311.c
I[11:06:57.999] ASTWorker building file /home/david/Documentos/prueba_OS/RepasoExamen/311.c version 37 with command clangd fallback
[/home/david/Documentos/prueba_OS/RepasoExamen]
/usr/bin/clang -resource-dir=/home/david/.vscode-oss/extensions/kylinideteam.kylin-clangd-0.4.0-linux-x64/res/clangd/lib/clang/21 -- /home/david/Documentos/prueba_OS/RepasoExamen/311.c
I[11:06:58.000] --> textDocument/clangd.fileStatus
I[11:06:58.003] --> textDocument/publishDiagnostics
I[11:06:58.003] --> textDocument/inactiveRegions
I[11:06:58.003] --> reply:textDocument/inlayHint(231) 4 ms
I[11:06:58.003] --> textDocument/clangd.fileStatus
I[11:06:58.174] <-- textDocument/foldingRange(232)
I[11:06:58.174] --> reply:textDocument/foldingRange(232) 0 ms
I[11:06:58.224] <-- textDocument/codeAction(233)
I[11:06:58.224] --> reply:textDocument/codeAction(233) 0 ms
I[11:06:58.224] --> textDocument/clangd.fileStatus
I[11:06:58.324] <-- textDocument/documentSymbol(234)
I[11:06:58.324] <-- textDocument/documentSymbol(235)
I[11:06:58.324] --> reply:textDocument/documentSymbol(234) 0 ms
I[11:06:58.324] --> reply:textDocument/documentSymbol(235) 0 ms
I[11:06:58.324] --> textDocument/clangd.fileStatus
I[11:06:58.574] <-- textDocument/didSave
I[11:06:58.574] File version went from 1 to 1
I[11:06:58.574] File version went from 1 to 1
I[11:06:58.574] File version went from 37 to 37
I[11:06:58.574] --> textDocument/clangd.fileStatus
I[11:06:58.574] --> textDocument/clangd.fileStatus
I[11:06:58.574] --> textDocument/clangd.fileStatus
I[11:06:58.624] Failed to find compilation database for /home/david/Documentos/prueba_OS/RepasoExamen/mistat.c
I[11:06:58.624] ASTWorker building file /home/david/Documentos/prueba_OS/RepasoExamen/mistat.c version 1 with command clangd fallback
[/home/david/Documentos/prueba_OS/RepasoExamen]
/usr/bin/clang -resource-dir=/home/david/.vscode-oss/extensions/kylinideteam.kylin-clangd-0.4.0-linux-x64/res/clangd/lib/clang/21 -- /home/david/Documentos/prueba_OS/RepasoExamen/mistat.c
I[11:06:58.624] Failed to find compilation database for /home/david/Documentos/prueba_OS/RepasoExamen/311.c
I[11:06:58.624] ASTWorker building file /home/david/Documentos/prueba_OS/RepasoExamen/311.c version 37 with command clangd fallback
[/home/david/Documentos/prueba_OS/RepasoExamen]
/usr/bin/clang -resource-dir=/home/david/.vscode-oss/extensions/kylinideteam.kylin-clangd-0.4.0-linux-x64/res/clangd/lib/clang/21 -- /home/david/Documentos/prueba_OS/RepasoExamen/311.c
I[11:06:58.624] Failed to find compilation database for /home/david/Documentos/prueba_OS/RepasoExamen/39.c
I[11:06:58.624] ASTWorker building file /home/david/Documentos/prueba_OS/RepasoExamen/39.c version 1 with command clangd fallback
[/home/david/Documentos/prueba_OS/RepasoExamen]
/usr/bin/clang -resource-dir=/home/david/.vscode-oss/extensions/kylinideteam.kylin-clangd-0.4.0-linux-x64/res/clangd/lib/clang/21 -- /home/david/Documentos/prueba_OS/RepasoExamen/39.c
I[11:06:58.624] --> textDocument/clangd.fileStatus
I[11:06:58.624] --> textDocument/clangd.fileStatus
I[11:06:58.624] --> textDocument/clangd.fileStatus
I[11:06:58.624] --> textDocument/clangd.fileStatus
I[11:06:58.625] --> textDocument/clangd.fileStatus
I[11:06:58.625] --> textDocument/clangd.fileStatus
I[11:06:58.625] --> textDocument/clangd.fileStatus
I[11:06:58.625] --> textDocument/clangd.fileStatus
I[11:06:58.625] --> textDocument/clangd.fileStatus
I[11:06:58.625] --> textDocument/clangd.fileStatus
I[11:06:58.625] --> textDocument/clangd.fileStatus
I[11:06:58.625] --> textDocument/clangd.fileStatus
I[11:06:58.774] <-- textDocument/inlayHint(236)
I[11:06:58.774] --> reply:textDocument/inlayHint(236) 0 ms
I[11:06:58.775] --> textDocument/clangd.fileStatus
I[11:06:58.974] <-- textDocument/documentLink(237)
I[11:06:58.974] --> reply:textDocument/documentLink(237) 0 ms
I[11:06:58.974] --> textDocument/clangd.fileStatus
I[11:07:00.760] <-- textDocument/hover(238)
I[11:07:00.760] --> reply:textDocument/hover(238) 0 ms
I[11:07:00.760] --> textDocument/clangd.fileStatus
I[11:07:00.873] <-- textDocument/documentHighlight(239)
I[11:07:00.873] --> reply:textDocument/documentHighlight(239) 0 ms
I[11:07:00.873] --> textDocument/clangd.fileStatus
I[11:07:01.072] <-- textDocument/codeAction(240)
I[11:07:01.072] --> reply:textDocument/codeAction(240) 0 ms
I[11:07:01.073] --> textDocument/clangd.fileStatus
I[11:07:01.477] <-- textDocument/didChange
I[11:07:01.477] --> textDocument/clangd.fileStatus
I[11:07:01.504] <-- textDocument/inlayHint(241)
I[11:07:01.504] Failed to find compilation database for /home/david/Documentos/prueba_OS/RepasoExamen/311.c
I[11:07:01.505] ASTWorker building file /home/david/Documentos/prueba_OS/RepasoExamen/311.c version 38 with command clangd fallback
[/home/david/Documentos/prueba_OS/RepasoExamen]
/usr/bin/clang -resource-dir=/home/david/.vscode-oss/extensions/kylinideteam.kylin-clangd-0.4.0-linux-x64/res/clangd/lib/clang/21 -- /home/david/Documentos/prueba_OS/RepasoExamen/311.c
I[11:07:01.505] --> textDocument/clangd.fileStatus
I[11:07:01.508] --> textDocument/publishDiagnostics
I[11:07:01.508] --> textDocument/inactiveRegions
I[11:07:01.508] --> reply:textDocument/inlayHint(241) 4 ms
I[11:07:01.508] --> textDocument/clangd.fileStatus
I[11:07:01.679] <-- textDocument/foldingRange(242)
I[11:07:01.679] --> reply:textDocument/foldingRange(242) 0 ms
I[11:07:01.729] <-- textDocument/codeAction(243)
I[11:07:01.729] --> reply:textDocument/codeAction(243) 0 ms
I[11:07:01.729] --> textDocument/clangd.fileStatus
I[11:07:01.829] <-- textDocument/documentSymbol(244)
I[11:07:01.829] <-- textDocument/documentSymbol(245)
I[11:07:01.829] --> reply:textDocument/documentSymbol(244) 0 ms
I[11:07:01.829] --> reply:textDocument/documentSymbol(245) 0 ms
I[11:07:01.829] --> textDocument/clangd.fileStatus
I[11:07:02.279] <-- textDocument/inlayHint(246)
I[11:07:02.279] --> reply:textDocument/inlayHint(246) 0 ms
I[11:07:02.279] --> textDocument/clangd.fileStatus
I[11:07:02.479] <-- textDocument/documentLink(247)
I[11:07:02.479] --> reply:textDocument/documentLink(247) 0 ms
I[11:07:02.479] --> textDocument/clangd.fileStatus
