2025-12-28 09:38:38.524 [info] Revived process, old id 49719b1249e86430ea5721b45d0cad83-1 -> new id 1
2025-12-28 09:38:38.682 [info] Expanding terminal instance, old id 49719b1249e86430ea5721b45d0cad83-1 -> new id 1
2025-12-28 09:38:39.260 [warning] Persistent process "1": Process had no disconnect runners but was an orphan
2025-12-28 09:38:39.260 [info] Persistent process reconnection "1"
2025-12-28 09:38:39.762 [info] Persistent process "1": Replaying 3626 chars and 1 size events
2025-12-28 11:03:44.368 [info] Expanding terminal instance, old id 49719b1249e86430ea5721b45d0cad83-1 -> new id undefined
2025-12-28 11:03:48.589 [warning] Persistent process "1": Process had no disconnect runners but was an orphan
2025-12-28 11:03:48.589 [info] Persistent process reconnection "1"
2025-12-28 11:03:48.597 [info] Persistent process "1": Replaying 3293 chars and 1 size events
2025-12-28 11:04:16.449 [info] Expanding terminal instance, old id 49719b1249e86430ea5721b45d0cad83-1 -> new id undefined
2025-12-28 11:04:17.185 [warning] Persistent process "1": Process had no disconnect runners but was an orphan
2025-12-28 11:04:17.185 [info] Persistent process reconnection "1"
2025-12-28 11:04:17.214 [info] Persistent process "1": Replaying 3373 chars and 1 size events
2025-12-28 11:04:26.697 [info] Expanding terminal instance, old id 49719b1249e86430ea5721b45d0cad83-1 -> new id undefined
2025-12-28 11:04:27.451 [warning] Persistent process "1": Process had no disconnect runners but was an orphan
2025-12-28 11:04:27.451 [info] Persistent process reconnection "1"
2025-12-28 11:04:27.490 [info] Persistent process "1": Replaying 3373 chars and 1 size events
2025-12-28 11:07:36.513 [info] Expanding terminal instance, old id 49719b1249e86430ea5721b45d0cad83-1 -> new id undefined
2025-12-28 11:07:37.481 [warning] Persistent process "1": Process had no disconnect runners but was an orphan
2025-12-28 11:07:37.481 [info] Persistent process reconnection "1"
2025-12-28 11:07:37.512 [info] Persistent process "1": Replaying 173 chars and 1 size events
